Archive member included to satisfy reference by file (symbol)

d:/programmer/atmel studio/7.0/toolchain/avr8/avr8-gnu-toolchain/bin/../lib/gcc/avr/5.4.0/../../../../avr/lib/avr5\libm.a(addsf3.o)
                              INA233.o (__subsf3)
d:/programmer/atmel studio/7.0/toolchain/avr8/avr8-gnu-toolchain/bin/../lib/gcc/avr/5.4.0/../../../../avr/lib/avr5\libm.a(addsf3x.o)
                              d:/programmer/atmel studio/7.0/toolchain/avr8/avr8-gnu-toolchain/bin/../lib/gcc/avr/5.4.0/../../../../avr/lib/avr5\libm.a(addsf3.o) (__addsf3x)
d:/programmer/atmel studio/7.0/toolchain/avr8/avr8-gnu-toolchain/bin/../lib/gcc/avr/5.4.0/../../../../avr/lib/avr5\libm.a(divsf3.o)
                              INA233.o (__divsf3)
d:/programmer/atmel studio/7.0/toolchain/avr8/avr8-gnu-toolchain/bin/../lib/gcc/avr/5.4.0/../../../../avr/lib/avr5\libm.a(divsf3x.o)
                              d:/programmer/atmel studio/7.0/toolchain/avr8/avr8-gnu-toolchain/bin/../lib/gcc/avr/5.4.0/../../../../avr/lib/avr5\libm.a(divsf3.o) (__divsf3x)
d:/programmer/atmel studio/7.0/toolchain/avr8/avr8-gnu-toolchain/bin/../lib/gcc/avr/5.4.0/../../../../avr/lib/avr5\libm.a(fixsfsi.o)
                              INA233.o (__fixsfsi)
d:/programmer/atmel studio/7.0/toolchain/avr8/avr8-gnu-toolchain/bin/../lib/gcc/avr/5.4.0/../../../../avr/lib/avr5\libm.a(fixunssfsi.o)
                              d:/programmer/atmel studio/7.0/toolchain/avr8/avr8-gnu-toolchain/bin/../lib/gcc/avr/5.4.0/../../../../avr/lib/avr5\libm.a(fixsfsi.o) (__fixunssfsi)
d:/programmer/atmel studio/7.0/toolchain/avr8/avr8-gnu-toolchain/bin/../lib/gcc/avr/5.4.0/../../../../avr/lib/avr5\libm.a(floatsisf.o)
                              INA233.o (__floatunsisf)
d:/programmer/atmel studio/7.0/toolchain/avr8/avr8-gnu-toolchain/bin/../lib/gcc/avr/5.4.0/../../../../avr/lib/avr5\libm.a(fp_inf.o)
                              d:/programmer/atmel studio/7.0/toolchain/avr8/avr8-gnu-toolchain/bin/../lib/gcc/avr/5.4.0/../../../../avr/lib/avr5\libm.a(addsf3x.o) (__fp_inf)
d:/programmer/atmel studio/7.0/toolchain/avr8/avr8-gnu-toolchain/bin/../lib/gcc/avr/5.4.0/../../../../avr/lib/avr5\libm.a(fp_nan.o)
                              d:/programmer/atmel studio/7.0/toolchain/avr8/avr8-gnu-toolchain/bin/../lib/gcc/avr/5.4.0/../../../../avr/lib/avr5\libm.a(addsf3x.o) (__fp_nan)
d:/programmer/atmel studio/7.0/toolchain/avr8/avr8-gnu-toolchain/bin/../lib/gcc/avr/5.4.0/../../../../avr/lib/avr5\libm.a(fp_pscA.o)
                              d:/programmer/atmel studio/7.0/toolchain/avr8/avr8-gnu-toolchain/bin/../lib/gcc/avr/5.4.0/../../../../avr/lib/avr5\libm.a(addsf3x.o) (__fp_pscA)
d:/programmer/atmel studio/7.0/toolchain/avr8/avr8-gnu-toolchain/bin/../lib/gcc/avr/5.4.0/../../../../avr/lib/avr5\libm.a(fp_pscB.o)
                              d:/programmer/atmel studio/7.0/toolchain/avr8/avr8-gnu-toolchain/bin/../lib/gcc/avr/5.4.0/../../../../avr/lib/avr5\libm.a(addsf3x.o) (__fp_pscB)
d:/programmer/atmel studio/7.0/toolchain/avr8/avr8-gnu-toolchain/bin/../lib/gcc/avr/5.4.0/../../../../avr/lib/avr5\libm.a(fp_round.o)
                              d:/programmer/atmel studio/7.0/toolchain/avr8/avr8-gnu-toolchain/bin/../lib/gcc/avr/5.4.0/../../../../avr/lib/avr5\libm.a(addsf3.o) (__fp_round)
d:/programmer/atmel studio/7.0/toolchain/avr8/avr8-gnu-toolchain/bin/../lib/gcc/avr/5.4.0/../../../../avr/lib/avr5\libm.a(fp_split3.o)
                              d:/programmer/atmel studio/7.0/toolchain/avr8/avr8-gnu-toolchain/bin/../lib/gcc/avr/5.4.0/../../../../avr/lib/avr5\libm.a(addsf3x.o) (__fp_split3)
d:/programmer/atmel studio/7.0/toolchain/avr8/avr8-gnu-toolchain/bin/../lib/gcc/avr/5.4.0/../../../../avr/lib/avr5\libm.a(fp_zero.o)
                              d:/programmer/atmel studio/7.0/toolchain/avr8/avr8-gnu-toolchain/bin/../lib/gcc/avr/5.4.0/../../../../avr/lib/avr5\libm.a(addsf3x.o) (__fp_zero)
d:/programmer/atmel studio/7.0/toolchain/avr8/avr8-gnu-toolchain/bin/../lib/gcc/avr/5.4.0/../../../../avr/lib/avr5\libm.a(gesf2.o)
                              INA233.o (__gesf2)
d:/programmer/atmel studio/7.0/toolchain/avr8/avr8-gnu-toolchain/bin/../lib/gcc/avr/5.4.0/../../../../avr/lib/avr5\libm.a(mulsf3.o)
                              INA233.o (__mulsf3)
d:/programmer/atmel studio/7.0/toolchain/avr8/avr8-gnu-toolchain/bin/../lib/gcc/avr/5.4.0/../../../../avr/lib/avr5\libm.a(mulsf3x.o)
                              d:/programmer/atmel studio/7.0/toolchain/avr8/avr8-gnu-toolchain/bin/../lib/gcc/avr/5.4.0/../../../../avr/lib/avr5\libm.a(mulsf3.o) (__mulsf3x)
d:/programmer/atmel studio/7.0/toolchain/avr8/avr8-gnu-toolchain/bin/../lib/gcc/avr/5.4.0/../../../../avr/lib/avr5\libm.a(fp_cmp.o)
                              d:/programmer/atmel studio/7.0/toolchain/avr8/avr8-gnu-toolchain/bin/../lib/gcc/avr/5.4.0/../../../../avr/lib/avr5\libm.a(gesf2.o) (__fp_cmp)
D:\Align Racing\GitHub\AR20-21\AR20_PDM\PDM_code\Atmel_studio\PDM_wCANFD\PDM_wCANFD\ArduinoCore\Debug\libArduinoCore.a(HardwareSerial.o)
[...]
Memory Configuration

Name             Origin             Length             Attributes
text             0x00000000         0x00020000         xr
data             0x00800060         0x0000ffa0         rw !x
eeprom           0x00810000         0x00010000         rw !x
fuse             0x00820000         0x00000003         rw !x
lock             0x00830000         0x00000400         rw !x
signature        0x00840000         0x00000400         rw !x
user_signatures  0x00850000         0x00000400         rw !x
*default*        0x00000000         0xffffffff

Linker script and memory map

Address of section .data set to 0x800100
LOAD D:/Programmer/Atmel Studio/7.0/Packs/atmel/ATmega_DFP/1.3.300/gcc/dev/atmega328p/avr5/crtatmega328p.o
LOAD INA233.o
LOAD INA233_errorHandler.o
LOAD Port_expander.o
LOAD Sketch.o
START GROUP
LOAD d:/programmer/atmel studio/7.0/toolchain/avr8/avr8-gnu-toolchain/bin/../lib/gcc/avr/5.4.0/../../../../avr/lib/avr5\libm.a
LOAD D:\Align Racing\GitHub\AR20-21\AR20_PDM\PDM_code\Atmel_studio\PDM_wCANFD\PDM_wCANFD\ArduinoCore\Debug\libArduinoCore.a
END GROUP
LOAD d:/programmer/atmel studio/7.0/toolchain/avr8/avr8-gnu-toolchain/bin/../lib/gcc/avr/5.4.0/avr5\libgcc.a
LOAD d:/programmer/atmel studio/7.0/toolchain/avr8/avr8-gnu-toolchain/bin/../lib/gcc/avr/5.4.0/../../../../avr/lib/avr5\libm.a
START GROUP
LOAD d:/programmer/atmel studio/7.0/toolchain/avr8/avr8-gnu-toolchain/bin/../lib/gcc/avr/5.4.0/avr5\libgcc.a
LOAD d:/programmer/atmel studio/7.0/toolchain/avr8/avr8-gnu-toolchain/bin/../lib/gcc/avr/5.4.0/../../../../avr/lib/avr5\libm.a
LOAD d:/programmer/atmel studio/7.0/toolchain/avr8/avr8-gnu-toolchain/bin/../lib/gcc/avr/5.4.0/../../../../avr/lib/avr5\libc.a
LOAD D:/Programmer/Atmel Studio/7.0/Packs/atmel/ATmega_DFP/1.3.300/gcc/dev/atmega328p/avr5\libatmega328p.a
END GROUP
                0x00000000                __TEXT_REGION_ORIGIN__ = DEFINED (__TEXT_REGION_ORIGIN__)?__TEXT_REGION_ORIGIN__:0x0
                0x00800060                __DATA_REGION_ORIGIN__ = DEFINED (__DATA_REGION_ORIGIN__)?__DATA_REGION_ORIGIN__:0x800060
                0x00020000                __TEXT_REGION_LENGTH__ = DEFINED (__TEXT_REGION_LENGTH__)?__TEXT_REGION_LENGTH__:0x20000
                0x0000ffa0                __DATA_REGION_LENGTH__ = DEFINED (__DATA_REGION_LENGTH__)?__DATA_REGION_LENGTH__:0xffa0
                0x00010000                __EEPROM_REGION_LENGTH__ = DEFINED (__EEPROM_REGION_LENGTH__)?__EEPROM_REGION_LENGTH__:0x10000
                [0x00000003]                __FUSE_REGION_LENGTH__ = DEFINED (__FUSE_REGION_LENGTH__)?__FUSE_REGION_LENGTH__:0x400
                0x00000400                __LOCK_REGION_LENGTH__ = DEFINED (__LOCK_REGION_LENGTH__)?__LOCK_REGION_LENGTH__:0x400
                0x00000400                __SIGNATURE_REGION_LENGTH__ = DEFINED (__SIGNATURE_REGION_LENGTH__)?__SIGNATURE_REGION_LENGTH__:0x400
                0x00000400                __USER_SIGNATURE_REGION_LENGTH__ = DEFINED (__USER_SIGNATURE_REGION_LENGTH__)?__USER_SIGNATURE_REGION_LENGTH__:0x400

.hash
 *(.hash)

.dynsym
 *(.dynsym)

.dynstr
 *(.dynstr)

.gnu.version
 *(.gnu.version)

.gnu.version_d
 *(.gnu.version_d)

.gnu.version_r
 *(.gnu.version_r)

.rel.init
 *(.rel.init)

.rela.init
 *(.rela.init)

.rel.text
 *(.rel.text)
 *(.rel.text.*)
 *(.rel.gnu.linkonce.t*)

.rela.text
 *(.rela.text)
 *(.rela.text.*)
 *(.rela.gnu.linkonce.t*)

.rel.fini
 *(.rel.fini)

.rela.fini
 *(.rela.fini)

.rel.rodata
 *(.rel.rodata)
 *(.rel.rodata.*)
 *(.rel.gnu.linkonce.r*)

.rela.rodata
 *(.rela.rodata)
 *(.rela.rodata.*)
 *(.rela.gnu.linkonce.r*)

.rel.data
 *(.rel.data)
 *(.rel.data.*)
 *(.rel.gnu.linkonce.d*)

.rela.data
 *(.rela.data)
 *(.rela.data.*)
 *(.rela.gnu.linkonce.d*)

.rel.ctors
 *(.rel.ctors)

.rela.ctors
 *(.rela.ctors)

.rel.dtors
 *(.rel.dtors)

.rela.dtors
 *(.rela.dtors)

.rel.got
 *(.rel.got)

.rela.got
 *(.rela.got)

.rel.bss
 *(.rel.bss)

.rela.bss
 *(.rela.bss)

.rel.plt
 *(.rel.plt)

.rela.plt
 *(.rela.plt)

.text           0x00000000     0x4cd0
 *(.vectors)
 .vectors       0x00000000       0x68 D:/Programmer/Atmel Studio/7.0/Packs/atmel/ATmega_DFP/1.3.300/gcc/dev/atmega328p/avr5/crtatmega328p.o
                0x00000000                __vector_default
                0x00000000                __vectors
 *(.vectors)
 *(.progmem.gcc*)
                0x00000068                . = ALIGN (0x2)
                0x00000068                __trampolines_start = .
 *(.trampolines)
 .trampolines   0x00000068        0x0 linker stubs
 *(.trampolines*)
                0x00000068                __trampolines_end = .
 *libprintf_flt.a:*(.progmem.data)
 *libc.a:*(.progmem.data)
 *(.progmem*)
 .progmem.data._ZZN8INA233_S15setCallibrationEjE3__c
                0x00000068       0x10 INA233.o
 .progmem.data._ZZN8INA233_S10resetAlarmEvE3__c
                0x00000078        0xc INA233.o
 .progmem.data._ZZN8INA233_S14setAlarmLimitsE19INA233_Alarm_ConfigE3__c_4
                0x00000084       0x19 INA233.o
 .progmem.data._ZZN8INA233_S14setAlarmLimitsE19INA233_Alarm_ConfigE3__c_3
                0x0000009d       0x10 INA233.o
 .progmem.data._ZZN8INA233_S14setAlarmLimitsE19INA233_Alarm_ConfigE3__c_2
                0x000000ad       0x19 INA233.o
 .progmem.data._ZZN8INA233_S14setAlarmLimitsE19INA233_Alarm_ConfigE3__c_1
                0x000000c6       0x10 INA233.o
 .progmem.data._ZZN8INA233_S14setAlarmLimitsE19INA233_Alarm_ConfigE3__c_0
                0x000000d6       0x19 INA233.o
 .progmem.data._ZZN8INA233_S14setAlarmLimitsE19INA233_Alarm_ConfigE3__c
                0x000000ef       0x10 INA233.o
 .progmem.data.digital_pin_to_timer_PGM
                0x000000ff       0x14 D:\Align Racing\GitHub\AR20-21\AR20_PDM\PDM_code\Atmel_studio\PDM_wCANFD\PDM_wCANFD\ArduinoCore\Debug\libArduinoCore.a(wiring_digital.o)
                0x000000ff                digital_pin_to_timer_PGM
 .progmem.data.digital_pin_to_bit_mask_PGM
                0x00000113       0x14 D:\Align Racing\GitHub\AR20-21\AR20_PDM\PDM_code\Atmel_studio\PDM_wCANFD\PDM_wCANFD\ArduinoCore\Debug\libArduinoCore.a(wiring_digital.o)
                0x00000113                digital_pin_to_bit_mask_PGM
 .progmem.data.digital_pin_to_port_PGM
                0x00000127       0x14 D:\Align Racing\GitHub\AR20-21\AR20_PDM\PDM_code\Atmel_studio\PDM_wCANFD\PDM_wCANFD\ArduinoCore\Debug\libArduinoCore.a(wiring_digital.o)
                0x00000127                digital_pin_to_port_PGM
 .progmem.data.port_to_output_PGM
                0x0000013b        0xa D:\Align Racing\GitHub\AR20-21\AR20_PDM\PDM_code\Atmel_studio\PDM_wCANFD\PDM_wCANFD\ArduinoCore\Debug\libArduinoCore.a(wiring_digital.o)
                0x0000013b                port_to_output_PGM
 .progmem.data.port_to_mode_PGM
                0x00000145        0xa D:\Align Racing\GitHub\AR20-21\AR20_PDM\PDM_code\Atmel_studio\PDM_wCANFD\PDM_wCANFD\ArduinoCore\Debug\libArduinoCore.a(wiring_digital.o)
                0x00000145                port_to_mode_PGM
                0x00000150                . = ALIGN (0x2)
 *fill*         0x0000014f        0x1 
 *(.jumptables)
 *(.jumptables*)
 *(.lowtext)
 *(.lowtext*)
                0x00000150                __ctors_start = .
 *(.ctors)
 .ctors         0x00000150        0x2 Sketch.o
 .ctors         0x00000152        0x2 D:\Align Racing\GitHub\AR20-21\AR20_PDM\PDM_code\Atmel_studio\PDM_wCANFD\PDM_wCANFD\ArduinoCore\Debug\libArduinoCore.a(HardwareSerial0.o)
 .ctors         0x00000154        0x2 D:\Align Racing\GitHub\AR20-21\AR20_PDM\PDM_code\Atmel_studio\PDM_wCANFD\PDM_wCANFD\ArduinoCore\Debug\libArduinoCore.a(Wire.o)
                0x00000156                __ctors_end = .
                0x00000156                __dtors_start = .
 *(.dtors)
 .dtors         0x00000156        0x2 Sketch.o
                0x00000158                __dtors_end = .
 SORT(*)(.ctors)
 SORT(*)(.dtors)
 *(.init0)
 .init0         0x00000158        0x0 D:/Programmer/Atmel Studio/7.0/Packs/atmel/ATmega_DFP/1.3.300/gcc/dev/atmega328p/avr5/crtatmega328p.o
                0x00000158                __init
 *(.init0)
 *(.init1)
 *(.init1)
 *(.init2)
 .init2         0x00000158        0xc D:/Programmer/Atmel Studio/7.0/Packs/atmel/ATmega_DFP/1.3.300/gcc/dev/atmega328p/avr5/crtatmega328p.o
 *(.init2)
 *(.init3)
 *(.init3)
 *(.init4)
 .init4         0x00000164       0x16 d:/programmer/atmel studio/7.0/toolchain/avr8/avr8-gnu-toolchain/bin/../lib/gcc/avr/5.4.0/avr5\libgcc.a(_copy_data.o)
                0x00000164                __do_copy_data
 .init4         0x0000017a       0x10 d:/programmer/atmel studio/7.0/toolchain/avr8/avr8-gnu-toolchain/bin/../lib/gcc/avr/5.4.0/avr5\libgcc.a(_clear_bss.o)
                0x0000017a                __do_clear_bss
 *(.init4)
 *(.init5)
 *(.init5)
 *(.init6)
 .init6         0x0000018a       0x16 d:/programmer/atmel studio/7.0/toolchain/avr8/avr8-gnu-toolchain/bin/../lib/gcc/avr/5.4.0/avr5\libgcc.a(_ctors.o)
                0x0000018a                __do_global_ctors
 *(.init6)
 *(.init7)
 *(.init7)
 *(.init8)
 *(.init8)
 *(.init9)
 .init9         0x000001a0        0x8 D:/Programmer/Atmel Studio/7.0/Packs/atmel/ATmega_DFP/1.3.300/gcc/dev/atmega328p/avr5/crtatmega328p.o
 *(.init9)
 *(.text)
 .text          0x000001a8        0x4 D:/Programmer/Atmel Studio/7.0/Packs/atmel/ATmega_DFP/1.3.300/gcc/dev/atmega328p/avr5/crtatmega328p.o
                0x000001a8                __vector_22
                0x000001a8                __vector_12
                0x000001a8                __bad_interrupt
                0x000001a8                __vector_6
                0x000001a8                __vector_3
                0x000001a8                __vector_23
                0x000001a8                __vector_25
                0x000001a8                __vector_11
                0x000001a8                __vector_13
                0x000001a8                __vector_17
                0x000001a8                __vector_7
                0x000001a8                __vector_5
                0x000001a8                __vector_4
                0x000001a8                __vector_9
                0x000001a8                __vector_21
                0x000001a8                __vector_15
                0x000001a8                __vector_8
                0x000001a8                __vector_14
                0x000001a8                __vector_10
                0x000001a8                __vector_20
                0x000001ac                . = ALIGN (0x2)
 *(.text.*)
 .text._ZN8INA233_SC2Ehjj19INA233_Alarm_Config
                0x000001ac       0x60 INA233.o
                0x000001ac                _ZN8INA233_SC1Ehjj19INA233_Alarm_Config
                0x000001ac                _ZN8INA233_SC2Ehjj19INA233_Alarm_Config
 .text._ZN8INA233_S15transmitCommandEh
                0x0000020c       0x24 INA233.o
                0x0000020c                _ZN8INA233_S15transmitCommandEh
 .text._ZN8INA233_S10resetAlarmEv
                0x00000230       0x1e INA233.o
                0x00000230                _ZN8INA233_S10resetAlarmEv
 .text._ZN8INA233_S9resetChipEv
                0x0000024e       0x1e INA233.o
                0x0000024e                _ZN8INA233_S9resetChipEv
 .text._ZN8INA233_S12transmitDataEP19INA233_Data_Packageh
                0x0000026c       0x76 INA233.o
                0x0000026c                _ZN8INA233_S12transmitDataEP19INA233_Data_Packageh
 .text._ZN8INA233_S12receiveData_Ehh
                0x000002e2       0x84 INA233.o
                0x000002e2                _ZN8INA233_S12receiveData_Ehh
 .text._ZN8INA233_S13readbackCheckEP19INA233_Data_Packageh
                0x00000366       0x84 INA233.o
                0x00000366                _ZN8INA233_S13readbackCheckEP19INA233_Data_Packageh
 .text._ZN8INA233_S15setADC_SettingsEj
                0x000003ea       0x6a INA233.o
                0x000003ea                _ZN8INA233_S15setADC_SettingsEj
 .text._ZN8INA233_S15setCallibrationEj
                0x00000454       0x80 INA233.o
                0x00000454                _ZN8INA233_S15setCallibrationEj
 .text._ZN8INA233_S14setAlarmLimitsE19INA233_Alarm_Config
                0x000004d4      0x2ce INA233.o
                0x000004d4                _ZN8INA233_S14setAlarmLimitsE19INA233_Alarm_Config
 .text._ZN8INA233_S10initializeEv
                0x000007a2       0x60 INA233.o
                0x000007a2                _ZN8INA233_S10initializeEv
 .text._ZN8INA233_S10getCurrentEv
                0x00000802       0xa6 INA233.o
                0x00000802                _ZN8INA233_S10getCurrentEv
 .text._ZN8INA233_S17testCommunicationEv
                0x000008a8       0xcc INA233.o
                0x000008a8                _ZN8INA233_S17testCommunicationEv
 .text._ZZ5setupENUlvE_4_FUNEv
                0x00000974        0x8 Sketch.o
 .text._ZN12CANFDMessageC2Ev
                0x0000097c       0x26 Sketch.o
                0x0000097c                _ZN12CANFDMessageC2Ev
                0x0000097c                _ZN12CANFDMessageC1Ev
 .text.setup    0x000009a2      0x1b4 Sketch.o
                0x000009a2                setup
 .text._Z29check_INA233_miscommunicationv
                0x00000b56       0x7e Sketch.o
                0x00000b56                _Z29check_INA233_miscommunicationv
 .text.loop     0x00000bd4       0x6e Sketch.o
                0x00000bd4                loop
 .text.startup._GLOBAL__sub_I_can
                0x00000c42      0x236 Sketch.o
 .text.exit._GLOBAL__sub_D_can
                0x00000e78       0x22 Sketch.o
 .text.avr-libc.fplib
                0x00000e9a        0xe d:/programmer/atmel studio/7.0/toolchain/avr8/avr8-gnu-toolchain/bin/../lib/gcc/avr/5.4.0/../../../../avr/lib/avr5\libm.a(addsf3.o)
                0x00000e9a                __subsf3
                0x00000e9c                __addsf3
 .text.avr-libc.fplib
                0x00000ea8       0xcc d:/programmer/atmel studio/7.0/toolchain/avr8/avr8-gnu-toolchain/bin/../lib/gcc/avr/5.4.0/../../../../avr/lib/avr5\libm.a(addsf3x.o)
                0x00000eca                __addsf3x
 .text.avr-libc.fplib
                0x00000f74        0x8 d:/programmer/atmel studio/7.0/toolchain/avr8/avr8-gnu-toolchain/bin/../lib/gcc/avr/5.4.0/../../../../avr/lib/avr5\libm.a(divsf3.o)
                0x00000f74                __divsf3
 .text.avr-libc.fplib
                0x00000f7c       0xdc d:/programmer/atmel studio/7.0/toolchain/avr8/avr8-gnu-toolchain/bin/../lib/gcc/avr/5.4.0/../../../../avr/lib/avr5\libm.a(divsf3x.o)
                0x00000f9c                __divsf3x
                0x00000fa2                __divsf3_pse
 .text.avr-libc.fplib
                0x00001058        0xe d:/programmer/atmel studio/7.0/toolchain/avr8/avr8-gnu-toolchain/bin/../lib/gcc/avr/5.4.0/../../../../avr/lib/avr5\libm.a(fixsfsi.o)
                0x00001058                __fixsfsi
 .text.avr-libc.fplib
                0x00001066       0x5e d:/programmer/atmel studio/7.0/toolchain/avr8/avr8-gnu-toolchain/bin/../lib/gcc/avr/5.4.0/../../../../avr/lib/avr5\libm.a(fixunssfsi.o)
                0x00001066                __fixunssfsi
 .text.avr-libc.fplib
                0x000010c4       0x7a d:/programmer/atmel studio/7.0/toolchain/avr8/avr8-gnu-toolchain/bin/../lib/gcc/avr/5.4.0/../../../../avr/lib/avr5\libm.a(floatsisf.o)
                0x000010c4                __floatunsisf
                0x000010c8                __floatsisf
 .text.avr-libc.fplib
                0x0000113e        0xc d:/programmer/atmel studio/7.0/toolchain/avr8/avr8-gnu-toolchain/bin/../lib/gcc/avr/5.4.0/../../../../avr/lib/avr5\libm.a(fp_inf.o)
                0x0000113e                __fp_inf
 .text.avr-libc.fplib
                0x0000114a        0x6 d:/programmer/atmel studio/7.0/toolchain/avr8/avr8-gnu-toolchain/bin/../lib/gcc/avr/5.4.0/../../../../avr/lib/avr5\libm.a(fp_nan.o)
                0x0000114a                __fp_nan
 .text.avr-libc.fplib
                0x00001150        0xe d:/programmer/atmel studio/7.0/toolchain/avr8/avr8-gnu-toolchain/bin/../lib/gcc/avr/5.4.0/../../../../avr/lib/avr5\libm.a(fp_pscA.o)
                0x00001150                __fp_pscA
 .text.avr-libc.fplib
                0x0000115e        0xe d:/programmer/atmel studio/7.0/toolchain/avr8/avr8-gnu-toolchain/bin/../lib/gcc/avr/5.4.0/../../../../avr/lib/avr5\libm.a(fp_pscB.o)
                0x0000115e                __fp_pscB
 .text.avr-libc.fplib
                0x0000116c       0x22 d:/programmer/atmel studio/7.0/toolchain/avr8/avr8-gnu-toolchain/bin/../lib/gcc/avr/5.4.0/../../../../avr/lib/avr5\libm.a(fp_round.o)
                0x0000116c                __fp_round
 .text.avr-libc.fplib
                0x0000118e       0x44 d:/programmer/atmel studio/7.0/toolchain/avr8/avr8-gnu-toolchain/bin/../lib/gcc/avr/5.4.0/../../../../avr/lib/avr5\libm.a(fp_split3.o)
                0x0000118e                __fp_split3
                0x0000119e                __fp_splitA
 .text.avr-libc.fplib
                0x000011d2        0xe d:/programmer/atmel studio/7.0/toolchain/avr8/avr8-gnu-toolchain/bin/../lib/gcc/avr/5.4.0/../../../../avr/lib/avr5\libm.a(fp_zero.o)
                0x000011d2                __fp_zero
                0x000011d4                __fp_szero
 .text.avr-libc.fplib
                0x000011e0        0xa d:/programmer/atmel studio/7.0/toolchain/avr8/avr8-gnu-toolchain/bin/../lib/gcc/avr/5.4.0/../../../../avr/lib/avr5\libm.a(gesf2.o)
                0x000011e0                __gesf2
                0x000011e0                __gtsf2
 .text.avr-libc.fplib
                0x000011ea        0x8 d:/programmer/atmel studio/7.0/toolchain/avr8/avr8-gnu-toolchain/bin/../lib/gcc/avr/5.4.0/../../../../avr/lib/avr5\libm.a(mulsf3.o)
                0x000011ea                __mulsf3
 .text.avr-libc.fplib
                0x000011f2       0xd2 d:/programmer/atmel studio/7.0/toolchain/avr8/avr8-gnu-toolchain/bin/../lib/gcc/avr/5.4.0/../../../../avr/lib/avr5\libm.a(mulsf3x.o)
                0x00001210                __mulsf3x
                0x00001216                __mulsf3_pse
 .text.avr-libc.fplib
                0x000012c4       0x48 d:/programmer/atmel studio/7.0/toolchain/avr8/avr8-gnu-toolchain/bin/../lib/gcc/avr/5.4.0/../../../../avr/lib/avr5\libm.a(fp_cmp.o)
                0x000012c4                __fp_cmp
 .text._ZN14HardwareSerial9availableEv
                0x0000130c       0x18 D:\Align Racing\GitHub\AR20-21\AR20_PDM\PDM_code\Atmel_studio\PDM_wCANFD\PDM_wCANFD\ArduinoCore\Debug\libArduinoCore.a(HardwareSerial.o)
                0x0000130c                _ZN14HardwareSerial9availableEv
 .text._ZN14HardwareSerial4peekEv
                0x00001324       0x1c D:\Align Racing\GitHub\AR20-21\AR20_PDM\PDM_code\Atmel_studio\PDM_wCANFD\PDM_wCANFD\ArduinoCore\Debug\libArduinoCore.a(HardwareSerial.o)
                0x00001324                _ZN14HardwareSerial4peekEv
 .text._ZN14HardwareSerial4readEv
                0x00001340       0x28 D:\Align Racing\GitHub\AR20-21\AR20_PDM\PDM_code\Atmel_studio\PDM_wCANFD\PDM_wCANFD\ArduinoCore\Debug\libArduinoCore.a(HardwareSerial.o)
                0x00001340                _ZN14HardwareSerial4readEv
 .text._ZN14HardwareSerial17availableForWriteEv
                0x00001368       0x1e D:\Align Racing\GitHub\AR20-21\AR20_PDM\PDM_code\Atmel_studio\PDM_wCANFD\PDM_wCANFD\ArduinoCore\Debug\libArduinoCore.a(HardwareSerial.o)
                0x00001368                _ZN14HardwareSerial17availableForWriteEv
 .text._Z14serialEventRunv
                0x00001386       0x1c D:\Align Racing\GitHub\AR20-21\AR20_PDM\PDM_code\Atmel_studio\PDM_wCANFD\PDM_wCANFD\ArduinoCore\Debug\libArduinoCore.a(HardwareSerial.o)
                0x00001386                _Z14serialEventRunv
 .text._ZN14HardwareSerial17_tx_udr_empty_irqEv
                0x000013a2       0x44 D:\Align Racing\GitHub\AR20-21\AR20_PDM\PDM_code\Atmel_studio\PDM_wCANFD\PDM_wCANFD\ArduinoCore\Debug\libArduinoCore.a(HardwareSerial.o)
                0x000013a2                _ZN14HardwareSerial17_tx_udr_empty_irqEv
 .text._ZN14HardwareSerial5writeEh
                0x000013e6       0x9a D:\Align Racing\GitHub\AR20-21\AR20_PDM\PDM_code\Atmel_studio\PDM_wCANFD\PDM_wCANFD\ArduinoCore\Debug\libArduinoCore.a(HardwareSerial.o)
                0x000013e6                _ZN14HardwareSerial5writeEh
 .text._ZN14HardwareSerial5flushEv
                0x00001480       0x44 D:\Align Racing\GitHub\AR20-21\AR20_PDM\PDM_code\Atmel_studio\PDM_wCANFD\PDM_wCANFD\ArduinoCore\Debug\libArduinoCore.a(HardwareSerial.o)
                0x00001480                _ZN14HardwareSerial5flushEv
 .text._ZN14HardwareSerial5beginEmh
                0x000014c4       0xca D:\Align Racing\GitHub\AR20-21\AR20_PDM\PDM_code\Atmel_studio\PDM_wCANFD\PDM_wCANFD\ArduinoCore\Debug\libArduinoCore.a(HardwareSerial.o)
                0x000014c4                _ZN14HardwareSerial5beginEmh
 .text._ZN5Print17availableForWriteEv
                0x0000158e        0x6 D:\Align Racing\GitHub\AR20-21\AR20_PDM\PDM_code\Atmel_studio\PDM_wCANFD\PDM_wCANFD\ArduinoCore\Debug\libArduinoCore.a(HardwareSerial0.o)
                0x0000158e                _ZN5Print17availableForWriteEv
 .text.__vector_18
                0x00001594       0x64 D:\Align Racing\GitHub\AR20-21\AR20_PDM\PDM_code\Atmel_studio\PDM_wCANFD\PDM_wCANFD\ArduinoCore\Debug\libArduinoCore.a(HardwareSerial0.o)
                0x00001594                __vector_18
 .text.__vector_19
                0x000015f8       0x4c D:\Align Racing\GitHub\AR20-21\AR20_PDM\PDM_code\Atmel_studio\PDM_wCANFD\PDM_wCANFD\ArduinoCore\Debug\libArduinoCore.a(HardwareSerial0.o)
                0x000015f8                __vector_19
 .text._Z17Serial0_availablev
                0x00001644       0x14 D:\Align Racing\GitHub\AR20-21\AR20_PDM\PDM_code\Atmel_studio\PDM_wCANFD\PDM_wCANFD\ArduinoCore\Debug\libArduinoCore.a(HardwareSerial0.o)
                0x00001644                _Z17Serial0_availablev
 .text.startup._GLOBAL__sub_I___vector_18
                0x00001658       0x5a D:\Align Racing\GitHub\AR20-21\AR20_PDM\PDM_code\Atmel_studio\PDM_wCANFD\PDM_wCANFD\ArduinoCore\Debug\libArduinoCore.a(HardwareSerial0.o)
 .text.initVariant
                0x000016b2        0x2 D:\Align Racing\GitHub\AR20-21\AR20_PDM\PDM_code\Atmel_studio\PDM_wCANFD\PDM_wCANFD\ArduinoCore\Debug\libArduinoCore.a(main.o)
                0x000016b2                initVariant
 .text.startup.main
                0x000016b4       0x1e D:\Align Racing\GitHub\AR20-21\AR20_PDM\PDM_code\Atmel_studio\PDM_wCANFD\PDM_wCANFD\ArduinoCore\Debug\libArduinoCore.a(main.o)
                0x000016b4                main
 .text._Znwj    0x000016d2        0x4 D:\Align Racing\GitHub\AR20-21\AR20_PDM\PDM_code\Atmel_studio\PDM_wCANFD\PDM_wCANFD\ArduinoCore\Debug\libArduinoCore.a(new.o)
                0x000016d2                _Znwj
 .text._Znaj    0x000016d6        0x4 D:\Align Racing\GitHub\AR20-21\AR20_PDM\PDM_code\Atmel_studio\PDM_wCANFD\PDM_wCANFD\ArduinoCore\Debug\libArduinoCore.a(new.o)
                0x000016d6                _Znaj
 .text._ZdlPv   0x000016da        0x4 D:\Align Racing\GitHub\AR20-21\AR20_PDM\PDM_code\Atmel_studio\PDM_wCANFD\PDM_wCANFD\ArduinoCore\Debug\libArduinoCore.a(new.o)
                0x000016da                _ZdlPv
 .text._ZdaPv   0x000016de        0x4 D:\Align Racing\GitHub\AR20-21\AR20_PDM\PDM_code\Atmel_studio\PDM_wCANFD\PDM_wCANFD\ArduinoCore\Debug\libArduinoCore.a(new.o)
                0x000016de                _ZdaPv
 .text._ZN5Print5writeEPKhj
                0x000016e2       0x54 D:\Align Racing\GitHub\AR20-21\AR20_PDM\PDM_code\Atmel_studio\PDM_wCANFD\PDM_wCANFD\ArduinoCore\Debug\libArduinoCore.a(Print.o)
                0x000016e2                _ZN5Print5writeEPKhj
 .text._ZN5Print5writeEPKc
                0x00001736       0x2a D:\Align Racing\GitHub\AR20-21\AR20_PDM\PDM_code\Atmel_studio\PDM_wCANFD\PDM_wCANFD\ArduinoCore\Debug\libArduinoCore.a(Print.o)
                0x00001736                _ZN5Print5writeEPKc
 .text._ZN5Print5printEPK19__FlashStringHelper
                0x00001760       0x48 D:\Align Racing\GitHub\AR20-21\AR20_PDM\PDM_code\Atmel_studio\PDM_wCANFD\PDM_wCANFD\ArduinoCore\Debug\libArduinoCore.a(Print.o)
                0x00001760                _ZN5Print5printEPK19__FlashStringHelper
 .text._ZN5Print5printEPKc
                0x000017a8        0x4 D:\Align Racing\GitHub\AR20-21\AR20_PDM\PDM_code\Atmel_studio\PDM_wCANFD\PDM_wCANFD\ArduinoCore\Debug\libArduinoCore.a(Print.o)
                0x000017a8                _ZN5Print5printEPKc
 .text._ZN5Print5printEc
                0x000017ac        0xe D:\Align Racing\GitHub\AR20-21\AR20_PDM\PDM_code\Atmel_studio\PDM_wCANFD\PDM_wCANFD\ArduinoCore\Debug\libArduinoCore.a(Print.o)
                0x000017ac                _ZN5Print5printEc
 .text._ZN5Print7printlnEv
                0x000017ba        0x8 D:\Align Racing\GitHub\AR20-21\AR20_PDM\PDM_code\Atmel_studio\PDM_wCANFD\PDM_wCANFD\ArduinoCore\Debug\libArduinoCore.a(Print.o)
                0x000017ba                _ZN5Print7printlnEv
 .text._ZN5Print7printlnEPK19__FlashStringHelper
                0x000017c2       0x24 D:\Align Racing\GitHub\AR20-21\AR20_PDM\PDM_code\Atmel_studio\PDM_wCANFD\PDM_wCANFD\ArduinoCore\Debug\libArduinoCore.a(Print.o)
                0x000017c2                _ZN5Print7printlnEPK19__FlashStringHelper
 .text._ZN5Print7printlnEPKc
                0x000017e6       0x24 D:\Align Racing\GitHub\AR20-21\AR20_PDM\PDM_code\Atmel_studio\PDM_wCANFD\PDM_wCANFD\ArduinoCore\Debug\libArduinoCore.a(Print.o)
                0x000017e6                _ZN5Print7printlnEPKc
 .text._ZN5Print11printNumberEmh
                0x0000180a       0x92 D:\Align Racing\GitHub\AR20-21\AR20_PDM\PDM_code\Atmel_studio\PDM_wCANFD\PDM_wCANFD\ArduinoCore\Debug\libArduinoCore.a(Print.o)
                0x0000180a                _ZN5Print11printNumberEmh
 .text._ZN5Print5printEmi
                0x0000189c       0x1a D:\Align Racing\GitHub\AR20-21\AR20_PDM\PDM_code\Atmel_studio\PDM_wCANFD\PDM_wCANFD\ArduinoCore\Debug\libArduinoCore.a(Print.o)
                0x0000189c                _ZN5Print5printEmi
 .text._ZN5Print5printEhi
                0x000018b6        0xe D:\Align Racing\GitHub\AR20-21\AR20_PDM\PDM_code\Atmel_studio\PDM_wCANFD\PDM_wCANFD\ArduinoCore\Debug\libArduinoCore.a(Print.o)
                0x000018b6                _ZN5Print5printEhi
 .text._ZN5Print5printEji
                0x000018c4        0xc D:\Align Racing\GitHub\AR20-21\AR20_PDM\PDM_code\Atmel_studio\PDM_wCANFD\PDM_wCANFD\ArduinoCore\Debug\libArduinoCore.a(Print.o)
                0x000018c4                _ZN5Print5printEji
 .text._ZN5Print7printlnEji
                0x000018d0       0x24 D:\Align Racing\GitHub\AR20-21\AR20_PDM\PDM_code\Atmel_studio\PDM_wCANFD\PDM_wCANFD\ArduinoCore\Debug\libArduinoCore.a(Print.o)
                0x000018d0                _ZN5Print7printlnEji
 .text._ZN5Print7printlnEmi
                0x000018f4       0x24 D:\Align Racing\GitHub\AR20-21\AR20_PDM\PDM_code\Atmel_studio\PDM_wCANFD\PDM_wCANFD\ArduinoCore\Debug\libArduinoCore.a(Print.o)
                0x000018f4                _ZN5Print7printlnEmi
 .text._ZN5Print5printEli
                0x00001918       0x90 D:\Align Racing\GitHub\AR20-21\AR20_PDM\PDM_code\Atmel_studio\PDM_wCANFD\PDM_wCANFD\ArduinoCore\Debug\libArduinoCore.a(Print.o)
                0x00001918                _ZN5Print5printEli
 .text._ZN5Print5printEii
                0x000019a8        0xe D:\Align Racing\GitHub\AR20-21\AR20_PDM\PDM_code\Atmel_studio\PDM_wCANFD\PDM_wCANFD\ArduinoCore\Debug\libArduinoCore.a(Print.o)
                0x000019a8                _ZN5Print5printEii
 .text._ZN5Print7printlnEii
                0x000019b6       0x24 D:\Align Racing\GitHub\AR20-21\AR20_PDM\PDM_code\Atmel_studio\PDM_wCANFD\PDM_wCANFD\ArduinoCore\Debug\libArduinoCore.a(Print.o)
                0x000019b6                _ZN5Print7printlnEii
 .text._ZN5Print10printFloatEdh
                0x000019da      0x1b6 D:\Align Racing\GitHub\AR20-21\AR20_PDM\PDM_code\Atmel_studio\PDM_wCANFD\PDM_wCANFD\ArduinoCore\Debug\libArduinoCore.a(Print.o)
                0x000019da                _ZN5Print10printFloatEdh
 .text._ZN5Print7printlnEdi
                0x00001b90       0x24 D:\Align Racing\GitHub\AR20-21\AR20_PDM\PDM_code\Atmel_studio\PDM_wCANFD\PDM_wCANFD\ArduinoCore\Debug\libArduinoCore.a(Print.o)
                0x00001b90                _ZN5Print7printlnEdi
 .text.__vector_16
                0x00001bb4       0x94 D:\Align Racing\GitHub\AR20-21\AR20_PDM\PDM_code\Atmel_studio\PDM_wCANFD\PDM_wCANFD\ArduinoCore\Debug\libArduinoCore.a(wiring.o)
                0x00001bb4                __vector_16
 .text.millis   0x00001c48       0x18 D:\Align Racing\GitHub\AR20-21\AR20_PDM\PDM_code\Atmel_studio\PDM_wCANFD\PDM_wCANFD\ArduinoCore\Debug\libArduinoCore.a(wiring.o)
                0x00001c48                millis
 .text.micros   0x00001c60       0x4a D:\Align Racing\GitHub\AR20-21\AR20_PDM\PDM_code\Atmel_studio\PDM_wCANFD\PDM_wCANFD\ArduinoCore\Debug\libArduinoCore.a(wiring.o)
                0x00001c60                micros
 .text.init     0x00001caa       0x76 D:\Align Racing\GitHub\AR20-21\AR20_PDM\PDM_code\Atmel_studio\PDM_wCANFD\PDM_wCANFD\ArduinoCore\Debug\libArduinoCore.a(wiring.o)
                0x00001caa                init
 .text.turnOffPWM
                0x00001d20       0x52 D:\Align Racing\GitHub\AR20-21\AR20_PDM\PDM_code\Atmel_studio\PDM_wCANFD\PDM_wCANFD\ArduinoCore\Debug\libArduinoCore.a(wiring_digital.o)
 .text.pinMode  0x00001d72       0x78 D:\Align Racing\GitHub\AR20-21\AR20_PDM\PDM_code\Atmel_studio\PDM_wCANFD\PDM_wCANFD\ArduinoCore\Debug\libArduinoCore.a(wiring_digital.o)
                0x00001d72                pinMode
 .text.digitalWrite
                0x00001dea       0x5e D:\Align Racing\GitHub\AR20-21\AR20_PDM\PDM_code\Atmel_studio\PDM_wCANFD\PDM_wCANFD\ArduinoCore\Debug\libArduinoCore.a(wiring_digital.o)
                0x00001dea                digitalWrite
 .text._ZL23enterU32InBufferAtIndexmPhh
                0x00001e48       0x10 D:\Align Racing\GitHub\AR20-21\AR20_PDM\PDM_code\Atmel_studio\PDM_wCANFD\PDM_wCANFD\ArduinoCore\Debug\libArduinoCore.a(ACAN2517FD.o)
 .text._ZL20u32FromBufferAtIndexPhh
                0x00001e58       0x28 D:\Align Racing\GitHub\AR20-21\AR20_PDM\PDM_code\Atmel_studio\PDM_wCANFD\PDM_wCANFD\ArduinoCore\Debug\libArduinoCore.a(ACAN2517FD.o)
 .text._ZL19lengthCodeForLengthh
                0x00001e80       0x70 D:\Align Racing\GitHub\AR20-21\AR20_PDM\PDM_code\Atmel_studio\PDM_wCANFD\PDM_wCANFD\ArduinoCore\Debug\libArduinoCore.a(ACAN2517FD.o)
 .text._ZN12ACANFDBuffer6appendERK12CANFDMessage.part.2
                0x00001ef0       0x8e D:\Align Racing\GitHub\AR20-21\AR20_PDM\PDM_code\Atmel_studio\PDM_wCANFD\PDM_wCANFD\ArduinoCore\Debug\libArduinoCore.a(ACAN2517FD.o)
 .text._ZN12ACANFDBuffer6removeER12CANFDMessage.part.3
                0x00001f7e       0x74 D:\Align Racing\GitHub\AR20-21\AR20_PDM\PDM_code\Atmel_studio\PDM_wCANFD\PDM_wCANFD\ArduinoCore\Debug\libArduinoCore.a(ACAN2517FD.o)
 .text._ZN8SPIClass8transferEPvj.part.6
                0x00001ff2       0x34 D:\Align Racing\GitHub\AR20-21\AR20_PDM\PDM_code\Atmel_studio\PDM_wCANFD\PDM_wCANFD\ArduinoCore\Debug\libArduinoCore.a(ACAN2517FD.o)
 .text._ZN12ACANFDBuffer12initWithSizeEm
                0x00002026       0xa0 D:\Align Racing\GitHub\AR20-21\AR20_PDM\PDM_code\Atmel_studio\PDM_wCANFD\PDM_wCANFD\ArduinoCore\Debug\libArduinoCore.a(ACAN2517FD.o)
                0x00002026                _ZN12ACANFDBuffer12initWithSizeEm
 .text._ZN8SPIClass16beginTransactionE11SPISettings
                0x000020c6       0x34 D:\Align Racing\GitHub\AR20-21\AR20_PDM\PDM_code\Atmel_studio\PDM_wCANFD\PDM_wCANFD\ArduinoCore\Debug\libArduinoCore.a(ACAN2517FD.o)
                0x000020c6                _ZN8SPIClass16beginTransactionE11SPISettings
 .text._ZN8SPIClass10transfer16Ej
                0x000020fa       0x3a D:\Align Racing\GitHub\AR20-21\AR20_PDM\PDM_code\Atmel_studio\PDM_wCANFD\PDM_wCANFD\ArduinoCore\Debug\libArduinoCore.a(ACAN2517FD.o)
                0x000020fa                _ZN8SPIClass10transfer16Ej
 .text._ZN8SPIClass14endTransactionEv
                0x00002134       0x22 D:\Align Racing\GitHub\AR20-21\AR20_PDM\PDM_code\Atmel_studio\PDM_wCANFD\PDM_wCANFD\ArduinoCore\Debug\libArduinoCore.a(ACAN2517FD.o)
                0x00002134                _ZN8SPIClass14endTransactionEv
 .text._ZN10ACAN2517FDC2EhR8SPIClassh
                0x00002156       0x7e D:\Align Racing\GitHub\AR20-21\AR20_PDM\PDM_code\Atmel_studio\PDM_wCANFD\PDM_wCANFD\ArduinoCore\Debug\libArduinoCore.a(ACAN2517FD.o)
                0x00002156                _ZN10ACAN2517FDC2EhR8SPIClassh
                0x00002156                _ZN10ACAN2517FDC1EhR8SPIClassh
 .text._ZN10ACAN2517FD9availableEv
                0x000021d4       0x3a D:\Align Racing\GitHub\AR20-21\AR20_PDM\PDM_code\Atmel_studio\PDM_wCANFD\PDM_wCANFD\ArduinoCore\Debug\libArduinoCore.a(ACAN2517FD.o)
                0x000021d4                _ZN10ACAN2517FD9availableEv
 .text._ZN10ACAN2517FD7receiveER12CANFDMessage
                0x0000220e       0x52 D:\Align Racing\GitHub\AR20-21\AR20_PDM\PDM_code\Atmel_studio\PDM_wCANFD\PDM_wCANFD\ArduinoCore\Debug\libArduinoCore.a(ACAN2517FD.o)
                0x0000220e                _ZN10ACAN2517FD7receiveER12CANFDMessage
 .text._ZN10ACAN2517FD8assertCSEv
                0x00002260        0xa D:\Align Racing\GitHub\AR20-21\AR20_PDM\PDM_code\Atmel_studio\PDM_wCANFD\PDM_wCANFD\ArduinoCore\Debug\libArduinoCore.a(ACAN2517FD.o)
                0x00002260                _ZN10ACAN2517FD8assertCSEv
 .text._ZN10ACAN2517FD10deassertCSEv
                0x0000226a        0xa D:\Align Racing\GitHub\AR20-21\AR20_PDM\PDM_code\Atmel_studio\PDM_wCANFD\PDM_wCANFD\ArduinoCore\Debug\libArduinoCore.a(ACAN2517FD.o)
                0x0000226a                _ZN10ACAN2517FD10deassertCSEv
 .text._ZN10ACAN2517FD37writeRegister32Assume_SPI_transactionEjm
                0x00002274       0x70 D:\Align Racing\GitHub\AR20-21\AR20_PDM\PDM_code\Atmel_studio\PDM_wCANFD\PDM_wCANFD\ArduinoCore\Debug\libArduinoCore.a(ACAN2517FD.o)
                0x00002274                _ZN10ACAN2517FD37writeRegister32Assume_SPI_transactionEjm
 .text._ZN10ACAN2517FD36writeRegister8Assume_SPI_transactionEjh
                0x000022e4       0x42 D:\Align Racing\GitHub\AR20-21\AR20_PDM\PDM_code\Atmel_studio\PDM_wCANFD\PDM_wCANFD\ArduinoCore\Debug\libArduinoCore.a(ACAN2517FD.o)
                0x000022e4                _ZN10ACAN2517FD36writeRegister8Assume_SPI_transactionEjh
 .text._ZN10ACAN2517FD36readRegister32Assume_SPI_transactionEj
                0x00002326       0x68 D:\Align Racing\GitHub\AR20-21\AR20_PDM\PDM_code\Atmel_studio\PDM_wCANFD\PDM_wCANFD\ArduinoCore\Debug\libArduinoCore.a(ACAN2517FD.o)
                0x00002326                _ZN10ACAN2517FD36readRegister32Assume_SPI_transactionEj
 .text._ZN10ACAN2517FD24appendInControllerTxFIFOERK12CANFDMessage
                0x0000238e      0x1de D:\Align Racing\GitHub\AR20-21\AR20_PDM\PDM_code\Atmel_studio\PDM_wCANFD\PDM_wCANFD\ArduinoCore\Debug\libArduinoCore.a(ACAN2517FD.o)
                0x0000238e                _ZN10ACAN2517FD24appendInControllerTxFIFOERK12CANFDMessage
 .text._ZN10ACAN2517FD17transmitInterruptEv
                0x0000256c       0x7a D:\Align Racing\GitHub\AR20-21\AR20_PDM\PDM_code\Atmel_studio\PDM_wCANFD\PDM_wCANFD\ArduinoCore\Debug\libArduinoCore.a(ACAN2517FD.o)
                0x0000256c                _ZN10ACAN2517FD17transmitInterruptEv
 .text._ZN10ACAN2517FD16receiveInterruptEv
                0x000025e6      0x27e D:\Align Racing\GitHub\AR20-21\AR20_PDM\PDM_code\Atmel_studio\PDM_wCANFD\PDM_wCANFD\ArduinoCore\Debug\libArduinoCore.a(ACAN2517FD.o)
                0x000025e6                _ZN10ACAN2517FD16receiveInterruptEv
 .text._ZN10ACAN2517FD36readRegister16Assume_SPI_transactionEj
                0x00002864       0x4e D:\Align Racing\GitHub\AR20-21\AR20_PDM\PDM_code\Atmel_studio\PDM_wCANFD\PDM_wCANFD\ArduinoCore\Debug\libArduinoCore.a(ACAN2517FD.o)
                0x00002864                _ZN10ACAN2517FD36readRegister16Assume_SPI_transactionEj
 .text._ZN10ACAN2517FD8isr_coreEv
                0x000028b2       0xb2 D:\Align Racing\GitHub\AR20-21\AR20_PDM\PDM_code\Atmel_studio\PDM_wCANFD\PDM_wCANFD\ArduinoCore\Debug\libArduinoCore.a(ACAN2517FD.o)
                0x000028b2                _ZN10ACAN2517FD8isr_coreEv
 .text._ZN10ACAN2517FD3isrEv
                0x00002964       0x16 D:\Align Racing\GitHub\AR20-21\AR20_PDM\PDM_code\Atmel_studio\PDM_wCANFD\PDM_wCANFD\ArduinoCore\Debug\libArduinoCore.a(ACAN2517FD.o)
                0x00002964                _ZN10ACAN2517FD3isrEv
 .text._ZN10ACAN2517FD35readRegister8Assume_SPI_transactionEj
                0x0000297a       0x48 D:\Align Racing\GitHub\AR20-21\AR20_PDM\PDM_code\Atmel_studio\PDM_wCANFD\PDM_wCANFD\ArduinoCore\Debug\libArduinoCore.a(ACAN2517FD.o)
                0x0000297a                _ZN10ACAN2517FD35readRegister8Assume_SPI_transactionEj
 .text._ZN10ACAN2517FD14writeRegister8Ejh
                0x000029c2       0x34 D:\Align Racing\GitHub\AR20-21\AR20_PDM\PDM_code\Atmel_studio\PDM_wCANFD\PDM_wCANFD\ArduinoCore\Debug\libArduinoCore.a(ACAN2517FD.o)
                0x000029c2                _ZN10ACAN2517FD14writeRegister8Ejh
 .text._ZN10ACAN2517FD13readRegister8Ej
                0x000029f6       0x32 D:\Align Racing\GitHub\AR20-21\AR20_PDM\PDM_code\Atmel_studio\PDM_wCANFD\PDM_wCANFD\ArduinoCore\Debug\libArduinoCore.a(ACAN2517FD.o)
                0x000029f6                _ZN10ACAN2517FD13readRegister8Ej
 .text._ZN10ACAN2517FD15writeRegister32Ejm
                0x00002a28       0x44 D:\Align Racing\GitHub\AR20-21\AR20_PDM\PDM_code\Atmel_studio\PDM_wCANFD\PDM_wCANFD\ArduinoCore\Debug\libArduinoCore.a(ACAN2517FD.o)
                0x00002a28                _ZN10ACAN2517FD15writeRegister32Ejm
 .text._ZN10ACAN2517FD14readRegister32Ej
                0x00002a6c       0x3e D:\Align Racing\GitHub\AR20-21\AR20_PDM\PDM_code\Atmel_studio\PDM_wCANFD\PDM_wCANFD\ArduinoCore\Debug\libArduinoCore.a(ACAN2517FD.o)
                0x00002a6c                _ZN10ACAN2517FD14readRegister32Ej
 .text._ZN10ACAN2517FD11reset2517FDEv
                0x00002aaa       0x2e D:\Align Racing\GitHub\AR20-21\AR20_PDM\PDM_code\Atmel_studio\PDM_wCANFD\PDM_wCANFD\ArduinoCore\Debug\libArduinoCore.a(ACAN2517FD.o)
                0x00002aaa                _ZN10ACAN2517FD11reset2517FDEv
 .text._ZN10ACAN2517FD5beginERK18ACAN2517FDSettingsPFvvERK17ACAN2517FDFilters
                0x00002ad8      0x7a4 D:\Align Racing\GitHub\AR20-21\AR20_PDM\PDM_code\Atmel_studio\PDM_wCANFD\PDM_wCANFD\ArduinoCore\Debug\libArduinoCore.a(ACAN2517FD.o)
                0x00002ad8                _ZN10ACAN2517FD5beginERK18ACAN2517FDSettingsPFvvERK17ACAN2517FDFilters
 .text._ZN10ACAN2517FD5beginERK18ACAN2517FDSettingsPFvvE
                0x0000327c       0xc4 D:\Align Racing\GitHub\AR20-21\AR20_PDM\PDM_code\Atmel_studio\PDM_wCANFD\PDM_wCANFD\ArduinoCore\Debug\libArduinoCore.a(ACAN2517FD.o)
                0x0000327c                _ZN10ACAN2517FD5beginERK18ACAN2517FDSettingsPFvvE
 .text._ZN18ACAN2517FDSettingsC2ENS_10OscillatorEm17DataBitRateFactorm
                0x00003340      0x782 D:\Align Racing\GitHub\AR20-21\AR20_PDM\PDM_code\Atmel_studio\PDM_wCANFD\PDM_wCANFD\ArduinoCore\Debug\libArduinoCore.a(ACAN2517FDSettings.o)
                0x00003340                _ZN18ACAN2517FDSettingsC2ENS_10OscillatorEm17DataBitRateFactorm
                0x00003340                _ZN18ACAN2517FDSettingsC1ENS_10OscillatorEm17DataBitRateFactorm
 .text._ZNK18ACAN2517FDSettings42dataBitRateIsAMultipleOfArbitrationBitRateEv
                0x00003ac2       0x54 D:\Align Racing\GitHub\AR20-21\AR20_PDM\PDM_code\Atmel_studio\PDM_wCANFD\PDM_wCANFD\ArduinoCore\Debug\libArduinoCore.a(ACAN2517FDSettings.o)
                0x00003ac2                _ZNK18ACAN2517FDSettings42dataBitRateIsAMultipleOfArbitrationBitRateEv
 .text._ZNK18ACAN2517FDSettings24CANBitSettingConsistencyEv
                0x00003b16      0x106 D:\Align Racing\GitHub\AR20-21\AR20_PDM\PDM_code\Atmel_studio\PDM_wCANFD\PDM_wCANFD\ArduinoCore\Debug\libArduinoCore.a(ACAN2517FDSettings.o)
                0x00003b16                _ZNK18ACAN2517FDSettings24CANBitSettingConsistencyEv
 .text._ZNK18ACAN2517FDSettings8ramUsageEv
                0x00003c1c       0x70 D:\Align Racing\GitHub\AR20-21\AR20_PDM\PDM_code\Atmel_studio\PDM_wCANFD\PDM_wCANFD\ArduinoCore\Debug\libArduinoCore.a(ACAN2517FDSettings.o)
                0x00003c1c                _ZNK18ACAN2517FDSettings8ramUsageEv
 .text._ZN18ACAN2517FDSettings20objectSizeForPayloadENS_11PayloadSizeE
                0x00003c8c       0x12 D:\Align Racing\GitHub\AR20-21\AR20_PDM\PDM_code\Atmel_studio\PDM_wCANFD\PDM_wCANFD\ArduinoCore\Debug\libArduinoCore.a(ACAN2517FDSettings.o)
                0x00003c8c                _ZN18ACAN2517FDSettings20objectSizeForPayloadENS_11PayloadSizeE
 .text._ZN8SPIClass5beginEv
                0x00003c9e       0x6c D:\Align Racing\GitHub\AR20-21\AR20_PDM\PDM_code\Atmel_studio\PDM_wCANFD\PDM_wCANFD\ArduinoCore\Debug\libArduinoCore.a(SPI.o)
                0x00003c9e                _ZN8SPIClass5beginEv
 .text._ZN8SPIClass14usingInterruptEh
                0x00003d0a       0x38 D:\Align Racing\GitHub\AR20-21\AR20_PDM\PDM_code\Atmel_studio\PDM_wCANFD\PDM_wCANFD\ArduinoCore\Debug\libArduinoCore.a(SPI.o)
                0x00003d0a                _ZN8SPIClass14usingInterruptEh
 .text._ZN7TwoWire9availableEv
                0x00003d42       0x10 D:\Align Racing\GitHub\AR20-21\AR20_PDM\PDM_code\Atmel_studio\PDM_wCANFD\PDM_wCANFD\ArduinoCore\Debug\libArduinoCore.a(Wire.o)
                0x00003d42                _ZN7TwoWire9availableEv
 .text._ZN7TwoWire4readEv
                0x00003d52       0x28 D:\Align Racing\GitHub\AR20-21\AR20_PDM\PDM_code\Atmel_studio\PDM_wCANFD\PDM_wCANFD\ArduinoCore\Debug\libArduinoCore.a(Wire.o)
                0x00003d52                _ZN7TwoWire4readEv
 .text._ZN7TwoWire4peekEv
                0x00003d7a       0x1e D:\Align Racing\GitHub\AR20-21\AR20_PDM\PDM_code\Atmel_studio\PDM_wCANFD\PDM_wCANFD\ArduinoCore\Debug\libArduinoCore.a(Wire.o)
                0x00003d7a                _ZN7TwoWire4peekEv
 .text._ZN7TwoWire5flushEv
                0x00003d98        0x2 D:\Align Racing\GitHub\AR20-21\AR20_PDM\PDM_code\Atmel_studio\PDM_wCANFD\PDM_wCANFD\ArduinoCore\Debug\libArduinoCore.a(Wire.o)
                0x00003d98                _ZN7TwoWire5flushEv
 .text._ZN7TwoWire16onReceiveServiceEPhi
                0x00003d9a       0x54 D:\Align Racing\GitHub\AR20-21\AR20_PDM\PDM_code\Atmel_studio\PDM_wCANFD\PDM_wCANFD\ArduinoCore\Debug\libArduinoCore.a(Wire.o)
                0x00003d9a                _ZN7TwoWire16onReceiveServiceEPhi
 .text._ZN7TwoWire16onRequestServiceEv
                0x00003dee       0x18 D:\Align Racing\GitHub\AR20-21\AR20_PDM\PDM_code\Atmel_studio\PDM_wCANFD\PDM_wCANFD\ArduinoCore\Debug\libArduinoCore.a(Wire.o)
                0x00003dee                _ZN7TwoWire16onRequestServiceEv
 .text._ZN7TwoWire5writeEPKhj
                0x00003e06       0x5a D:\Align Racing\GitHub\AR20-21\AR20_PDM\PDM_code\Atmel_studio\PDM_wCANFD\PDM_wCANFD\ArduinoCore\Debug\libArduinoCore.a(Wire.o)
                0x00003e06                _ZN7TwoWire5writeEPKhj
 .text._ZN7TwoWire5writeEh
                0x00003e60       0x5e D:\Align Racing\GitHub\AR20-21\AR20_PDM\PDM_code\Atmel_studio\PDM_wCANFD\PDM_wCANFD\ArduinoCore\Debug\libArduinoCore.a(Wire.o)
                0x00003e60                _ZN7TwoWire5writeEh
 .text._ZN7TwoWireC2Ev
                0x00003ebe       0x20 D:\Align Racing\GitHub\AR20-21\AR20_PDM\PDM_code\Atmel_studio\PDM_wCANFD\PDM_wCANFD\ArduinoCore\Debug\libArduinoCore.a(Wire.o)
                0x00003ebe                _ZN7TwoWireC1Ev
                0x00003ebe                _ZN7TwoWireC2Ev
 .text._ZN7TwoWire5beginEv
                0x00003ede       0x24 D:\Align Racing\GitHub\AR20-21\AR20_PDM\PDM_code\Atmel_studio\PDM_wCANFD\PDM_wCANFD\ArduinoCore\Debug\libArduinoCore.a(Wire.o)
                0x00003ede                _ZN7TwoWire5beginEv
 .text._ZN7TwoWire8setClockEm
                0x00003f02        0x8 D:\Align Racing\GitHub\AR20-21\AR20_PDM\PDM_code\Atmel_studio\PDM_wCANFD\PDM_wCANFD\ArduinoCore\Debug\libArduinoCore.a(Wire.o)
                0x00003f02                _ZN7TwoWire8setClockEm
 .text._ZN7TwoWire17beginTransmissionEh
                0x00003f0a       0x14 D:\Align Racing\GitHub\AR20-21\AR20_PDM\PDM_code\Atmel_studio\PDM_wCANFD\PDM_wCANFD\ArduinoCore\Debug\libArduinoCore.a(Wire.o)
                0x00003f0a                _ZN7TwoWire17beginTransmissionEh
 .text._ZN7TwoWire15endTransmissionEh
                0x00003f1e       0x26 D:\Align Racing\GitHub\AR20-21\AR20_PDM\PDM_code\Atmel_studio\PDM_wCANFD\PDM_wCANFD\ArduinoCore\Debug\libArduinoCore.a(Wire.o)
                0x00003f1e                _ZN7TwoWire15endTransmissionEh
 .text._ZN7TwoWire11requestFromEhhmhh
                0x00003f44       0xa8 D:\Align Racing\GitHub\AR20-21\AR20_PDM\PDM_code\Atmel_studio\PDM_wCANFD\PDM_wCANFD\ArduinoCore\Debug\libArduinoCore.a(Wire.o)
                0x00003f44                _ZN7TwoWire11requestFromEhhmhh
 .text._ZN7TwoWire11requestFromEhhh
                0x00003fec       0x20 D:\Align Racing\GitHub\AR20-21\AR20_PDM\PDM_code\Atmel_studio\PDM_wCANFD\PDM_wCANFD\ArduinoCore\Debug\libArduinoCore.a(Wire.o)
                0x00003fec                _ZN7TwoWire11requestFromEhhh
 .text._ZN7TwoWire11requestFromEhh
                0x0000400c        0x6 D:\Align Racing\GitHub\AR20-21\AR20_PDM\PDM_code\Atmel_studio\PDM_wCANFD\PDM_wCANFD\ArduinoCore\Debug\libArduinoCore.a(Wire.o)
                0x0000400c                _ZN7TwoWire11requestFromEhh
 .text._ZN7TwoWire15endTransmissionEv
                0x00004012        0x6 D:\Align Racing\GitHub\AR20-21\AR20_PDM\PDM_code\Atmel_studio\PDM_wCANFD\PDM_wCANFD\ArduinoCore\Debug\libArduinoCore.a(Wire.o)
                0x00004012                _ZN7TwoWire15endTransmissionEv
 .text.startup._GLOBAL__sub_I__ZN7TwoWire8rxBufferE
                0x00004018        0x8 D:\Align Racing\GitHub\AR20-21\AR20_PDM\PDM_code\Atmel_studio\PDM_wCANFD\PDM_wCANFD\ArduinoCore\Debug\libArduinoCore.a(Wire.o)
 .text.nothing  0x00004020        0x2 D:\Align Racing\GitHub\AR20-21\AR20_PDM\PDM_code\Atmel_studio\PDM_wCANFD\PDM_wCANFD\ArduinoCore\Debug\libArduinoCore.a(WInterrupts.o)
 .text.attachInterrupt
                0x00004022       0x40 D:\Align Racing\GitHub\AR20-21\AR20_PDM\PDM_code\Atmel_studio\PDM_wCANFD\PDM_wCANFD\ArduinoCore\Debug\libArduinoCore.a(WInterrupts.o)
                0x00004022                attachInterrupt
 .text.__vector_1
                0x00004062       0x4e D:\Align Racing\GitHub\AR20-21\AR20_PDM\PDM_code\Atmel_studio\PDM_wCANFD\PDM_wCANFD\ArduinoCore\Debug\libArduinoCore.a(WInterrupts.o)
                0x00004062                __vector_1
 .text.__vector_2
                0x000040b0       0x4e D:\Align Racing\GitHub\AR20-21\AR20_PDM\PDM_code\Atmel_studio\PDM_wCANFD\PDM_wCANFD\ArduinoCore\Debug\libArduinoCore.a(WInterrupts.o)
                0x000040b0                __vector_2
 .text.twi_init
                0x000040fe       0x3c D:\Align Racing\GitHub\AR20-21\AR20_PDM\PDM_code\Atmel_studio\PDM_wCANFD\PDM_wCANFD\ArduinoCore\Debug\libArduinoCore.a(twi.o)
                0x000040fe                twi_init
 .text.twi_disable
                0x0000413a       0x1a D:\Align Racing\GitHub\AR20-21\AR20_PDM\PDM_code\Atmel_studio\PDM_wCANFD\PDM_wCANFD\ArduinoCore\Debug\libArduinoCore.a(twi.o)
                0x0000413a                twi_disable
 .text.twi_setFrequency
                0x00004154       0x28 D:\Align Racing\GitHub\AR20-21\AR20_PDM\PDM_code\Atmel_studio\PDM_wCANFD\PDM_wCANFD\ArduinoCore\Debug\libArduinoCore.a(twi.o)
                0x00004154                twi_setFrequency
 .text.twi_transmit
                0x0000417c       0x50 D:\Align Racing\GitHub\AR20-21\AR20_PDM\PDM_code\Atmel_studio\PDM_wCANFD\PDM_wCANFD\ArduinoCore\Debug\libArduinoCore.a(twi.o)
                0x0000417c                twi_transmit
 .text.twi_attachSlaveRxEvent
                0x000041cc        0xa D:\Align Racing\GitHub\AR20-21\AR20_PDM\PDM_code\Atmel_studio\PDM_wCANFD\PDM_wCANFD\ArduinoCore\Debug\libArduinoCore.a(twi.o)
                0x000041cc                twi_attachSlaveRxEvent
 .text.twi_attachSlaveTxEvent
                0x000041d6        0xa D:\Align Racing\GitHub\AR20-21\AR20_PDM\PDM_code\Atmel_studio\PDM_wCANFD\PDM_wCANFD\ArduinoCore\Debug\libArduinoCore.a(twi.o)
                0x000041d6                twi_attachSlaveTxEvent
 .text.twi_releaseBus
                0x000041e0        0xc D:\Align Racing\GitHub\AR20-21\AR20_PDM\PDM_code\Atmel_studio\PDM_wCANFD\PDM_wCANFD\ArduinoCore\Debug\libArduinoCore.a(twi.o)
                0x000041e0                twi_releaseBus
 .text.twi_handleTimeout
                0x000041ec       0x2c D:\Align Racing\GitHub\AR20-21\AR20_PDM\PDM_code\Atmel_studio\PDM_wCANFD\PDM_wCANFD\ArduinoCore\Debug\libArduinoCore.a(twi.o)
                0x000041ec                twi_handleTimeout
 .text.twi_readFrom
                0x00004218      0x1d2 D:\Align Racing\GitHub\AR20-21\AR20_PDM\PDM_code\Atmel_studio\PDM_wCANFD\PDM_wCANFD\ArduinoCore\Debug\libArduinoCore.a(twi.o)
                0x00004218                twi_readFrom
 .text.twi_writeTo
                0x000043ea      0x1e0 D:\Align Racing\GitHub\AR20-21\AR20_PDM\PDM_code\Atmel_studio\PDM_wCANFD\PDM_wCANFD\ArduinoCore\Debug\libArduinoCore.a(twi.o)
                0x000043ea                twi_writeTo
 .text.twi_stop
                0x000045ca       0x70 D:\Align Racing\GitHub\AR20-21\AR20_PDM\PDM_code\Atmel_studio\PDM_wCANFD\PDM_wCANFD\ArduinoCore\Debug\libArduinoCore.a(twi.o)
                0x000045ca                twi_stop
 .text.__vector_24
                0x0000463a      0x25a D:\Align Racing\GitHub\AR20-21\AR20_PDM\PDM_code\Atmel_studio\PDM_wCANFD\PDM_wCANFD\ArduinoCore\Debug\libArduinoCore.a(twi.o)
                0x0000463a                __vector_24
 .text.avr-libc.fplib
                0x00004894        0xa d:/programmer/atmel studio/7.0/toolchain/avr8/avr8-gnu-toolchain/bin/../lib/gcc/avr/5.4.0/../../../../avr/lib/avr5\libm.a(cmpsf2.o)
                0x00004894                __nesf2
                0x00004894                __eqsf2
                0x00004894                __cmpsf2
                0x00004894                __ltsf2
                0x00004894                __lesf2
 .text.avr-libc.fplib
                0x0000489e        0xa d:/programmer/atmel studio/7.0/toolchain/avr8/avr8-gnu-toolchain/bin/../lib/gcc/avr/5.4.0/../../../../avr/lib/avr5\libm.a(unordsf2.o)
                0x0000489e                __unordsf2
 .text.libgcc.mul
                0x000048a8       0x20 d:/programmer/atmel studio/7.0/toolchain/avr8/avr8-gnu-toolchain/bin/../lib/gcc/avr/5.4.0/avr5\libgcc.a(_mulsi3.o)
                0x000048a8                __mulsi3
 .text.libgcc.div
                0x000048c8       0x44 d:/programmer/atmel studio/7.0/toolchain/avr8/avr8-gnu-toolchain/bin/../lib/gcc/avr/5.4.0/avr5\libgcc.a(_udivmodsi4.o)
                0x000048c8                __udivmodsi4
 .text.libgcc.mul
                0x0000490c       0x1e d:/programmer/atmel studio/7.0/toolchain/avr8/avr8-gnu-toolchain/bin/../lib/gcc/avr/5.4.0/avr5\libgcc.a(_umulhisi3.o)
                0x0000490c                __umulhisi3
 .text.libgcc.mul
                0x0000492a        0xe d:/programmer/atmel studio/7.0/toolchain/avr8/avr8-gnu-toolchain/bin/../lib/gcc/avr/5.4.0/avr5\libgcc.a(_usmulhisi3.o)
                0x0000492a                __usmulhisi3
                0x0000492e                __usmulhisi3_tail
 .text.libgcc.mul
                0x00004938       0x16 d:/programmer/atmel studio/7.0/toolchain/avr8/avr8-gnu-toolchain/bin/../lib/gcc/avr/5.4.0/avr5\libgcc.a(_muluhisi3.o)
                0x00004938                __muluhisi3
 .text.libgcc.mul
                0x0000494e       0xa0 d:/programmer/atmel studio/7.0/toolchain/avr8/avr8-gnu-toolchain/bin/../lib/gcc/avr/5.4.0/avr5\libgcc.a(_muldi3.o)
                0x0000494e                __muldi3
 .text.libgcc.mul
                0x000049ee       0x12 d:/programmer/atmel studio/7.0/toolchain/avr8/avr8-gnu-toolchain/bin/../lib/gcc/avr/5.4.0/avr5\libgcc.a(_muldi3_6.o)
                0x000049ee                __muldi3_6
 .text.libgcc.mul
                0x00004a00       0x56 d:/programmer/atmel studio/7.0/toolchain/avr8/avr8-gnu-toolchain/bin/../lib/gcc/avr/5.4.0/avr5\libgcc.a(_umulsidi3.o)
                0x00004a00                __umulsidi3
                0x00004a02                __umulsidi3_helper
 .text.libgcc   0x00004a56       0x12 d:/programmer/atmel studio/7.0/toolchain/avr8/avr8-gnu-toolchain/bin/../lib/gcc/avr/5.4.0/avr5\libgcc.a(_cmpdi2.o)
                0x00004a56                __cmpdi2
 .text.libgcc   0x00004a68        0xc d:/programmer/atmel studio/7.0/toolchain/avr8/avr8-gnu-toolchain/bin/../lib/gcc/avr/5.4.0/avr5\libgcc.a(_tablejump2.o)
                0x00004a68                __tablejump2__
 .text.avr-libc
                0x00004a74      0x242 d:/programmer/atmel studio/7.0/toolchain/avr8/avr8-gnu-toolchain/bin/../lib/gcc/avr/5.4.0/../../../../avr/lib/avr5\libc.a(malloc.o)
                0x00004a74                malloc
                0x00004ba4                free
                0x00004cb6                . = ALIGN (0x2)
 *(.fini9)
 .fini9         0x00004cb6        0x0 d:/programmer/atmel studio/7.0/toolchain/avr8/avr8-gnu-toolchain/bin/../lib/gcc/avr/5.4.0/avr5\libgcc.a(_exit.o)
                0x00004cb6                _exit
                0x00004cb6                exit
 *(.fini9)
 *(.fini8)
 *(.fini8)
 *(.fini7)
 *(.fini7)
 *(.fini6)
 .fini6         0x00004cb6       0x16 d:/programmer/atmel studio/7.0/toolchain/avr8/avr8-gnu-toolchain/bin/../lib/gcc/avr/5.4.0/avr5\libgcc.a(_dtors.o)
                0x00004cb6                __do_global_dtors
 *(.fini6)
 *(.fini5)
 *(.fini5)
 *(.fini4)
 *(.fini4)
 *(.fini3)
 *(.fini3)
 *(.fini2)
 *(.fini2)
 *(.fini1)
 *(.fini1)
 *(.fini0)
 .fini0         0x00004ccc        0x4 d:/programmer/atmel studio/7.0/toolchain/avr8/avr8-gnu-toolchain/bin/../lib/gcc/avr/5.4.0/avr5\libgcc.a(_exit.o)
 *(.fini0)
                0x00004cd0                _etext = .

.data           0x00800100      0x1e0 load address 0x00004cd0
                0x00800100                PROVIDE (__data_start, .)
 *(.data)
 .data          0x00800100        0x6 d:/programmer/atmel studio/7.0/toolchain/avr8/avr8-gnu-toolchain/bin/../lib/gcc/avr/5.4.0/../../../../avr/lib/avr5\libc.a(malloc.o)
                0x00800100                __malloc_heap_end
                0x00800102                __malloc_heap_start
                0x00800104                __malloc_margin
 *(.data*)
 .data.MosfetList
                0x00800106        0xe Sketch.o
                0x00800106                MosfetList
 .data.SensorList
                0x00800114        0xe Sketch.o
                0x00800114                SensorList
 .data.default_address
                0x00800122        0x2 Sketch.o
                0x00800122                default_address
 .data.intFunc  0x00800124        0x4 D:\Align Racing\GitHub\AR20-21\AR20_PDM\PDM_code\Atmel_studio\PDM_wCANFD\PDM_wCANFD\ArduinoCore\Debug\libArduinoCore.a(WInterrupts.o)
 *(.gnu.linkonce.d*)
 *(.rodata)
 .rodata        0x00800128        0x7 INA233.o
 *(.rodata*)
 .rodata.str1.1
                0x0080012f       0xf8 INA233.o
 .rodata.str1.1
                0x00800227       0x3f Sketch.o
 .rodata._ZTV14HardwareSerial
                0x00800266       0x12 D:\Align Racing\GitHub\AR20-21\AR20_PDM\PDM_code\Atmel_studio\PDM_wCANFD\PDM_wCANFD\ArduinoCore\Debug\libArduinoCore.a(HardwareSerial.o)
                0x00800266                _ZTV14HardwareSerial
 .rodata.str1.1
                0x00800278        0xf D:\Align Racing\GitHub\AR20-21\AR20_PDM\PDM_code\Atmel_studio\PDM_wCANFD\PDM_wCANFD\ArduinoCore\Debug\libArduinoCore.a(Print.o)
 .rodata.CSWTCH.133
                0x00800287        0x7 D:\Align Racing\GitHub\AR20-21\AR20_PDM\PDM_code\Atmel_studio\PDM_wCANFD\PDM_wCANFD\ArduinoCore\Debug\libArduinoCore.a(ACAN2517FD.o)
 .rodata.CSWTCH.132
                0x0080028e        0x7 D:\Align Racing\GitHub\AR20-21\AR20_PDM\PDM_code\Atmel_studio\PDM_wCANFD\PDM_wCANFD\ArduinoCore\Debug\libArduinoCore.a(ACAN2517FD.o)
 .rodata._ZZN10ACAN2517FD16receiveInterruptEvE7kLength
                0x00800295       0x10 D:\Align Racing\GitHub\AR20-21\AR20_PDM\PDM_code\Atmel_studio\PDM_wCANFD\PDM_wCANFD\ArduinoCore\Debug\libArduinoCore.a(ACAN2517FD.o)
 .rodata.CSWTCH.26
                0x008002a5       0x20 D:\Align Racing\GitHub\AR20-21\AR20_PDM\PDM_code\Atmel_studio\PDM_wCANFD\PDM_wCANFD\ArduinoCore\Debug\libArduinoCore.a(ACAN2517FDSettings.o)
 .rodata._ZZN18ACAN2517FDSettings20objectSizeForPayloadENS_11PayloadSizeEE8kPayload
                0x008002c5        0x8 D:\Align Racing\GitHub\AR20-21\AR20_PDM\PDM_code\Atmel_studio\PDM_wCANFD\PDM_wCANFD\ArduinoCore\Debug\libArduinoCore.a(ACAN2517FDSettings.o)
 .rodata._ZTV7TwoWire
                0x008002cd       0x12 D:\Align Racing\GitHub\AR20-21\AR20_PDM\PDM_code\Atmel_studio\PDM_wCANFD\PDM_wCANFD\ArduinoCore\Debug\libArduinoCore.a(Wire.o)
                0x008002cd                _ZTV7TwoWire
 *(.gnu.linkonce.r*)
                0x008002e0                . = ALIGN (0x2)
 *fill*         0x008002df        0x1 
                0x008002e0                _edata = .
                0x008002e0                PROVIDE (__data_end, .)

.bss            0x008002e0      0x36c
                0x008002e0                PROVIDE (__bss_start, .)
 *(.bss)
 *(.bss*)
 .bss.p7        0x008002e0        0x1 Sketch.o
                0x008002e0                p7
 .bss.p6        0x008002e1        0x1 Sketch.o
                0x008002e1                p6
 .bss.p5        0x008002e2        0x1 Sketch.o
                0x008002e2                p5
 .bss.p4        0x008002e3        0x1 Sketch.o
                0x008002e3                p4
 .bss.p3        0x008002e4        0x1 Sketch.o
                0x008002e4                p3
 .bss.p2        0x008002e5        0x1 Sketch.o
                0x008002e5                p2
 .bss.p1        0x008002e6        0x1 Sketch.o
                0x008002e6                p1
 .bss.Sensor_7  0x008002e7       0x20 Sketch.o
                0x008002e7                Sensor_7
 .bss.Sensor_6  0x00800307       0x20 Sketch.o
                0x00800307                Sensor_6
 .bss.Sensor_5  0x00800327       0x20 Sketch.o
                0x00800327                Sensor_5
 .bss.Sensor_4  0x00800347       0x20 Sketch.o
                0x00800347                Sensor_4
 .bss.Sensor_3  0x00800367       0x20 Sketch.o
                0x00800367                Sensor_3
 .bss.Sensor_2  0x00800387       0x20 Sketch.o
                0x00800387                Sensor_2
 .bss.Sensor_1  0x008003a7       0x20 Sketch.o
                0x008003a7                Sensor_1
 .bss.timeStamps
                0x008003c7       0x28 Sketch.o
                0x008003c7                timeStamps
 .bss.frame     0x008003ef       0x48 Sketch.o
                0x008003ef                frame
 .bss.frame_FD  0x00800437       0x48 Sketch.o
                0x00800437                frame_FD
 .bss.can       0x0080047f       0x3c Sketch.o
                0x0080047f                can
 .bss._ZL18alarmConfigSensor2
                0x008004bb        0xc Sketch.o
 .bss._ZL18alarmConfigSensor1
                0x008004c7        0xc Sketch.o
 .bss.Serial    0x008004d3       0x9d D:\Align Racing\GitHub\AR20-21\AR20_PDM\PDM_code\Atmel_studio\PDM_wCANFD\PDM_wCANFD\ArduinoCore\Debug\libArduinoCore.a(HardwareSerial0.o)
                0x008004d3                Serial
 .bss.timer0_fract
                0x00800570        0x1 D:\Align Racing\GitHub\AR20-21\AR20_PDM\PDM_code\Atmel_studio\PDM_wCANFD\PDM_wCANFD\ArduinoCore\Debug\libArduinoCore.a(wiring.o)
 .bss.timer0_millis
                0x00800571        0x4 D:\Align Racing\GitHub\AR20-21\AR20_PDM\PDM_code\Atmel_studio\PDM_wCANFD\PDM_wCANFD\ArduinoCore\Debug\libArduinoCore.a(wiring.o)
                0x00800571                timer0_millis
 .bss.timer0_overflow_count
                0x00800575        0x4 D:\Align Racing\GitHub\AR20-21\AR20_PDM\PDM_code\Atmel_studio\PDM_wCANFD\PDM_wCANFD\ArduinoCore\Debug\libArduinoCore.a(wiring.o)
                0x00800575                timer0_overflow_count
 .bss._ZN8SPIClass13interruptSaveE
                0x00800579        0x1 D:\Align Racing\GitHub\AR20-21\AR20_PDM\PDM_code\Atmel_studio\PDM_wCANFD\PDM_wCANFD\ArduinoCore\Debug\libArduinoCore.a(SPI.o)
                0x00800579                _ZN8SPIClass13interruptSaveE
 .bss._ZN8SPIClass13interruptMaskE
                0x0080057a        0x1 D:\Align Racing\GitHub\AR20-21\AR20_PDM\PDM_code\Atmel_studio\PDM_wCANFD\PDM_wCANFD\ArduinoCore\Debug\libArduinoCore.a(SPI.o)
                0x0080057a                _ZN8SPIClass13interruptMaskE
 .bss._ZN8SPIClass13interruptModeE
                0x0080057b        0x1 D:\Align Racing\GitHub\AR20-21\AR20_PDM\PDM_code\Atmel_studio\PDM_wCANFD\PDM_wCANFD\ArduinoCore\Debug\libArduinoCore.a(SPI.o)
                0x0080057b                _ZN8SPIClass13interruptModeE
 .bss._ZN8SPIClass11initializedE
                0x0080057c        0x1 D:\Align Racing\GitHub\AR20-21\AR20_PDM\PDM_code\Atmel_studio\PDM_wCANFD\PDM_wCANFD\ArduinoCore\Debug\libArduinoCore.a(SPI.o)
                0x0080057c                _ZN8SPIClass11initializedE
 .bss.SPI       0x0080057d        0x1 D:\Align Racing\GitHub\AR20-21\AR20_PDM\PDM_code\Atmel_studio\PDM_wCANFD\PDM_wCANFD\ArduinoCore\Debug\libArduinoCore.a(SPI.o)
                0x0080057d                SPI
 .bss.Wire      0x0080057e        0xc D:\Align Racing\GitHub\AR20-21\AR20_PDM\PDM_code\Atmel_studio\PDM_wCANFD\PDM_wCANFD\ArduinoCore\Debug\libArduinoCore.a(Wire.o)
                0x0080057e                Wire
 .bss._ZN7TwoWire14user_onReceiveE
                0x0080058a        0x2 D:\Align Racing\GitHub\AR20-21\AR20_PDM\PDM_code\Atmel_studio\PDM_wCANFD\PDM_wCANFD\ArduinoCore\Debug\libArduinoCore.a(Wire.o)
                0x0080058a                _ZN7TwoWire14user_onReceiveE
 .bss._ZN7TwoWire14user_onRequestE
                0x0080058c        0x2 D:\Align Racing\GitHub\AR20-21\AR20_PDM\PDM_code\Atmel_studio\PDM_wCANFD\PDM_wCANFD\ArduinoCore\Debug\libArduinoCore.a(Wire.o)
                0x0080058c                _ZN7TwoWire14user_onRequestE
 .bss._ZN7TwoWire12transmittingE
                0x0080058e        0x1 D:\Align Racing\GitHub\AR20-21\AR20_PDM\PDM_code\Atmel_studio\PDM_wCANFD\PDM_wCANFD\ArduinoCore\Debug\libArduinoCore.a(Wire.o)
                0x0080058e                _ZN7TwoWire12transmittingE
 .bss._ZN7TwoWire14txBufferLengthE
                0x0080058f        0x1 D:\Align Racing\GitHub\AR20-21\AR20_PDM\PDM_code\Atmel_studio\PDM_wCANFD\PDM_wCANFD\ArduinoCore\Debug\libArduinoCore.a(Wire.o)
                0x0080058f                _ZN7TwoWire14txBufferLengthE
 .bss._ZN7TwoWire13txBufferIndexE
                0x00800590        0x1 D:\Align Racing\GitHub\AR20-21\AR20_PDM\PDM_code\Atmel_studio\PDM_wCANFD\PDM_wCANFD\ArduinoCore\Debug\libArduinoCore.a(Wire.o)
                0x00800590                _ZN7TwoWire13txBufferIndexE
 .bss._ZN7TwoWire8txBufferE
                0x00800591       0x20 D:\Align Racing\GitHub\AR20-21\AR20_PDM\PDM_code\Atmel_studio\PDM_wCANFD\PDM_wCANFD\ArduinoCore\Debug\libArduinoCore.a(Wire.o)
                0x00800591                _ZN7TwoWire8txBufferE
 .bss._ZN7TwoWire9txAddressE
                0x008005b1        0x1 D:\Align Racing\GitHub\AR20-21\AR20_PDM\PDM_code\Atmel_studio\PDM_wCANFD\PDM_wCANFD\ArduinoCore\Debug\libArduinoCore.a(Wire.o)
                0x008005b1                _ZN7TwoWire9txAddressE
 .bss._ZN7TwoWire14rxBufferLengthE
                0x008005b2        0x1 D:\Align Racing\GitHub\AR20-21\AR20_PDM\PDM_code\Atmel_studio\PDM_wCANFD\PDM_wCANFD\ArduinoCore\Debug\libArduinoCore.a(Wire.o)
                0x008005b2                _ZN7TwoWire14rxBufferLengthE
 .bss._ZN7TwoWire13rxBufferIndexE
                0x008005b3        0x1 D:\Align Racing\GitHub\AR20-21\AR20_PDM\PDM_code\Atmel_studio\PDM_wCANFD\PDM_wCANFD\ArduinoCore\Debug\libArduinoCore.a(Wire.o)
                0x008005b3                _ZN7TwoWire13rxBufferIndexE
 .bss._ZN7TwoWire8rxBufferE
                0x008005b4       0x20 D:\Align Racing\GitHub\AR20-21\AR20_PDM\PDM_code\Atmel_studio\PDM_wCANFD\PDM_wCANFD\ArduinoCore\Debug\libArduinoCore.a(Wire.o)
                0x008005b4                _ZN7TwoWire8rxBufferE
 .bss.twi_error
                0x008005d4        0x1 D:\Align Racing\GitHub\AR20-21\AR20_PDM\PDM_code\Atmel_studio\PDM_wCANFD\PDM_wCANFD\ArduinoCore\Debug\libArduinoCore.a(twi.o)
 .bss.twi_rxBufferIndex
                0x008005d5        0x1 D:\Align Racing\GitHub\AR20-21\AR20_PDM\PDM_code\Atmel_studio\PDM_wCANFD\PDM_wCANFD\ArduinoCore\Debug\libArduinoCore.a(twi.o)
 .bss.twi_rxBuffer
                0x008005d6       0x20 D:\Align Racing\GitHub\AR20-21\AR20_PDM\PDM_code\Atmel_studio\PDM_wCANFD\PDM_wCANFD\ArduinoCore\Debug\libArduinoCore.a(twi.o)
 .bss.twi_txBufferLength
                0x008005f6        0x1 D:\Align Racing\GitHub\AR20-21\AR20_PDM\PDM_code\Atmel_studio\PDM_wCANFD\PDM_wCANFD\ArduinoCore\Debug\libArduinoCore.a(twi.o)
 .bss.twi_txBufferIndex
                0x008005f7        0x1 D:\Align Racing\GitHub\AR20-21\AR20_PDM\PDM_code\Atmel_studio\PDM_wCANFD\PDM_wCANFD\ArduinoCore\Debug\libArduinoCore.a(twi.o)
 .bss.twi_txBuffer
                0x008005f8       0x20 D:\Align Racing\GitHub\AR20-21\AR20_PDM\PDM_code\Atmel_studio\PDM_wCANFD\PDM_wCANFD\ArduinoCore\Debug\libArduinoCore.a(twi.o)
 .bss.twi_masterBufferLength
                0x00800618        0x1 D:\Align Racing\GitHub\AR20-21\AR20_PDM\PDM_code\Atmel_studio\PDM_wCANFD\PDM_wCANFD\ArduinoCore\Debug\libArduinoCore.a(twi.o)
 .bss.twi_masterBufferIndex
                0x00800619        0x1 D:\Align Racing\GitHub\AR20-21\AR20_PDM\PDM_code\Atmel_studio\PDM_wCANFD\PDM_wCANFD\ArduinoCore\Debug\libArduinoCore.a(twi.o)
 .bss.twi_masterBuffer
                0x0080061a       0x20 D:\Align Racing\GitHub\AR20-21\AR20_PDM\PDM_code\Atmel_studio\PDM_wCANFD\PDM_wCANFD\ArduinoCore\Debug\libArduinoCore.a(twi.o)
 .bss.twi_onSlaveReceive
                0x0080063a        0x2 D:\Align Racing\GitHub\AR20-21\AR20_PDM\PDM_code\Atmel_studio\PDM_wCANFD\PDM_wCANFD\ArduinoCore\Debug\libArduinoCore.a(twi.o)
 .bss.twi_onSlaveTransmit
                0x0080063c        0x2 D:\Align Racing\GitHub\AR20-21\AR20_PDM\PDM_code\Atmel_studio\PDM_wCANFD\PDM_wCANFD\ArduinoCore\Debug\libArduinoCore.a(twi.o)
 .bss.twi_do_reset_on_timeout
                0x0080063e        0x1 D:\Align Racing\GitHub\AR20-21\AR20_PDM\PDM_code\Atmel_studio\PDM_wCANFD\PDM_wCANFD\ArduinoCore\Debug\libArduinoCore.a(twi.o)
 .bss.twi_timed_out_flag
                0x0080063f        0x1 D:\Align Racing\GitHub\AR20-21\AR20_PDM\PDM_code\Atmel_studio\PDM_wCANFD\PDM_wCANFD\ArduinoCore\Debug\libArduinoCore.a(twi.o)
 .bss.twi_timeout_us
                0x00800640        0x4 D:\Align Racing\GitHub\AR20-21\AR20_PDM\PDM_code\Atmel_studio\PDM_wCANFD\PDM_wCANFD\ArduinoCore\Debug\libArduinoCore.a(twi.o)
 .bss.twi_inRepStart
                0x00800644        0x1 D:\Align Racing\GitHub\AR20-21\AR20_PDM\PDM_code\Atmel_studio\PDM_wCANFD\PDM_wCANFD\ArduinoCore\Debug\libArduinoCore.a(twi.o)
 .bss.twi_sendStop
                0x00800645        0x1 D:\Align Racing\GitHub\AR20-21\AR20_PDM\PDM_code\Atmel_studio\PDM_wCANFD\PDM_wCANFD\ArduinoCore\Debug\libArduinoCore.a(twi.o)
 .bss.twi_slarw
                0x00800646        0x1 D:\Align Racing\GitHub\AR20-21\AR20_PDM\PDM_code\Atmel_studio\PDM_wCANFD\PDM_wCANFD\ArduinoCore\Debug\libArduinoCore.a(twi.o)
 .bss.twi_state
                0x00800647        0x1 D:\Align Racing\GitHub\AR20-21\AR20_PDM\PDM_code\Atmel_studio\PDM_wCANFD\PDM_wCANFD\ArduinoCore\Debug\libArduinoCore.a(twi.o)
 *(COMMON)
 COMMON         0x00800648        0x4 d:/programmer/atmel studio/7.0/toolchain/avr8/avr8-gnu-toolchain/bin/../lib/gcc/avr/5.4.0/../../../../avr/lib/avr5\libc.a(malloc.o)
                0x00800648                __brkval
                0x0080064a                __flp
                0x0080064c                PROVIDE (__bss_end, .)
                0x00004cd0                __data_load_start = LOADADDR (.data)
                0x00004eb0                __data_load_end = (__data_load_start + SIZEOF (.data))

.noinit         0x0080064c        0x0
                [!provide]                PROVIDE (__noinit_start, .)
 *(.noinit*)
                [!provide]                PROVIDE (__noinit_end, .)
                0x0080064c                _end = .
                0x0080064c                PROVIDE (__heap_start, .)

.eeprom         0x00810000        0x0
 *(.eeprom*)
                0x00810000                __eeprom_end = .

.fuse
 *(.fuse)
 *(.lfuse)
 *(.hfuse)
 *(.efuse)

.lock
 *(.lock*)

.signature
 *(.signature*)

.user_signatures
 *(.user_signatures*)

.stab
 *(.stab)

.stabstr
 *(.stabstr)

.stab.excl
 *(.stab.excl)

.stab.exclstr
 *(.stab.exclstr)

.stab.index
 *(.stab.index)

.stab.indexstr
 *(.stab.indexstr)

.comment        0x00000000       0x30
 *(.comment)
 .comment       0x00000000       0x30 INA233.o
                                 0x31 (size before relaxing)
 .comment       0x00000030       0x31 Sketch.o
 .comment       0x00000030       0x31 D:\Align Racing\GitHub\AR20-21\AR20_PDM\PDM_code\Atmel_studio\PDM_wCANFD\PDM_wCANFD\ArduinoCore\Debug\libArduinoCore.a(HardwareSerial.o)
 .comment       0x00000030       0x31 D:\Align Racing\GitHub\AR20-21\AR20_PDM\PDM_code\Atmel_studio\PDM_wCANFD\PDM_wCANFD\ArduinoCore\Debug\libArduinoCore.a(HardwareSerial0.o)
 .comment       0x00000030       0x31 D:\Align Racing\GitHub\AR20-21\AR20_PDM\PDM_code\Atmel_studio\PDM_wCANFD\PDM_wCANFD\ArduinoCore\Debug\libArduinoCore.a(main.o)
 .comment       0x00000030       0x31 D:\Align Racing\GitHub\AR20-21\AR20_PDM\PDM_code\Atmel_studio\PDM_wCANFD\PDM_wCANFD\ArduinoCore\Debug\libArduinoCore.a(new.o)
 .comment       0x00000030       0x31 D:\Align Racing\GitHub\AR20-21\AR20_PDM\PDM_code\Atmel_studio\PDM_wCANFD\PDM_wCANFD\ArduinoCore\Debug\libArduinoCore.a(Print.o)
 .comment       0x00000030       0x31 D:\Align Racing\GitHub\AR20-21\AR20_PDM\PDM_code\Atmel_studio\PDM_wCANFD\PDM_wCANFD\ArduinoCore\Debug\libArduinoCore.a(wiring.o)
 .comment       0x00000030       0x31 D:\Align Racing\GitHub\AR20-21\AR20_PDM\PDM_code\Atmel_studio\PDM_wCANFD\PDM_wCANFD\ArduinoCore\Debug\libArduinoCore.a(wiring_digital.o)
 .comment       0x00000030       0x31 D:\Align Racing\GitHub\AR20-21\AR20_PDM\PDM_code\Atmel_studio\PDM_wCANFD\PDM_wCANFD\ArduinoCore\Debug\libArduinoCore.a(ACAN2517FD.o)
 .comment       0x00000030       0x31 D:\Align Racing\GitHub\AR20-21\AR20_PDM\PDM_code\Atmel_studio\PDM_wCANFD\PDM_wCANFD\ArduinoCore\Debug\libArduinoCore.a(ACAN2517FDSettings.o)
 .comment       0x00000030       0x31 D:\Align Racing\GitHub\AR20-21\AR20_PDM\PDM_code\Atmel_studio\PDM_wCANFD\PDM_wCANFD\ArduinoCore\Debug\libArduinoCore.a(SPI.o)
 .comment       0x00000030       0x31 D:\Align Racing\GitHub\AR20-21\AR20_PDM\PDM_code\Atmel_studio\PDM_wCANFD\PDM_wCANFD\ArduinoCore\Debug\libArduinoCore.a(Wire.o)
 .comment       0x00000030       0x31 D:\Align Racing\GitHub\AR20-21\AR20_PDM\PDM_code\Atmel_studio\PDM_wCANFD\PDM_wCANFD\ArduinoCore\Debug\libArduinoCore.a(WInterrupts.o)
 .comment       0x00000030       0x31 D:\Align Racing\GitHub\AR20-21\AR20_PDM\PDM_code\Atmel_studio\PDM_wCANFD\PDM_wCANFD\ArduinoCore\Debug\libArduinoCore.a(twi.o)
 .comment       0x00000030       0x31 d:/programmer/atmel studio/7.0/toolchain/avr8/avr8-gnu-toolchain/bin/../lib/gcc/avr/5.4.0/../../../../avr/lib/avr5\libc.a(malloc.o)

.note.gnu.avr.deviceinfo
                0x00000000       0x40
 .note.gnu.avr.deviceinfo
                0x00000000       0x40 D:/Programmer/Atmel Studio/7.0/Packs/atmel/ATmega_DFP/1.3.300/gcc/dev/atmega328p/avr5/crtatmega328p.o

.note.gnu.build-id
 *(.note.gnu.build-id)

.debug
 *(.debug)

.line
 *(.line)

.debug_srcinfo
 *(.debug_srcinfo)

.debug_sfnames
 *(.debug_sfnames)

.debug_aranges  0x00000000      0x7a8
 *(.debug_aranges)
 .debug_aranges
                0x00000000       0xb8 INA233.o
 .debug_aranges
                0x000000b8       0x50 Sketch.o
 .debug_aranges
                0x00000108       0x68 D:\Align Racing\GitHub\AR20-21\AR20_PDM\PDM_code\Atmel_studio\PDM_wCANFD\PDM_wCANFD\ArduinoCore\Debug\libArduinoCore.a(HardwareSerial.o)
 .debug_aranges
                0x00000170       0x48 D:\Align Racing\GitHub\AR20-21\AR20_PDM\PDM_code\Atmel_studio\PDM_wCANFD\PDM_wCANFD\ArduinoCore\Debug\libArduinoCore.a(HardwareSerial0.o)
 .debug_aranges
                0x000001b8       0x30 D:\Align Racing\GitHub\AR20-21\AR20_PDM\PDM_code\Atmel_studio\PDM_wCANFD\PDM_wCANFD\ArduinoCore\Debug\libArduinoCore.a(main.o)
 .debug_aranges
                0x000001e8       0x30 D:\Align Racing\GitHub\AR20-21\AR20_PDM\PDM_code\Atmel_studio\PDM_wCANFD\PDM_wCANFD\ArduinoCore\Debug\libArduinoCore.a(new.o)
 .debug_aranges
                0x00000218      0x100 D:\Align Racing\GitHub\AR20-21\AR20_PDM\PDM_code\Atmel_studio\PDM_wCANFD\PDM_wCANFD\ArduinoCore\Debug\libArduinoCore.a(Print.o)
 .debug_aranges
                0x00000318       0x48 D:\Align Racing\GitHub\AR20-21\AR20_PDM\PDM_code\Atmel_studio\PDM_wCANFD\PDM_wCANFD\ArduinoCore\Debug\libArduinoCore.a(wiring.o)
 .debug_aranges
                0x00000360       0x38 D:\Align Racing\GitHub\AR20-21\AR20_PDM\PDM_code\Atmel_studio\PDM_wCANFD\PDM_wCANFD\ArduinoCore\Debug\libArduinoCore.a(wiring_digital.o)
 .debug_aranges
                0x00000398      0x170 D:\Align Racing\GitHub\AR20-21\AR20_PDM\PDM_code\Atmel_studio\PDM_wCANFD\PDM_wCANFD\ArduinoCore\Debug\libArduinoCore.a(ACAN2517FD.o)
 .debug_aranges
                0x00000508       0x80 D:\Align Racing\GitHub\AR20-21\AR20_PDM\PDM_code\Atmel_studio\PDM_wCANFD\PDM_wCANFD\ArduinoCore\Debug\libArduinoCore.a(ACAN2517FDSettings.o)
 .debug_aranges
                0x00000588       0x38 D:\Align Racing\GitHub\AR20-21\AR20_PDM\PDM_code\Atmel_studio\PDM_wCANFD\PDM_wCANFD\ArduinoCore\Debug\libArduinoCore.a(SPI.o)
 .debug_aranges
                0x000005c0      0x110 D:\Align Racing\GitHub\AR20-21\AR20_PDM\PDM_code\Atmel_studio\PDM_wCANFD\PDM_wCANFD\ArduinoCore\Debug\libArduinoCore.a(Wire.o)
 .debug_aranges
                0x000006d0       0x40 D:\Align Racing\GitHub\AR20-21\AR20_PDM\PDM_code\Atmel_studio\PDM_wCANFD\PDM_wCANFD\ArduinoCore\Debug\libArduinoCore.a(WInterrupts.o)
 .debug_aranges
                0x00000710       0x98 D:\Align Racing\GitHub\AR20-21\AR20_PDM\PDM_code\Atmel_studio\PDM_wCANFD\PDM_wCANFD\ArduinoCore\Debug\libArduinoCore.a(twi.o)

.debug_pubnames
 *(.debug_pubnames)

.debug_info     0x00000000    0x15329
 *(.debug_info .gnu.linkonce.wi.*)
 .debug_info    0x00000000      0x5f4 D:/Programmer/Atmel Studio/7.0/Packs/atmel/ATmega_DFP/1.3.300/gcc/dev/atmega328p/avr5/crtatmega328p.o
 .debug_info    0x000005f4     0x1767 INA233.o
 .debug_info    0x00001d5b     0x314f Sketch.o
 .debug_info    0x00004eaa     0x1f64 D:\Align Racing\GitHub\AR20-21\AR20_PDM\PDM_code\Atmel_studio\PDM_wCANFD\PDM_wCANFD\ArduinoCore\Debug\libArduinoCore.a(HardwareSerial.o)
 .debug_info    0x00006e0e     0x1b16 D:\Align Racing\GitHub\AR20-21\AR20_PDM\PDM_code\Atmel_studio\PDM_wCANFD\PDM_wCANFD\ArduinoCore\Debug\libArduinoCore.a(HardwareSerial0.o)
 .debug_info    0x00008924      0x237 D:\Align Racing\GitHub\AR20-21\AR20_PDM\PDM_code\Atmel_studio\PDM_wCANFD\PDM_wCANFD\ArduinoCore\Debug\libArduinoCore.a(main.o)
 .debug_info    0x00008b5b      0x15f D:\Align Racing\GitHub\AR20-21\AR20_PDM\PDM_code\Atmel_studio\PDM_wCANFD\PDM_wCANFD\ArduinoCore\Debug\libArduinoCore.a(new.o)
 .debug_info    0x00008cba     0x28ff D:\Align Racing\GitHub\AR20-21\AR20_PDM\PDM_code\Atmel_studio\PDM_wCANFD\PDM_wCANFD\ArduinoCore\Debug\libArduinoCore.a(Print.o)
 .debug_info    0x0000b5b9      0x2cb D:\Align Racing\GitHub\AR20-21\AR20_PDM\PDM_code\Atmel_studio\PDM_wCANFD\PDM_wCANFD\ArduinoCore\Debug\libArduinoCore.a(wiring.o)
 .debug_info    0x0000b884      0x5fe D:\Align Racing\GitHub\AR20-21\AR20_PDM\PDM_code\Atmel_studio\PDM_wCANFD\PDM_wCANFD\ArduinoCore\Debug\libArduinoCore.a(wiring_digital.o)
 .debug_info    0x0000be82     0x4a06 D:\Align Racing\GitHub\AR20-21\AR20_PDM\PDM_code\Atmel_studio\PDM_wCANFD\PDM_wCANFD\ArduinoCore\Debug\libArduinoCore.a(ACAN2517FD.o)
 .debug_info    0x00010888     0x102e D:\Align Racing\GitHub\AR20-21\AR20_PDM\PDM_code\Atmel_studio\PDM_wCANFD\PDM_wCANFD\ArduinoCore\Debug\libArduinoCore.a(ACAN2517FDSettings.o)
 .debug_info    0x000118b6      0x66b D:\Align Racing\GitHub\AR20-21\AR20_PDM\PDM_code\Atmel_studio\PDM_wCANFD\PDM_wCANFD\ArduinoCore\Debug\libArduinoCore.a(SPI.o)
 .debug_info    0x00011f21     0x2910 D:\Align Racing\GitHub\AR20-21\AR20_PDM\PDM_code\Atmel_studio\PDM_wCANFD\PDM_wCANFD\ArduinoCore\Debug\libArduinoCore.a(Wire.o)
 .debug_info    0x00014831      0x21c D:\Align Racing\GitHub\AR20-21\AR20_PDM\PDM_code\Atmel_studio\PDM_wCANFD\PDM_wCANFD\ArduinoCore\Debug\libArduinoCore.a(WInterrupts.o)
 .debug_info    0x00014a4d      0x8dc D:\Align Racing\GitHub\AR20-21\AR20_PDM\PDM_code\Atmel_studio\PDM_wCANFD\PDM_wCANFD\ArduinoCore\Debug\libArduinoCore.a(twi.o)

.debug_abbrev   0x00000000     0x3957
 *(.debug_abbrev)
 .debug_abbrev  0x00000000      0x5a2 D:/Programmer/Atmel Studio/7.0/Packs/atmel/ATmega_DFP/1.3.300/gcc/dev/atmega328p/avr5/crtatmega328p.o
 .debug_abbrev  0x000005a2      0x3c2 INA233.o
 .debug_abbrev  0x00000964      0x714 Sketch.o
 .debug_abbrev  0x00001078      0x4b7 D:\Align Racing\GitHub\AR20-21\AR20_PDM\PDM_code\Atmel_studio\PDM_wCANFD\PDM_wCANFD\ArduinoCore\Debug\libArduinoCore.a(HardwareSerial.o)
 .debug_abbrev  0x0000152f      0x3ce D:\Align Racing\GitHub\AR20-21\AR20_PDM\PDM_code\Atmel_studio\PDM_wCANFD\PDM_wCANFD\ArduinoCore\Debug\libArduinoCore.a(HardwareSerial0.o)
 .debug_abbrev  0x000018fd      0x12d D:\Align Racing\GitHub\AR20-21\AR20_PDM\PDM_code\Atmel_studio\PDM_wCANFD\PDM_wCANFD\ArduinoCore\Debug\libArduinoCore.a(main.o)
 .debug_abbrev  0x00001a2a      0x109 D:\Align Racing\GitHub\AR20-21\AR20_PDM\PDM_code\Atmel_studio\PDM_wCANFD\PDM_wCANFD\ArduinoCore\Debug\libArduinoCore.a(new.o)
 .debug_abbrev  0x00001b33      0x47a D:\Align Racing\GitHub\AR20-21\AR20_PDM\PDM_code\Atmel_studio\PDM_wCANFD\PDM_wCANFD\ArduinoCore\Debug\libArduinoCore.a(Print.o)
 .debug_abbrev  0x00001fad      0x146 D:\Align Racing\GitHub\AR20-21\AR20_PDM\PDM_code\Atmel_studio\PDM_wCANFD\PDM_wCANFD\ArduinoCore\Debug\libArduinoCore.a(wiring.o)
 .debug_abbrev  0x000020f3      0x15b D:\Align Racing\GitHub\AR20-21\AR20_PDM\PDM_code\Atmel_studio\PDM_wCANFD\PDM_wCANFD\ArduinoCore\Debug\libArduinoCore.a(wiring_digital.o)
 .debug_abbrev  0x0000224e      0x789 D:\Align Racing\GitHub\AR20-21\AR20_PDM\PDM_code\Atmel_studio\PDM_wCANFD\PDM_wCANFD\ArduinoCore\Debug\libArduinoCore.a(ACAN2517FD.o)
 .debug_abbrev  0x000029d7      0x3ac D:\Align Racing\GitHub\AR20-21\AR20_PDM\PDM_code\Atmel_studio\PDM_wCANFD\PDM_wCANFD\ArduinoCore\Debug\libArduinoCore.a(ACAN2517FDSettings.o)
 .debug_abbrev  0x00002d83      0x283 D:\Align Racing\GitHub\AR20-21\AR20_PDM\PDM_code\Atmel_studio\PDM_wCANFD\PDM_wCANFD\ArduinoCore\Debug\libArduinoCore.a(SPI.o)
 .debug_abbrev  0x00003006      0x563 D:\Align Racing\GitHub\AR20-21\AR20_PDM\PDM_code\Atmel_studio\PDM_wCANFD\PDM_wCANFD\ArduinoCore\Debug\libArduinoCore.a(Wire.o)
 .debug_abbrev  0x00003569       0xfc D:\Align Racing\GitHub\AR20-21\AR20_PDM\PDM_code\Atmel_studio\PDM_wCANFD\PDM_wCANFD\ArduinoCore\Debug\libArduinoCore.a(WInterrupts.o)
 .debug_abbrev  0x00003665      0x2f2 D:\Align Racing\GitHub\AR20-21\AR20_PDM\PDM_code\Atmel_studio\PDM_wCANFD\PDM_wCANFD\ArduinoCore\Debug\libArduinoCore.a(twi.o)

.debug_line     0x00000000     0x4df0
 *(.debug_line .debug_line.* .debug_line_end)
 .debug_line    0x00000000      0x133 D:/Programmer/Atmel Studio/7.0/Packs/atmel/ATmega_DFP/1.3.300/gcc/dev/atmega328p/avr5/crtatmega328p.o
 .debug_line    0x00000133      0x7ac INA233.o
 .debug_line    0x000008df      0x574 Sketch.o
 .debug_line    0x00000e53      0x4a9 D:\Align Racing\GitHub\AR20-21\AR20_PDM\PDM_code\Atmel_studio\PDM_wCANFD\PDM_wCANFD\ArduinoCore\Debug\libArduinoCore.a(HardwareSerial.o)
 .debug_line    0x000012fc      0x27a D:\Align Racing\GitHub\AR20-21\AR20_PDM\PDM_code\Atmel_studio\PDM_wCANFD\PDM_wCANFD\ArduinoCore\Debug\libArduinoCore.a(HardwareSerial0.o)
 .debug_line    0x00001576      0x15c D:\Align Racing\GitHub\AR20-21\AR20_PDM\PDM_code\Atmel_studio\PDM_wCANFD\PDM_wCANFD\ArduinoCore\Debug\libArduinoCore.a(main.o)
 .debug_line    0x000016d2      0x133 D:\Align Racing\GitHub\AR20-21\AR20_PDM\PDM_code\Atmel_studio\PDM_wCANFD\PDM_wCANFD\ArduinoCore\Debug\libArduinoCore.a(new.o)
 .debug_line    0x00001805      0x673 D:\Align Racing\GitHub\AR20-21\AR20_PDM\PDM_code\Atmel_studio\PDM_wCANFD\PDM_wCANFD\ArduinoCore\Debug\libArduinoCore.a(Print.o)
 .debug_line    0x00001e78      0x290 D:\Align Racing\GitHub\AR20-21\AR20_PDM\PDM_code\Atmel_studio\PDM_wCANFD\PDM_wCANFD\ArduinoCore\Debug\libArduinoCore.a(wiring.o)
 .debug_line    0x00002108      0x249 D:\Align Racing\GitHub\AR20-21\AR20_PDM\PDM_code\Atmel_studio\PDM_wCANFD\PDM_wCANFD\ArduinoCore\Debug\libArduinoCore.a(wiring_digital.o)
 .debug_line    0x00002351     0x1351 D:\Align Racing\GitHub\AR20-21\AR20_PDM\PDM_code\Atmel_studio\PDM_wCANFD\PDM_wCANFD\ArduinoCore\Debug\libArduinoCore.a(ACAN2517FD.o)
 .debug_line    0x000036a2      0x616 D:\Align Racing\GitHub\AR20-21\AR20_PDM\PDM_code\Atmel_studio\PDM_wCANFD\PDM_wCANFD\ArduinoCore\Debug\libArduinoCore.a(ACAN2517FDSettings.o)
 .debug_line    0x00003cb8      0x2d1 D:\Align Racing\GitHub\AR20-21\AR20_PDM\PDM_code\Atmel_studio\PDM_wCANFD\PDM_wCANFD\ArduinoCore\Debug\libArduinoCore.a(SPI.o)
 .debug_line    0x00003f89      0x625 D:\Align Racing\GitHub\AR20-21\AR20_PDM\PDM_code\Atmel_studio\PDM_wCANFD\PDM_wCANFD\ArduinoCore\Debug\libArduinoCore.a(Wire.o)
 .debug_line    0x000045ae      0x199 D:\Align Racing\GitHub\AR20-21\AR20_PDM\PDM_code\Atmel_studio\PDM_wCANFD\PDM_wCANFD\ArduinoCore\Debug\libArduinoCore.a(WInterrupts.o)
 .debug_line    0x00004747      0x6a9 D:\Align Racing\GitHub\AR20-21\AR20_PDM\PDM_code\Atmel_studio\PDM_wCANFD\PDM_wCANFD\ArduinoCore\Debug\libArduinoCore.a(twi.o)

.debug_frame    0x00000000     0x1b10
 *(.debug_frame)
 .debug_frame   0x00000000      0x36c INA233.o
 .debug_frame   0x0000036c       0xe8 Sketch.o
 .debug_frame   0x00000454      0x110 D:\Align Racing\GitHub\AR20-21\AR20_PDM\PDM_code\Atmel_studio\PDM_wCANFD\PDM_wCANFD\ArduinoCore\Debug\libArduinoCore.a(HardwareSerial.o)
 .debug_frame   0x00000564       0xe0 D:\Align Racing\GitHub\AR20-21\AR20_PDM\PDM_code\Atmel_studio\PDM_wCANFD\PDM_wCANFD\ArduinoCore\Debug\libArduinoCore.a(HardwareSerial0.o)
 .debug_frame   0x00000644       0x54 D:\Align Racing\GitHub\AR20-21\AR20_PDM\PDM_code\Atmel_studio\PDM_wCANFD\PDM_wCANFD\ArduinoCore\Debug\libArduinoCore.a(main.o)
 .debug_frame   0x00000698       0x64 D:\Align Racing\GitHub\AR20-21\AR20_PDM\PDM_code\Atmel_studio\PDM_wCANFD\PDM_wCANFD\ArduinoCore\Debug\libArduinoCore.a(new.o)
 .debug_frame   0x000006fc      0x3ac D:\Align Racing\GitHub\AR20-21\AR20_PDM\PDM_code\Atmel_studio\PDM_wCANFD\PDM_wCANFD\ArduinoCore\Debug\libArduinoCore.a(Print.o)
 .debug_frame   0x00000aa8       0xc4 D:\Align Racing\GitHub\AR20-21\AR20_PDM\PDM_code\Atmel_studio\PDM_wCANFD\PDM_wCANFD\ArduinoCore\Debug\libArduinoCore.a(wiring.o)
 .debug_frame   0x00000b6c       0x7c D:\Align Racing\GitHub\AR20-21\AR20_PDM\PDM_code\Atmel_studio\PDM_wCANFD\PDM_wCANFD\ArduinoCore\Debug\libArduinoCore.a(wiring_digital.o)
 .debug_frame   0x00000be8      0x6f8 D:\Align Racing\GitHub\AR20-21\AR20_PDM\PDM_code\Atmel_studio\PDM_wCANFD\PDM_wCANFD\ArduinoCore\Debug\libArduinoCore.a(ACAN2517FD.o)
 .debug_frame   0x000012e0      0x228 D:\Align Racing\GitHub\AR20-21\AR20_PDM\PDM_code\Atmel_studio\PDM_wCANFD\PDM_wCANFD\ArduinoCore\Debug\libArduinoCore.a(ACAN2517FDSettings.o)
 .debug_frame   0x00001508       0x5c D:\Align Racing\GitHub\AR20-21\AR20_PDM\PDM_code\Atmel_studio\PDM_wCANFD\PDM_wCANFD\ArduinoCore\Debug\libArduinoCore.a(SPI.o)
 .debug_frame   0x00001564      0x2b0 D:\Align Racing\GitHub\AR20-21\AR20_PDM\PDM_code\Atmel_studio\PDM_wCANFD\PDM_wCANFD\ArduinoCore\Debug\libArduinoCore.a(Wire.o)
 .debug_frame   0x00001814       0xf4 D:\Align Racing\GitHub\AR20-21\AR20_PDM\PDM_code\Atmel_studio\PDM_wCANFD\PDM_wCANFD\ArduinoCore\Debug\libArduinoCore.a(WInterrupts.o)
 .debug_frame   0x00001908      0x208 D:\Align Racing\GitHub\AR20-21\AR20_PDM\PDM_code\Atmel_studio\PDM_wCANFD\PDM_wCANFD\ArduinoCore\Debug\libArduinoCore.a(twi.o)

.debug_str      0x00000000     0x5f9c
 *(.debug_str)
 .debug_str     0x00000000      0x208 D:/Programmer/Atmel Studio/7.0/Packs/atmel/ATmega_DFP/1.3.300/gcc/dev/atmega328p/avr5/crtatmega328p.o
 .debug_str     0x00000208      0x970 INA233.o
                                0xa32 (size before relaxing)
 .debug_str     0x00000b78     0x2bdd Sketch.o
                               0x34b0 (size before relaxing)
 .debug_str     0x00003755     0x130a D:\Align Racing\GitHub\AR20-21\AR20_PDM\PDM_code\Atmel_studio\PDM_wCANFD\PDM_wCANFD\ArduinoCore\Debug\libArduinoCore.a(HardwareSerial.o)
                               0x1626 (size before relaxing)
 .debug_str     0x00004a5f       0x86 D:\Align Racing\GitHub\AR20-21\AR20_PDM\PDM_code\Atmel_studio\PDM_wCANFD\PDM_wCANFD\ArduinoCore\Debug\libArduinoCore.a(HardwareSerial0.o)
                               0x1419 (size before relaxing)
 .debug_str     0x00004ae5       0x37 D:\Align Racing\GitHub\AR20-21\AR20_PDM\PDM_code\Atmel_studio\PDM_wCANFD\PDM_wCANFD\ArduinoCore\Debug\libArduinoCore.a(main.o)
                                0x2c5 (size before relaxing)
 .debug_str     0x00004b1c       0x4b D:\Align Racing\GitHub\AR20-21\AR20_PDM\PDM_code\Atmel_studio\PDM_wCANFD\PDM_wCANFD\ArduinoCore\Debug\libArduinoCore.a(new.o)
                                0x1f0 (size before relaxing)
 .debug_str     0x00004b67      0x2d3 D:\Align Racing\GitHub\AR20-21\AR20_PDM\PDM_code\Atmel_studio\PDM_wCANFD\PDM_wCANFD\ArduinoCore\Debug\libArduinoCore.a(Print.o)
                               0x1253 (size before relaxing)
 .debug_str     0x00004e3a      0x159 D:\Align Racing\GitHub\AR20-21\AR20_PDM\PDM_code\Atmel_studio\PDM_wCANFD\PDM_wCANFD\ArduinoCore\Debug\libArduinoCore.a(wiring.o)
                                0x25b (size before relaxing)
 .debug_str     0x00004f93       0xcf D:\Align Racing\GitHub\AR20-21\AR20_PDM\PDM_code\Atmel_studio\PDM_wCANFD\PDM_wCANFD\ArduinoCore\Debug\libArduinoCore.a(wiring_digital.o)
                                0x2c0 (size before relaxing)
 .debug_str     0x00005062      0x4e5 D:\Align Racing\GitHub\AR20-21\AR20_PDM\PDM_code\Atmel_studio\PDM_wCANFD\PDM_wCANFD\ArduinoCore\Debug\libArduinoCore.a(ACAN2517FD.o)
                               0x2e08 (size before relaxing)
 .debug_str     0x00005547      0x1aa D:\Align Racing\GitHub\AR20-21\AR20_PDM\PDM_code\Atmel_studio\PDM_wCANFD\PDM_wCANFD\ArduinoCore\Debug\libArduinoCore.a(ACAN2517FDSettings.o)
                               0x11f4 (size before relaxing)
 .debug_str     0x000056f1       0x9f D:\Align Racing\GitHub\AR20-21\AR20_PDM\PDM_code\Atmel_studio\PDM_wCANFD\PDM_wCANFD\ArduinoCore\Debug\libArduinoCore.a(SPI.o)
                                0x6be (size before relaxing)
 .debug_str     0x00005790      0x58a D:\Align Racing\GitHub\AR20-21\AR20_PDM\PDM_code\Atmel_studio\PDM_wCANFD\PDM_wCANFD\ArduinoCore\Debug\libArduinoCore.a(Wire.o)
                               0x19b6 (size before relaxing)
 .debug_str     0x00005d1a       0x62 D:\Align Racing\GitHub\AR20-21\AR20_PDM\PDM_code\Atmel_studio\PDM_wCANFD\PDM_wCANFD\ArduinoCore\Debug\libArduinoCore.a(WInterrupts.o)
                                0x248 (size before relaxing)
 .debug_str     0x00005d7c      0x220 D:\Align Racing\GitHub\AR20-21\AR20_PDM\PDM_code\Atmel_studio\PDM_wCANFD\PDM_wCANFD\ArduinoCore\Debug\libArduinoCore.a(twi.o)
                                0x50a (size before relaxing)

.debug_loc      0x00000000     0x9f4e
 *(.debug_loc)
 .debug_loc     0x00000000     0x11a1 INA233.o
 .debug_loc     0x000011a1      0x37b Sketch.o
 .debug_loc     0x0000151c      0x4dc D:\Align Racing\GitHub\AR20-21\AR20_PDM\PDM_code\Atmel_studio\PDM_wCANFD\PDM_wCANFD\ArduinoCore\Debug\libArduinoCore.a(HardwareSerial.o)
 .debug_loc     0x000019f8      0x1b0 D:\Align Racing\GitHub\AR20-21\AR20_PDM\PDM_code\Atmel_studio\PDM_wCANFD\PDM_wCANFD\ArduinoCore\Debug\libArduinoCore.a(HardwareSerial0.o)
 .debug_loc     0x00001ba8       0x72 D:\Align Racing\GitHub\AR20-21\AR20_PDM\PDM_code\Atmel_studio\PDM_wCANFD\PDM_wCANFD\ArduinoCore\Debug\libArduinoCore.a(new.o)
 .debug_loc     0x00001c1a     0x1c87 D:\Align Racing\GitHub\AR20-21\AR20_PDM\PDM_code\Atmel_studio\PDM_wCANFD\PDM_wCANFD\ArduinoCore\Debug\libArduinoCore.a(Print.o)
 .debug_loc     0x000038a1      0x28d D:\Align Racing\GitHub\AR20-21\AR20_PDM\PDM_code\Atmel_studio\PDM_wCANFD\PDM_wCANFD\ArduinoCore\Debug\libArduinoCore.a(wiring.o)
 .debug_loc     0x00003b2e      0x5fc D:\Align Racing\GitHub\AR20-21\AR20_PDM\PDM_code\Atmel_studio\PDM_wCANFD\PDM_wCANFD\ArduinoCore\Debug\libArduinoCore.a(wiring_digital.o)
 .debug_loc     0x0000412a     0x34ca D:\Align Racing\GitHub\AR20-21\AR20_PDM\PDM_code\Atmel_studio\PDM_wCANFD\PDM_wCANFD\ArduinoCore\Debug\libArduinoCore.a(ACAN2517FD.o)
 .debug_loc     0x000075f4     0x1007 D:\Align Racing\GitHub\AR20-21\AR20_PDM\PDM_code\Atmel_studio\PDM_wCANFD\PDM_wCANFD\ArduinoCore\Debug\libArduinoCore.a(ACAN2517FDSettings.o)
 .debug_loc     0x000085fb      0x1e4 D:\Align Racing\GitHub\AR20-21\AR20_PDM\PDM_code\Atmel_studio\PDM_wCANFD\PDM_wCANFD\ArduinoCore\Debug\libArduinoCore.a(SPI.o)
 .debug_loc     0x000087df      0xcbb D:\Align Racing\GitHub\AR20-21\AR20_PDM\PDM_code\Atmel_studio\PDM_wCANFD\PDM_wCANFD\ArduinoCore\Debug\libArduinoCore.a(Wire.o)
 .debug_loc     0x0000949a      0x235 D:\Align Racing\GitHub\AR20-21\AR20_PDM\PDM_code\Atmel_studio\PDM_wCANFD\PDM_wCANFD\ArduinoCore\Debug\libArduinoCore.a(WInterrupts.o)
 .debug_loc     0x000096cf      0x87f D:\Align Racing\GitHub\AR20-21\AR20_PDM\PDM_code\Atmel_studio\PDM_wCANFD\PDM_wCANFD\ArduinoCore\Debug\libArduinoCore.a(twi.o)

.debug_macinfo
 *(.debug_macinfo)

.debug_weaknames
 *(.debug_weaknames)

.debug_funcnames
 *(.debug_funcnames)

.debug_typenames
 *(.debug_typenames)

.debug_varnames
 *(.debug_varnames)

.debug_pubtypes
 *(.debug_pubtypes)

.debug_ranges   0x00000000      0x798
 *(.debug_ranges)
 .debug_ranges  0x00000000       0xa8 INA233.o
 .debug_ranges  0x000000a8       0x58 Sketch.o
 .debug_ranges  0x00000100       0x58 D:\Align Racing\GitHub\AR20-21\AR20_PDM\PDM_code\Atmel_studio\PDM_wCANFD\PDM_wCANFD\ArduinoCore\Debug\libArduinoCore.a(HardwareSerial.o)
 .debug_ranges  0x00000158       0x38 D:\Align Racing\GitHub\AR20-21\AR20_PDM\PDM_code\Atmel_studio\PDM_wCANFD\PDM_wCANFD\ArduinoCore\Debug\libArduinoCore.a(HardwareSerial0.o)
 .debug_ranges  0x00000190       0x20 D:\Align Racing\GitHub\AR20-21\AR20_PDM\PDM_code\Atmel_studio\PDM_wCANFD\PDM_wCANFD\ArduinoCore\Debug\libArduinoCore.a(main.o)
 .debug_ranges  0x000001b0       0x20 D:\Align Racing\GitHub\AR20-21\AR20_PDM\PDM_code\Atmel_studio\PDM_wCANFD\PDM_wCANFD\ArduinoCore\Debug\libArduinoCore.a(new.o)
 .debug_ranges  0x000001d0      0x120 D:\Align Racing\GitHub\AR20-21\AR20_PDM\PDM_code\Atmel_studio\PDM_wCANFD\PDM_wCANFD\ArduinoCore\Debug\libArduinoCore.a(Print.o)
 .debug_ranges  0x000002f0       0x38 D:\Align Racing\GitHub\AR20-21\AR20_PDM\PDM_code\Atmel_studio\PDM_wCANFD\PDM_wCANFD\ArduinoCore\Debug\libArduinoCore.a(wiring.o)
 .debug_ranges  0x00000328       0x28 D:\Align Racing\GitHub\AR20-21\AR20_PDM\PDM_code\Atmel_studio\PDM_wCANFD\PDM_wCANFD\ArduinoCore\Debug\libArduinoCore.a(wiring_digital.o)
 .debug_ranges  0x00000350      0x1f8 D:\Align Racing\GitHub\AR20-21\AR20_PDM\PDM_code\Atmel_studio\PDM_wCANFD\PDM_wCANFD\ArduinoCore\Debug\libArduinoCore.a(ACAN2517FD.o)
 .debug_ranges  0x00000548       0x70 D:\Align Racing\GitHub\AR20-21\AR20_PDM\PDM_code\Atmel_studio\PDM_wCANFD\PDM_wCANFD\ArduinoCore\Debug\libArduinoCore.a(ACAN2517FDSettings.o)
 .debug_ranges  0x000005b8       0x28 D:\Align Racing\GitHub\AR20-21\AR20_PDM\PDM_code\Atmel_studio\PDM_wCANFD\PDM_wCANFD\ArduinoCore\Debug\libArduinoCore.a(SPI.o)
 .debug_ranges  0x000005e0      0x100 D:\Align Racing\GitHub\AR20-21\AR20_PDM\PDM_code\Atmel_studio\PDM_wCANFD\PDM_wCANFD\ArduinoCore\Debug\libArduinoCore.a(Wire.o)
 .debug_ranges  0x000006e0       0x30 D:\Align Racing\GitHub\AR20-21\AR20_PDM\PDM_code\Atmel_studio\PDM_wCANFD\PDM_wCANFD\ArduinoCore\Debug\libArduinoCore.a(WInterrupts.o)
 .debug_ranges  0x00000710       0x88 D:\Align Racing\GitHub\AR20-21\AR20_PDM\PDM_code\Atmel_studio\PDM_wCANFD\PDM_wCANFD\ArduinoCore\Debug\libArduinoCore.a(twi.o)

.debug_macro
 *(.debug_macro)
OUTPUT(pdm_sketch.elf elf32-avr)
LOAD linker stubs