Archive member included to satisfy reference by file (symbol)

d:/programmer/atmel studio/7.0/toolchain/avr8/avr8-gnu-toolchain/bin/../lib/gcc/avr/5.4.0/../../../../avr/lib/avr5\libm.a(addsf3.o)
                              INA233.o (__subsf3)
d:/programmer/atmel studio/7.0/toolchain/avr8/avr8-gnu-toolchain/bin/../lib/gcc/avr/5.4.0/../../../../avr/lib/avr5\libm.a(addsf3x.o)
                              d:/programmer/atmel studio/7.0/toolchain/avr8/avr8-gnu-toolchain/bin/../lib/gcc/avr/5.4.0/../../../../avr/lib/avr5\libm.a(addsf3.o) (__addsf3x)
d:/programmer/atmel studio/7.0/toolchain/avr8/avr8-gnu-toolchain/bin/../lib/gcc/avr/5.4.0/../../../../avr/lib/avr5\libm.a(divsf3.o)
                              INA233.o (__divsf3)
d:/programmer/atmel studio/7.0/toolchain/avr8/avr8-gnu-toolchain/bin/../lib/gcc/avr/5.4.0/../../../../avr/lib/avr5\libm.a(divsf3x.o)
                              d:/programmer/atmel studio/7.0/toolchain/avr8/avr8-gnu-toolchain/bin/../lib/gcc/avr/5.4.0/../../../../avr/lib/avr5\libm.a(divsf3.o) (__divsf3x)
d:/programmer/atmel studio/7.0/toolchain/avr8/avr8-gnu-toolchain/bin/../lib/gcc/avr/5.4.0/../../../../avr/lib/avr5\libm.a(fixsfsi.o)
                              INA233.o (__fixsfsi)
d:/programmer/atmel studio/7.0/toolchain/avr8/avr8-gnu-toolchain/bin/../lib/gcc/avr/5.4.0/../../../../avr/lib/avr5\libm.a(fixunssfsi.o)
                              d:/programmer/atmel studio/7.0/toolchain/avr8/avr8-gnu-toolchain/bin/../lib/gcc/avr/5.4.0/../../../../avr/lib/avr5\libm.a(fixsfsi.o) (__fixunssfsi)
d:/programmer/atmel studio/7.0/toolchain/avr8/avr8-gnu-toolchain/bin/../lib/gcc/avr/5.4.0/../../../../avr/lib/avr5\libm.a(floatsisf.o)
                              INA233.o (__floatunsisf)
d:/programmer/atmel studio/7.0/toolchain/avr8/avr8-gnu-toolchain/bin/../lib/gcc/avr/5.4.0/../../../../avr/lib/avr5\libm.a(fp_inf.o)
                              d:/programmer/atmel studio/7.0/toolchain/avr8/avr8-gnu-toolchain/bin/../lib/gcc/avr/5.4.0/../../../../avr/lib/avr5\libm.a(addsf3x.o) (__fp_inf)
d:/programmer/atmel studio/7.0/toolchain/avr8/avr8-gnu-toolchain/bin/../lib/gcc/avr/5.4.0/../../../../avr/lib/avr5\libm.a(fp_nan.o)
                              d:/programmer/atmel studio/7.0/toolchain/avr8/avr8-gnu-toolchain/bin/../lib/gcc/avr/5.4.0/../../../../avr/lib/avr5\libm.a(addsf3x.o) (__fp_nan)
d:/programmer/atmel studio/7.0/toolchain/avr8/avr8-gnu-toolchain/bin/../lib/gcc/avr/5.4.0/../../../../avr/lib/avr5\libm.a(fp_pscA.o)
                              d:/programmer/atmel studio/7.0/toolchain/avr8/avr8-gnu-toolchain/bin/../lib/gcc/avr/5.4.0/../../../../avr/lib/avr5\libm.a(addsf3x.o) (__fp_pscA)
d:/programmer/atmel studio/7.0/toolchain/avr8/avr8-gnu-toolchain/bin/../lib/gcc/avr/5.4.0/../../../../avr/lib/avr5\libm.a(fp_pscB.o)
                              d:/programmer/atmel studio/7.0/toolchain/avr8/avr8-gnu-toolchain/bin/../lib/gcc/avr/5.4.0/../../../../avr/lib/avr5\libm.a(addsf3x.o) (__fp_pscB)
d:/programmer/atmel studio/7.0/toolchain/avr8/avr8-gnu-toolchain/bin/../lib/gcc/avr/5.4.0/../../../../avr/lib/avr5\libm.a(fp_round.o)
                              d:/programmer/atmel studio/7.0/toolchain/avr8/avr8-gnu-toolchain/bin/../lib/gcc/avr/5.4.0/../../../../avr/lib/avr5\libm.a(addsf3.o) (__fp_round)
d:/programmer/atmel studio/7.0/toolchain/avr8/avr8-gnu-toolchain/bin/../lib/gcc/avr/5.4.0/../../../../avr/lib/avr5\libm.a(fp_split3.o)
                              d:/programmer/atmel studio/7.0/toolchain/avr8/avr8-gnu-toolchain/bin/../lib/gcc/avr/5.4.0/../../../../avr/lib/avr5\libm.a(addsf3x.o) (__fp_split3)
d:/programmer/atmel studio/7.0/toolchain/avr8/avr8-gnu-toolchain/bin/../lib/gcc/avr/5.4.0/../../../../avr/lib/avr5\libm.a(fp_zero.o)
                              d:/programmer/atmel studio/7.0/toolchain/avr8/avr8-gnu-toolchain/bin/../lib/gcc/avr/5.4.0/../../../../avr/lib/avr5\libm.a(addsf3x.o) (__fp_zero)
d:/programmer/atmel studio/7.0/toolchain/avr8/avr8-gnu-toolchain/bin/../lib/gcc/avr/5.4.0/../../../../avr/lib/avr5\libm.a(gesf2.o)
                              INA233.o (__gesf2)
d:/programmer/atmel studio/7.0/toolchain/avr8/avr8-gnu-toolchain/bin/../lib/gcc/avr/5.4.0/../../../../avr/lib/avr5\libm.a(mulsf3.o)
                              INA233.o (__mulsf3)
d:/programmer/atmel studio/7.0/toolchain/avr8/avr8-gnu-toolchain/bin/../lib/gcc/avr/5.4.0/../../../../avr/lib/avr5\libm.a(mulsf3x.o)
                              d:/programmer/atmel studio/7.0/toolchain/avr8/avr8-gnu-toolchain/bin/../lib/gcc/avr/5.4.0/../../../../avr/lib/avr5\libm.a(mulsf3.o) (__mulsf3x)
d:/programmer/atmel studio/7.0/toolchain/avr8/avr8-gnu-toolchain/bin/../lib/gcc/avr/5.4.0/../../../../avr/lib/avr5\libm.a(fp_cmp.o)
                              d:/programmer/atmel studio/7.0/toolchain/avr8/avr8-gnu-toolchain/bin/../lib/gcc/avr/5.4.0/../../../../avr/lib/avr5\libm.a(gesf2.o) (__fp_cmp)
D:\Align Racing\GitHub\AR20-21\AR20_PDM\PDM_code\Atmel_studio\PDM_wCANFD\PDM_wCANFD\ArduinoCore\Debug\libArduinoCore.a(HardwareSerial0.o)
[...]
Memory Configuration

Name             Origin             Length             Attributes
text             0x00000000         0x00020000         xr
data             0x00800060         0x0000ffa0         rw !x
eeprom           0x00810000         0x00010000         rw !x
fuse             0x00820000         0x00000003         rw !x
lock             0x00830000         0x00000400         rw !x
signature        0x00840000         0x00000400         rw !x
user_signatures  0x00850000         0x00000400         rw !x
*default*        0x00000000         0xffffffff

Linker script and memory map

Address of section .data set to 0x800100
LOAD D:/Programmer/Atmel Studio/7.0/Packs/atmel/ATmega_DFP/1.3.300/gcc/dev/atmega328p/avr5/crtatmega328p.o
LOAD INA233.o
LOAD INA233_errorHandler.o
LOAD Port_expander.o
LOAD Sketch.o
START GROUP
LOAD d:/programmer/atmel studio/7.0/toolchain/avr8/avr8-gnu-toolchain/bin/../lib/gcc/avr/5.4.0/../../../../avr/lib/avr5\libm.a
LOAD D:\Align Racing\GitHub\AR20-21\AR20_PDM\PDM_code\Atmel_studio\PDM_wCANFD\PDM_wCANFD\ArduinoCore\Debug\libArduinoCore.a
END GROUP
LOAD d:/programmer/atmel studio/7.0/toolchain/avr8/avr8-gnu-toolchain/bin/../lib/gcc/avr/5.4.0/avr5\libgcc.a
LOAD d:/programmer/atmel studio/7.0/toolchain/avr8/avr8-gnu-toolchain/bin/../lib/gcc/avr/5.4.0/../../../../avr/lib/avr5\libm.a
START GROUP
LOAD d:/programmer/atmel studio/7.0/toolchain/avr8/avr8-gnu-toolchain/bin/../lib/gcc/avr/5.4.0/avr5\libgcc.a
LOAD d:/programmer/atmel studio/7.0/toolchain/avr8/avr8-gnu-toolchain/bin/../lib/gcc/avr/5.4.0/../../../../avr/lib/avr5\libm.a
LOAD d:/programmer/atmel studio/7.0/toolchain/avr8/avr8-gnu-toolchain/bin/../lib/gcc/avr/5.4.0/../../../../avr/lib/avr5\libc.a
LOAD D:/Programmer/Atmel Studio/7.0/Packs/atmel/ATmega_DFP/1.3.300/gcc/dev/atmega328p/avr5\libatmega328p.a
END GROUP
                0x00000000                __TEXT_REGION_ORIGIN__ = DEFINED (__TEXT_REGION_ORIGIN__)?__TEXT_REGION_ORIGIN__:0x0
                0x00800060                __DATA_REGION_ORIGIN__ = DEFINED (__DATA_REGION_ORIGIN__)?__DATA_REGION_ORIGIN__:0x800060
                0x00020000                __TEXT_REGION_LENGTH__ = DEFINED (__TEXT_REGION_LENGTH__)?__TEXT_REGION_LENGTH__:0x20000
                0x0000ffa0                __DATA_REGION_LENGTH__ = DEFINED (__DATA_REGION_LENGTH__)?__DATA_REGION_LENGTH__:0xffa0
                0x00010000                __EEPROM_REGION_LENGTH__ = DEFINED (__EEPROM_REGION_LENGTH__)?__EEPROM_REGION_LENGTH__:0x10000
                [0x00000003]                __FUSE_REGION_LENGTH__ = DEFINED (__FUSE_REGION_LENGTH__)?__FUSE_REGION_LENGTH__:0x400
                0x00000400                __LOCK_REGION_LENGTH__ = DEFINED (__LOCK_REGION_LENGTH__)?__LOCK_REGION_LENGTH__:0x400
                0x00000400                __SIGNATURE_REGION_LENGTH__ = DEFINED (__SIGNATURE_REGION_LENGTH__)?__SIGNATURE_REGION_LENGTH__:0x400
                0x00000400                __USER_SIGNATURE_REGION_LENGTH__ = DEFINED (__USER_SIGNATURE_REGION_LENGTH__)?__USER_SIGNATURE_REGION_LENGTH__:0x400

.hash
 *(.hash)

.dynsym
 *(.dynsym)

.dynstr
 *(.dynstr)

.gnu.version
 *(.gnu.version)

.gnu.version_d
 *(.gnu.version_d)

.gnu.version_r
 *(.gnu.version_r)

.rel.init
 *(.rel.init)

.rela.init
 *(.rela.init)

.rel.text
 *(.rel.text)
 *(.rel.text.*)
 *(.rel.gnu.linkonce.t*)

.rela.text
 *(.rela.text)
 *(.rela.text.*)
 *(.rela.gnu.linkonce.t*)

.rel.fini
 *(.rel.fini)

.rela.fini
 *(.rela.fini)

.rel.rodata
 *(.rel.rodata)
 *(.rel.rodata.*)
 *(.rel.gnu.linkonce.r*)

.rela.rodata
 *(.rela.rodata)
 *(.rela.rodata.*)
 *(.rela.gnu.linkonce.r*)

.rel.data
 *(.rel.data)
 *(.rel.data.*)
 *(.rel.gnu.linkonce.d*)

.rela.data
 *(.rela.data)
 *(.rela.data.*)
 *(.rela.gnu.linkonce.d*)

.rel.ctors
 *(.rel.ctors)

.rela.ctors
 *(.rela.ctors)

.rel.dtors
 *(.rel.dtors)

.rela.dtors
 *(.rela.dtors)

.rel.got
 *(.rel.got)

.rela.got
 *(.rela.got)

.rel.bss
 *(.rel.bss)

.rela.bss
 *(.rela.bss)

.rel.plt
 *(.rel.plt)

.rela.plt
 *(.rela.plt)

.text           0x00000000     0x26ba
 *(.vectors)
 .vectors       0x00000000       0x68 D:/Programmer/Atmel Studio/7.0/Packs/atmel/ATmega_DFP/1.3.300/gcc/dev/atmega328p/avr5/crtatmega328p.o
                0x00000000                __vector_default
                0x00000000                __vectors
 *(.vectors)
 *(.progmem.gcc*)
                0x00000068                . = ALIGN (0x2)
                0x00000068                __trampolines_start = .
 *(.trampolines)
 .trampolines   0x00000068        0x0 linker stubs
 *(.trampolines*)
                0x00000068                __trampolines_end = .
 *libprintf_flt.a:*(.progmem.data)
 *libc.a:*(.progmem.data)
 *(.progmem*)
 .progmem.data._ZZN8INA233_S15setCallibrationEjE3__c
                0x00000068       0x10 INA233.o
 .progmem.data._ZZN8INA233_S10resetAlarmEvE3__c
                0x00000078        0xc INA233.o
 .progmem.data._ZZN8INA233_S14setAlarmLimitsE19INA233_Alarm_ConfigE3__c_4
                0x00000084       0x19 INA233.o
 .progmem.data._ZZN8INA233_S14setAlarmLimitsE19INA233_Alarm_ConfigE3__c_3
                0x0000009d       0x10 INA233.o
 .progmem.data._ZZN8INA233_S14setAlarmLimitsE19INA233_Alarm_ConfigE3__c_2
                0x000000ad       0x19 INA233.o
 .progmem.data._ZZN8INA233_S14setAlarmLimitsE19INA233_Alarm_ConfigE3__c_1
                0x000000c6       0x10 INA233.o
 .progmem.data._ZZN8INA233_S14setAlarmLimitsE19INA233_Alarm_ConfigE3__c_0
                0x000000d6       0x19 INA233.o
 .progmem.data._ZZN8INA233_S14setAlarmLimitsE19INA233_Alarm_ConfigE3__c
                0x000000ef       0x10 INA233.o
 .progmem.data.digital_pin_to_timer_PGM
                0x000000ff       0x14 D:\Align Racing\GitHub\AR20-21\AR20_PDM\PDM_code\Atmel_studio\PDM_wCANFD\PDM_wCANFD\ArduinoCore\Debug\libArduinoCore.a(wiring_digital.o)
                0x000000ff                digital_pin_to_timer_PGM
 .progmem.data.digital_pin_to_bit_mask_PGM
                0x00000113       0x14 D:\Align Racing\GitHub\AR20-21\AR20_PDM\PDM_code\Atmel_studio\PDM_wCANFD\PDM_wCANFD\ArduinoCore\Debug\libArduinoCore.a(wiring_digital.o)
                0x00000113                digital_pin_to_bit_mask_PGM
 .progmem.data.digital_pin_to_port_PGM
                0x00000127       0x14 D:\Align Racing\GitHub\AR20-21\AR20_PDM\PDM_code\Atmel_studio\PDM_wCANFD\PDM_wCANFD\ArduinoCore\Debug\libArduinoCore.a(wiring_digital.o)
                0x00000127                digital_pin_to_port_PGM
 .progmem.data.port_to_output_PGM
                0x0000013b        0xa D:\Align Racing\GitHub\AR20-21\AR20_PDM\PDM_code\Atmel_studio\PDM_wCANFD\PDM_wCANFD\ArduinoCore\Debug\libArduinoCore.a(wiring_digital.o)
                0x0000013b                port_to_output_PGM
 .progmem.data.port_to_mode_PGM
                0x00000145        0xa D:\Align Racing\GitHub\AR20-21\AR20_PDM\PDM_code\Atmel_studio\PDM_wCANFD\PDM_wCANFD\ArduinoCore\Debug\libArduinoCore.a(wiring_digital.o)
                0x00000145                port_to_mode_PGM
                0x00000150                . = ALIGN (0x2)
 *fill*         0x0000014f        0x1 
 *(.jumptables)
 *(.jumptables*)
 *(.lowtext)
 *(.lowtext*)
                0x00000150                __ctors_start = .
 *(.ctors)
 .ctors         0x00000150        0x2 Sketch.o
 .ctors         0x00000152        0x2 D:\Align Racing\GitHub\AR20-21\AR20_PDM\PDM_code\Atmel_studio\PDM_wCANFD\PDM_wCANFD\ArduinoCore\Debug\libArduinoCore.a(HardwareSerial0.o)
 .ctors         0x00000154        0x2 D:\Align Racing\GitHub\AR20-21\AR20_PDM\PDM_code\Atmel_studio\PDM_wCANFD\PDM_wCANFD\ArduinoCore\Debug\libArduinoCore.a(Wire.o)
                0x00000156                __ctors_end = .
                0x00000156                __dtors_start = .
 *(.dtors)
                0x00000156                __dtors_end = .
 SORT(*)(.ctors)
 SORT(*)(.dtors)
 *(.init0)
 .init0         0x00000156        0x0 D:/Programmer/Atmel Studio/7.0/Packs/atmel/ATmega_DFP/1.3.300/gcc/dev/atmega328p/avr5/crtatmega328p.o
                0x00000156                __init
 *(.init0)
 *(.init1)
 *(.init1)
 *(.init2)
 .init2         0x00000156        0xc D:/Programmer/Atmel Studio/7.0/Packs/atmel/ATmega_DFP/1.3.300/gcc/dev/atmega328p/avr5/crtatmega328p.o
 *(.init2)
 *(.init3)
 *(.init3)
 *(.init4)
 .init4         0x00000162       0x16 d:/programmer/atmel studio/7.0/toolchain/avr8/avr8-gnu-toolchain/bin/../lib/gcc/avr/5.4.0/avr5\libgcc.a(_copy_data.o)
                0x00000162                __do_copy_data
 .init4         0x00000178       0x10 d:/programmer/atmel studio/7.0/toolchain/avr8/avr8-gnu-toolchain/bin/../lib/gcc/avr/5.4.0/avr5\libgcc.a(_clear_bss.o)
                0x00000178                __do_clear_bss
 *(.init4)
 *(.init5)
 *(.init5)
 *(.init6)
 .init6         0x00000188       0x16 d:/programmer/atmel studio/7.0/toolchain/avr8/avr8-gnu-toolchain/bin/../lib/gcc/avr/5.4.0/avr5\libgcc.a(_ctors.o)
                0x00000188                __do_global_ctors
 *(.init6)
 *(.init7)
 *(.init7)
 *(.init8)
 *(.init8)
 *(.init9)
 .init9         0x0000019e        0x8 D:/Programmer/Atmel Studio/7.0/Packs/atmel/ATmega_DFP/1.3.300/gcc/dev/atmega328p/avr5/crtatmega328p.o
 *(.init9)
 *(.text)
 .text          0x000001a6        0x4 D:/Programmer/Atmel Studio/7.0/Packs/atmel/ATmega_DFP/1.3.300/gcc/dev/atmega328p/avr5/crtatmega328p.o
                0x000001a6                __vector_22
                0x000001a6                __vector_1
                0x000001a6                __vector_12
                0x000001a6                __bad_interrupt
                0x000001a6                __vector_6
                0x000001a6                __vector_3
                0x000001a6                __vector_23
                0x000001a6                __vector_25
                0x000001a6                __vector_11
                0x000001a6                __vector_13
                0x000001a6                __vector_17
                0x000001a6                __vector_7
                0x000001a6                __vector_5
                0x000001a6                __vector_4
                0x000001a6                __vector_9
                0x000001a6                __vector_2
                0x000001a6                __vector_21
                0x000001a6                __vector_15
                0x000001a6                __vector_8
                0x000001a6                __vector_14
                0x000001a6                __vector_10
                0x000001a6                __vector_20
                0x000001aa                . = ALIGN (0x2)
 *(.text.*)
 .text._ZN8INA233_SC2Ehjj19INA233_Alarm_Config
                0x000001aa       0x60 INA233.o
                0x000001aa                _ZN8INA233_SC1Ehjj19INA233_Alarm_Config
                0x000001aa                _ZN8INA233_SC2Ehjj19INA233_Alarm_Config
 .text._ZN8INA233_S15transmitCommandEh
                0x0000020a       0x24 INA233.o
                0x0000020a                _ZN8INA233_S15transmitCommandEh
 .text._ZN8INA233_S10resetAlarmEv
                0x0000022e       0x1e INA233.o
                0x0000022e                _ZN8INA233_S10resetAlarmEv
 .text._ZN8INA233_S9resetChipEv
                0x0000024c       0x1e INA233.o
                0x0000024c                _ZN8INA233_S9resetChipEv
 .text._ZN8INA233_S12transmitDataEP19INA233_Data_Packageh
                0x0000026a       0x76 INA233.o
                0x0000026a                _ZN8INA233_S12transmitDataEP19INA233_Data_Packageh
 .text._ZN8INA233_S12receiveData_Ehh
                0x000002e0       0x84 INA233.o
                0x000002e0                _ZN8INA233_S12receiveData_Ehh
 .text._ZN8INA233_S13readbackCheckEP19INA233_Data_Packageh
                0x00000364       0x84 INA233.o
                0x00000364                _ZN8INA233_S13readbackCheckEP19INA233_Data_Packageh
 .text._ZN8INA233_S15setADC_SettingsEj
                0x000003e8       0x6a INA233.o
                0x000003e8                _ZN8INA233_S15setADC_SettingsEj
 .text._ZN8INA233_S15setCallibrationEj
                0x00000452       0x80 INA233.o
                0x00000452                _ZN8INA233_S15setCallibrationEj
 .text._ZN8INA233_S14setAlarmLimitsE19INA233_Alarm_Config
                0x000004d2      0x2ce INA233.o
                0x000004d2                _ZN8INA233_S14setAlarmLimitsE19INA233_Alarm_Config
 .text._ZN8INA233_S10initializeEv
                0x000007a0       0x60 INA233.o
                0x000007a0                _ZN8INA233_S10initializeEv
 .text._ZN8INA233_S10getCurrentEv
                0x00000800       0xa6 INA233.o
                0x00000800                _ZN8INA233_S10getCurrentEv
 .text._ZN8INA233_S17testCommunicationEv
                0x000008a6       0xcc INA233.o
                0x000008a6                _ZN8INA233_S17testCommunicationEv
 .text.setup    0x00000972       0x78 Sketch.o
                0x00000972                setup
 .text._Z29check_INA233_miscommunicationv
                0x000009ea       0x7e Sketch.o
                0x000009ea                _Z29check_INA233_miscommunicationv
 .text._Z11blink_lightv
                0x00000a68       0x6c Sketch.o
                0x00000a68                _Z11blink_lightv
 .text.loop     0x00000ad4       0x44 Sketch.o
                0x00000ad4                loop
 .text.startup._GLOBAL__sub_I_default_address
                0x00000b18      0x216 Sketch.o
 .text.avr-libc.fplib
                0x00000d2e        0xe d:/programmer/atmel studio/7.0/toolchain/avr8/avr8-gnu-toolchain/bin/../lib/gcc/avr/5.4.0/../../../../avr/lib/avr5\libm.a(addsf3.o)
                0x00000d2e                __subsf3
                0x00000d30                __addsf3
 .text.avr-libc.fplib
                0x00000d3c       0xcc d:/programmer/atmel studio/7.0/toolchain/avr8/avr8-gnu-toolchain/bin/../lib/gcc/avr/5.4.0/../../../../avr/lib/avr5\libm.a(addsf3x.o)
                0x00000d5e                __addsf3x
 .text.avr-libc.fplib
                0x00000e08        0x8 d:/programmer/atmel studio/7.0/toolchain/avr8/avr8-gnu-toolchain/bin/../lib/gcc/avr/5.4.0/../../../../avr/lib/avr5\libm.a(divsf3.o)
                0x00000e08                __divsf3
 .text.avr-libc.fplib
                0x00000e10       0xdc d:/programmer/atmel studio/7.0/toolchain/avr8/avr8-gnu-toolchain/bin/../lib/gcc/avr/5.4.0/../../../../avr/lib/avr5\libm.a(divsf3x.o)
                0x00000e30                __divsf3x
                0x00000e36                __divsf3_pse
 .text.avr-libc.fplib
                0x00000eec        0xe d:/programmer/atmel studio/7.0/toolchain/avr8/avr8-gnu-toolchain/bin/../lib/gcc/avr/5.4.0/../../../../avr/lib/avr5\libm.a(fixsfsi.o)
                0x00000eec                __fixsfsi
 .text.avr-libc.fplib
                0x00000efa       0x5e d:/programmer/atmel studio/7.0/toolchain/avr8/avr8-gnu-toolchain/bin/../lib/gcc/avr/5.4.0/../../../../avr/lib/avr5\libm.a(fixunssfsi.o)
                0x00000efa                __fixunssfsi
 .text.avr-libc.fplib
                0x00000f58       0x7a d:/programmer/atmel studio/7.0/toolchain/avr8/avr8-gnu-toolchain/bin/../lib/gcc/avr/5.4.0/../../../../avr/lib/avr5\libm.a(floatsisf.o)
                0x00000f58                __floatunsisf
                0x00000f5c                __floatsisf
 .text.avr-libc.fplib
                0x00000fd2        0xc d:/programmer/atmel studio/7.0/toolchain/avr8/avr8-gnu-toolchain/bin/../lib/gcc/avr/5.4.0/../../../../avr/lib/avr5\libm.a(fp_inf.o)
                0x00000fd2                __fp_inf
 .text.avr-libc.fplib
                0x00000fde        0x6 d:/programmer/atmel studio/7.0/toolchain/avr8/avr8-gnu-toolchain/bin/../lib/gcc/avr/5.4.0/../../../../avr/lib/avr5\libm.a(fp_nan.o)
                0x00000fde                __fp_nan
 .text.avr-libc.fplib
                0x00000fe4        0xe d:/programmer/atmel studio/7.0/toolchain/avr8/avr8-gnu-toolchain/bin/../lib/gcc/avr/5.4.0/../../../../avr/lib/avr5\libm.a(fp_pscA.o)
                0x00000fe4                __fp_pscA
 .text.avr-libc.fplib
                0x00000ff2        0xe d:/programmer/atmel studio/7.0/toolchain/avr8/avr8-gnu-toolchain/bin/../lib/gcc/avr/5.4.0/../../../../avr/lib/avr5\libm.a(fp_pscB.o)
                0x00000ff2                __fp_pscB
 .text.avr-libc.fplib
                0x00001000       0x22 d:/programmer/atmel studio/7.0/toolchain/avr8/avr8-gnu-toolchain/bin/../lib/gcc/avr/5.4.0/../../../../avr/lib/avr5\libm.a(fp_round.o)
                0x00001000                __fp_round
 .text.avr-libc.fplib
                0x00001022       0x44 d:/programmer/atmel studio/7.0/toolchain/avr8/avr8-gnu-toolchain/bin/../lib/gcc/avr/5.4.0/../../../../avr/lib/avr5\libm.a(fp_split3.o)
                0x00001022                __fp_split3
                0x00001032                __fp_splitA
 .text.avr-libc.fplib
                0x00001066        0xe d:/programmer/atmel studio/7.0/toolchain/avr8/avr8-gnu-toolchain/bin/../lib/gcc/avr/5.4.0/../../../../avr/lib/avr5\libm.a(fp_zero.o)
                0x00001066                __fp_zero
                0x00001068                __fp_szero
 .text.avr-libc.fplib
                0x00001074        0xa d:/programmer/atmel studio/7.0/toolchain/avr8/avr8-gnu-toolchain/bin/../lib/gcc/avr/5.4.0/../../../../avr/lib/avr5\libm.a(gesf2.o)
                0x00001074                __gesf2
                0x00001074                __gtsf2
 .text.avr-libc.fplib
                0x0000107e        0x8 d:/programmer/atmel studio/7.0/toolchain/avr8/avr8-gnu-toolchain/bin/../lib/gcc/avr/5.4.0/../../../../avr/lib/avr5\libm.a(mulsf3.o)
                0x0000107e                __mulsf3
 .text.avr-libc.fplib
                0x00001086       0xd2 d:/programmer/atmel studio/7.0/toolchain/avr8/avr8-gnu-toolchain/bin/../lib/gcc/avr/5.4.0/../../../../avr/lib/avr5\libm.a(mulsf3x.o)
                0x000010a4                __mulsf3x
                0x000010aa                __mulsf3_pse
 .text.avr-libc.fplib
                0x00001158       0x48 d:/programmer/atmel studio/7.0/toolchain/avr8/avr8-gnu-toolchain/bin/../lib/gcc/avr/5.4.0/../../../../avr/lib/avr5\libm.a(fp_cmp.o)
                0x00001158                __fp_cmp
 .text._ZN5Print17availableForWriteEv
                0x000011a0        0x6 D:\Align Racing\GitHub\AR20-21\AR20_PDM\PDM_code\Atmel_studio\PDM_wCANFD\PDM_wCANFD\ArduinoCore\Debug\libArduinoCore.a(HardwareSerial0.o)
                0x000011a0                _ZN5Print17availableForWriteEv
 .text.__vector_18
                0x000011a6       0x64 D:\Align Racing\GitHub\AR20-21\AR20_PDM\PDM_code\Atmel_studio\PDM_wCANFD\PDM_wCANFD\ArduinoCore\Debug\libArduinoCore.a(HardwareSerial0.o)
                0x000011a6                __vector_18
 .text.__vector_19
                0x0000120a       0x4c D:\Align Racing\GitHub\AR20-21\AR20_PDM\PDM_code\Atmel_studio\PDM_wCANFD\PDM_wCANFD\ArduinoCore\Debug\libArduinoCore.a(HardwareSerial0.o)
                0x0000120a                __vector_19
 .text._Z17Serial0_availablev
                0x00001256       0x14 D:\Align Racing\GitHub\AR20-21\AR20_PDM\PDM_code\Atmel_studio\PDM_wCANFD\PDM_wCANFD\ArduinoCore\Debug\libArduinoCore.a(HardwareSerial0.o)
                0x00001256                _Z17Serial0_availablev
 .text.startup._GLOBAL__sub_I___vector_18
                0x0000126a       0x5a D:\Align Racing\GitHub\AR20-21\AR20_PDM\PDM_code\Atmel_studio\PDM_wCANFD\PDM_wCANFD\ArduinoCore\Debug\libArduinoCore.a(HardwareSerial0.o)
 .text.initVariant
                0x000012c4        0x2 D:\Align Racing\GitHub\AR20-21\AR20_PDM\PDM_code\Atmel_studio\PDM_wCANFD\PDM_wCANFD\ArduinoCore\Debug\libArduinoCore.a(main.o)
                0x000012c4                initVariant
 .text.startup.main
                0x000012c6       0x1e D:\Align Racing\GitHub\AR20-21\AR20_PDM\PDM_code\Atmel_studio\PDM_wCANFD\PDM_wCANFD\ArduinoCore\Debug\libArduinoCore.a(main.o)
                0x000012c6                main
 .text._ZN5Print5writeEPKhj
                0x000012e4       0x54 D:\Align Racing\GitHub\AR20-21\AR20_PDM\PDM_code\Atmel_studio\PDM_wCANFD\PDM_wCANFD\ArduinoCore\Debug\libArduinoCore.a(Print.o)
                0x000012e4                _ZN5Print5writeEPKhj
 .text._ZN5Print5writeEPKc
                0x00001338       0x2a D:\Align Racing\GitHub\AR20-21\AR20_PDM\PDM_code\Atmel_studio\PDM_wCANFD\PDM_wCANFD\ArduinoCore\Debug\libArduinoCore.a(Print.o)
                0x00001338                _ZN5Print5writeEPKc
 .text._ZN5Print5printEPK19__FlashStringHelper
                0x00001362       0x48 D:\Align Racing\GitHub\AR20-21\AR20_PDM\PDM_code\Atmel_studio\PDM_wCANFD\PDM_wCANFD\ArduinoCore\Debug\libArduinoCore.a(Print.o)
                0x00001362                _ZN5Print5printEPK19__FlashStringHelper
 .text._ZN5Print5printEPKc
                0x000013aa        0x4 D:\Align Racing\GitHub\AR20-21\AR20_PDM\PDM_code\Atmel_studio\PDM_wCANFD\PDM_wCANFD\ArduinoCore\Debug\libArduinoCore.a(Print.o)
                0x000013aa                _ZN5Print5printEPKc
 .text._ZN5Print5printEc
                0x000013ae        0xe D:\Align Racing\GitHub\AR20-21\AR20_PDM\PDM_code\Atmel_studio\PDM_wCANFD\PDM_wCANFD\ArduinoCore\Debug\libArduinoCore.a(Print.o)
                0x000013ae                _ZN5Print5printEc
 .text._ZN5Print7printlnEv
                0x000013bc        0x8 D:\Align Racing\GitHub\AR20-21\AR20_PDM\PDM_code\Atmel_studio\PDM_wCANFD\PDM_wCANFD\ArduinoCore\Debug\libArduinoCore.a(Print.o)
                0x000013bc                _ZN5Print7printlnEv
 .text._ZN5Print7printlnEPK19__FlashStringHelper
                0x000013c4       0x24 D:\Align Racing\GitHub\AR20-21\AR20_PDM\PDM_code\Atmel_studio\PDM_wCANFD\PDM_wCANFD\ArduinoCore\Debug\libArduinoCore.a(Print.o)
                0x000013c4                _ZN5Print7printlnEPK19__FlashStringHelper
 .text._ZN5Print7printlnEPKc
                0x000013e8       0x24 D:\Align Racing\GitHub\AR20-21\AR20_PDM\PDM_code\Atmel_studio\PDM_wCANFD\PDM_wCANFD\ArduinoCore\Debug\libArduinoCore.a(Print.o)
                0x000013e8                _ZN5Print7printlnEPKc
 .text._ZN5Print11printNumberEmh
                0x0000140c       0x92 D:\Align Racing\GitHub\AR20-21\AR20_PDM\PDM_code\Atmel_studio\PDM_wCANFD\PDM_wCANFD\ArduinoCore\Debug\libArduinoCore.a(Print.o)
                0x0000140c                _ZN5Print11printNumberEmh
 .text._ZN5Print5printEmi
                0x0000149e       0x1a D:\Align Racing\GitHub\AR20-21\AR20_PDM\PDM_code\Atmel_studio\PDM_wCANFD\PDM_wCANFD\ArduinoCore\Debug\libArduinoCore.a(Print.o)
                0x0000149e                _ZN5Print5printEmi
 .text._ZN5Print5printEhi
                0x000014b8        0xe D:\Align Racing\GitHub\AR20-21\AR20_PDM\PDM_code\Atmel_studio\PDM_wCANFD\PDM_wCANFD\ArduinoCore\Debug\libArduinoCore.a(Print.o)
                0x000014b8                _ZN5Print5printEhi
 .text._ZN5Print5printEji
                0x000014c6        0xc D:\Align Racing\GitHub\AR20-21\AR20_PDM\PDM_code\Atmel_studio\PDM_wCANFD\PDM_wCANFD\ArduinoCore\Debug\libArduinoCore.a(Print.o)
                0x000014c6                _ZN5Print5printEji
 .text._ZN5Print7printlnEji
                0x000014d2       0x24 D:\Align Racing\GitHub\AR20-21\AR20_PDM\PDM_code\Atmel_studio\PDM_wCANFD\PDM_wCANFD\ArduinoCore\Debug\libArduinoCore.a(Print.o)
                0x000014d2                _ZN5Print7printlnEji
 .text._ZN5Print5printEli
                0x000014f6       0x90 D:\Align Racing\GitHub\AR20-21\AR20_PDM\PDM_code\Atmel_studio\PDM_wCANFD\PDM_wCANFD\ArduinoCore\Debug\libArduinoCore.a(Print.o)
                0x000014f6                _ZN5Print5printEli
 .text._ZN5Print5printEii
                0x00001586        0xe D:\Align Racing\GitHub\AR20-21\AR20_PDM\PDM_code\Atmel_studio\PDM_wCANFD\PDM_wCANFD\ArduinoCore\Debug\libArduinoCore.a(Print.o)
                0x00001586                _ZN5Print5printEii
 .text._ZN5Print7printlnEii
                0x00001594       0x24 D:\Align Racing\GitHub\AR20-21\AR20_PDM\PDM_code\Atmel_studio\PDM_wCANFD\PDM_wCANFD\ArduinoCore\Debug\libArduinoCore.a(Print.o)
                0x00001594                _ZN5Print7printlnEii
 .text._ZN5Print10printFloatEdh
                0x000015b8      0x1b6 D:\Align Racing\GitHub\AR20-21\AR20_PDM\PDM_code\Atmel_studio\PDM_wCANFD\PDM_wCANFD\ArduinoCore\Debug\libArduinoCore.a(Print.o)
                0x000015b8                _ZN5Print10printFloatEdh
 .text._ZN5Print7printlnEdi
                0x0000176e       0x24 D:\Align Racing\GitHub\AR20-21\AR20_PDM\PDM_code\Atmel_studio\PDM_wCANFD\PDM_wCANFD\ArduinoCore\Debug\libArduinoCore.a(Print.o)
                0x0000176e                _ZN5Print7printlnEdi
 .text.__vector_16
                0x00001792       0x94 D:\Align Racing\GitHub\AR20-21\AR20_PDM\PDM_code\Atmel_studio\PDM_wCANFD\PDM_wCANFD\ArduinoCore\Debug\libArduinoCore.a(wiring.o)
                0x00001792                __vector_16
 .text.millis   0x00001826       0x18 D:\Align Racing\GitHub\AR20-21\AR20_PDM\PDM_code\Atmel_studio\PDM_wCANFD\PDM_wCANFD\ArduinoCore\Debug\libArduinoCore.a(wiring.o)
                0x00001826                millis
 .text.micros   0x0000183e       0x4a D:\Align Racing\GitHub\AR20-21\AR20_PDM\PDM_code\Atmel_studio\PDM_wCANFD\PDM_wCANFD\ArduinoCore\Debug\libArduinoCore.a(wiring.o)
                0x0000183e                micros
 .text.init     0x00001888       0x76 D:\Align Racing\GitHub\AR20-21\AR20_PDM\PDM_code\Atmel_studio\PDM_wCANFD\PDM_wCANFD\ArduinoCore\Debug\libArduinoCore.a(wiring.o)
                0x00001888                init
 .text.turnOffPWM
                0x000018fe       0x52 D:\Align Racing\GitHub\AR20-21\AR20_PDM\PDM_code\Atmel_studio\PDM_wCANFD\PDM_wCANFD\ArduinoCore\Debug\libArduinoCore.a(wiring_digital.o)
 .text.pinMode  0x00001950       0x78 D:\Align Racing\GitHub\AR20-21\AR20_PDM\PDM_code\Atmel_studio\PDM_wCANFD\PDM_wCANFD\ArduinoCore\Debug\libArduinoCore.a(wiring_digital.o)
                0x00001950                pinMode
 .text.digitalWrite
                0x000019c8       0x5e D:\Align Racing\GitHub\AR20-21\AR20_PDM\PDM_code\Atmel_studio\PDM_wCANFD\PDM_wCANFD\ArduinoCore\Debug\libArduinoCore.a(wiring_digital.o)
                0x000019c8                digitalWrite
 .text._ZN7TwoWire9availableEv
                0x00001a26       0x10 D:\Align Racing\GitHub\AR20-21\AR20_PDM\PDM_code\Atmel_studio\PDM_wCANFD\PDM_wCANFD\ArduinoCore\Debug\libArduinoCore.a(Wire.o)
                0x00001a26                _ZN7TwoWire9availableEv
 .text._ZN7TwoWire4readEv
                0x00001a36       0x28 D:\Align Racing\GitHub\AR20-21\AR20_PDM\PDM_code\Atmel_studio\PDM_wCANFD\PDM_wCANFD\ArduinoCore\Debug\libArduinoCore.a(Wire.o)
                0x00001a36                _ZN7TwoWire4readEv
 .text._ZN7TwoWire4peekEv
                0x00001a5e       0x1e D:\Align Racing\GitHub\AR20-21\AR20_PDM\PDM_code\Atmel_studio\PDM_wCANFD\PDM_wCANFD\ArduinoCore\Debug\libArduinoCore.a(Wire.o)
                0x00001a5e                _ZN7TwoWire4peekEv
 .text._ZN7TwoWire5flushEv
                0x00001a7c        0x2 D:\Align Racing\GitHub\AR20-21\AR20_PDM\PDM_code\Atmel_studio\PDM_wCANFD\PDM_wCANFD\ArduinoCore\Debug\libArduinoCore.a(Wire.o)
                0x00001a7c                _ZN7TwoWire5flushEv
 .text._ZN7TwoWire16onReceiveServiceEPhi
                0x00001a7e       0x54 D:\Align Racing\GitHub\AR20-21\AR20_PDM\PDM_code\Atmel_studio\PDM_wCANFD\PDM_wCANFD\ArduinoCore\Debug\libArduinoCore.a(Wire.o)
                0x00001a7e                _ZN7TwoWire16onReceiveServiceEPhi
 .text._ZN7TwoWire16onRequestServiceEv
                0x00001ad2       0x18 D:\Align Racing\GitHub\AR20-21\AR20_PDM\PDM_code\Atmel_studio\PDM_wCANFD\PDM_wCANFD\ArduinoCore\Debug\libArduinoCore.a(Wire.o)
                0x00001ad2                _ZN7TwoWire16onRequestServiceEv
 .text._ZN7TwoWire5writeEPKhj
                0x00001aea       0x5a D:\Align Racing\GitHub\AR20-21\AR20_PDM\PDM_code\Atmel_studio\PDM_wCANFD\PDM_wCANFD\ArduinoCore\Debug\libArduinoCore.a(Wire.o)
                0x00001aea                _ZN7TwoWire5writeEPKhj
 .text._ZN7TwoWire5writeEh
                0x00001b44       0x5e D:\Align Racing\GitHub\AR20-21\AR20_PDM\PDM_code\Atmel_studio\PDM_wCANFD\PDM_wCANFD\ArduinoCore\Debug\libArduinoCore.a(Wire.o)
                0x00001b44                _ZN7TwoWire5writeEh
 .text._ZN7TwoWireC2Ev
                0x00001ba2       0x20 D:\Align Racing\GitHub\AR20-21\AR20_PDM\PDM_code\Atmel_studio\PDM_wCANFD\PDM_wCANFD\ArduinoCore\Debug\libArduinoCore.a(Wire.o)
                0x00001ba2                _ZN7TwoWireC1Ev
                0x00001ba2                _ZN7TwoWireC2Ev
 .text._ZN7TwoWire5beginEv
                0x00001bc2       0x24 D:\Align Racing\GitHub\AR20-21\AR20_PDM\PDM_code\Atmel_studio\PDM_wCANFD\PDM_wCANFD\ArduinoCore\Debug\libArduinoCore.a(Wire.o)
                0x00001bc2                _ZN7TwoWire5beginEv
 .text._ZN7TwoWire8setClockEm
                0x00001be6        0x8 D:\Align Racing\GitHub\AR20-21\AR20_PDM\PDM_code\Atmel_studio\PDM_wCANFD\PDM_wCANFD\ArduinoCore\Debug\libArduinoCore.a(Wire.o)
                0x00001be6                _ZN7TwoWire8setClockEm
 .text._ZN7TwoWire17beginTransmissionEh
                0x00001bee       0x14 D:\Align Racing\GitHub\AR20-21\AR20_PDM\PDM_code\Atmel_studio\PDM_wCANFD\PDM_wCANFD\ArduinoCore\Debug\libArduinoCore.a(Wire.o)
                0x00001bee                _ZN7TwoWire17beginTransmissionEh
 .text._ZN7TwoWire15endTransmissionEh
                0x00001c02       0x26 D:\Align Racing\GitHub\AR20-21\AR20_PDM\PDM_code\Atmel_studio\PDM_wCANFD\PDM_wCANFD\ArduinoCore\Debug\libArduinoCore.a(Wire.o)
                0x00001c02                _ZN7TwoWire15endTransmissionEh
 .text._ZN7TwoWire11requestFromEhhmhh
                0x00001c28       0xa8 D:\Align Racing\GitHub\AR20-21\AR20_PDM\PDM_code\Atmel_studio\PDM_wCANFD\PDM_wCANFD\ArduinoCore\Debug\libArduinoCore.a(Wire.o)
                0x00001c28                _ZN7TwoWire11requestFromEhhmhh
 .text._ZN7TwoWire11requestFromEhhh
                0x00001cd0       0x20 D:\Align Racing\GitHub\AR20-21\AR20_PDM\PDM_code\Atmel_studio\PDM_wCANFD\PDM_wCANFD\ArduinoCore\Debug\libArduinoCore.a(Wire.o)
                0x00001cd0                _ZN7TwoWire11requestFromEhhh
 .text._ZN7TwoWire11requestFromEhh
                0x00001cf0        0x6 D:\Align Racing\GitHub\AR20-21\AR20_PDM\PDM_code\Atmel_studio\PDM_wCANFD\PDM_wCANFD\ArduinoCore\Debug\libArduinoCore.a(Wire.o)
                0x00001cf0                _ZN7TwoWire11requestFromEhh
 .text._ZN7TwoWire15endTransmissionEv
                0x00001cf6        0x6 D:\Align Racing\GitHub\AR20-21\AR20_PDM\PDM_code\Atmel_studio\PDM_wCANFD\PDM_wCANFD\ArduinoCore\Debug\libArduinoCore.a(Wire.o)
                0x00001cf6                _ZN7TwoWire15endTransmissionEv
 .text.startup._GLOBAL__sub_I__ZN7TwoWire8rxBufferE
                0x00001cfc        0x8 D:\Align Racing\GitHub\AR20-21\AR20_PDM\PDM_code\Atmel_studio\PDM_wCANFD\PDM_wCANFD\ArduinoCore\Debug\libArduinoCore.a(Wire.o)
 .text._ZN14HardwareSerial9availableEv
                0x00001d04       0x18 D:\Align Racing\GitHub\AR20-21\AR20_PDM\PDM_code\Atmel_studio\PDM_wCANFD\PDM_wCANFD\ArduinoCore\Debug\libArduinoCore.a(HardwareSerial.o)
                0x00001d04                _ZN14HardwareSerial9availableEv
 .text._ZN14HardwareSerial4peekEv
                0x00001d1c       0x1c D:\Align Racing\GitHub\AR20-21\AR20_PDM\PDM_code\Atmel_studio\PDM_wCANFD\PDM_wCANFD\ArduinoCore\Debug\libArduinoCore.a(HardwareSerial.o)
                0x00001d1c                _ZN14HardwareSerial4peekEv
 .text._ZN14HardwareSerial4readEv
                0x00001d38       0x28 D:\Align Racing\GitHub\AR20-21\AR20_PDM\PDM_code\Atmel_studio\PDM_wCANFD\PDM_wCANFD\ArduinoCore\Debug\libArduinoCore.a(HardwareSerial.o)
                0x00001d38                _ZN14HardwareSerial4readEv
 .text._ZN14HardwareSerial17availableForWriteEv
                0x00001d60       0x1e D:\Align Racing\GitHub\AR20-21\AR20_PDM\PDM_code\Atmel_studio\PDM_wCANFD\PDM_wCANFD\ArduinoCore\Debug\libArduinoCore.a(HardwareSerial.o)
                0x00001d60                _ZN14HardwareSerial17availableForWriteEv
 .text._Z14serialEventRunv
                0x00001d7e       0x1c D:\Align Racing\GitHub\AR20-21\AR20_PDM\PDM_code\Atmel_studio\PDM_wCANFD\PDM_wCANFD\ArduinoCore\Debug\libArduinoCore.a(HardwareSerial.o)
                0x00001d7e                _Z14serialEventRunv
 .text._ZN14HardwareSerial17_tx_udr_empty_irqEv
                0x00001d9a       0x44 D:\Align Racing\GitHub\AR20-21\AR20_PDM\PDM_code\Atmel_studio\PDM_wCANFD\PDM_wCANFD\ArduinoCore\Debug\libArduinoCore.a(HardwareSerial.o)
                0x00001d9a                _ZN14HardwareSerial17_tx_udr_empty_irqEv
 .text._ZN14HardwareSerial5writeEh
                0x00001dde       0x9a D:\Align Racing\GitHub\AR20-21\AR20_PDM\PDM_code\Atmel_studio\PDM_wCANFD\PDM_wCANFD\ArduinoCore\Debug\libArduinoCore.a(HardwareSerial.o)
                0x00001dde                _ZN14HardwareSerial5writeEh
 .text._ZN14HardwareSerial5flushEv
                0x00001e78       0x44 D:\Align Racing\GitHub\AR20-21\AR20_PDM\PDM_code\Atmel_studio\PDM_wCANFD\PDM_wCANFD\ArduinoCore\Debug\libArduinoCore.a(HardwareSerial.o)
                0x00001e78                _ZN14HardwareSerial5flushEv
 .text.twi_init
                0x00001ebc       0x3c D:\Align Racing\GitHub\AR20-21\AR20_PDM\PDM_code\Atmel_studio\PDM_wCANFD\PDM_wCANFD\ArduinoCore\Debug\libArduinoCore.a(twi.o)
                0x00001ebc                twi_init
 .text.twi_disable
                0x00001ef8       0x1a D:\Align Racing\GitHub\AR20-21\AR20_PDM\PDM_code\Atmel_studio\PDM_wCANFD\PDM_wCANFD\ArduinoCore\Debug\libArduinoCore.a(twi.o)
                0x00001ef8                twi_disable
 .text.twi_setFrequency
                0x00001f12       0x28 D:\Align Racing\GitHub\AR20-21\AR20_PDM\PDM_code\Atmel_studio\PDM_wCANFD\PDM_wCANFD\ArduinoCore\Debug\libArduinoCore.a(twi.o)
                0x00001f12                twi_setFrequency
 .text.twi_transmit
                0x00001f3a       0x50 D:\Align Racing\GitHub\AR20-21\AR20_PDM\PDM_code\Atmel_studio\PDM_wCANFD\PDM_wCANFD\ArduinoCore\Debug\libArduinoCore.a(twi.o)
                0x00001f3a                twi_transmit
 .text.twi_attachSlaveRxEvent
                0x00001f8a        0xa D:\Align Racing\GitHub\AR20-21\AR20_PDM\PDM_code\Atmel_studio\PDM_wCANFD\PDM_wCANFD\ArduinoCore\Debug\libArduinoCore.a(twi.o)
                0x00001f8a                twi_attachSlaveRxEvent
 .text.twi_attachSlaveTxEvent
                0x00001f94        0xa D:\Align Racing\GitHub\AR20-21\AR20_PDM\PDM_code\Atmel_studio\PDM_wCANFD\PDM_wCANFD\ArduinoCore\Debug\libArduinoCore.a(twi.o)
                0x00001f94                twi_attachSlaveTxEvent
 .text.twi_releaseBus
                0x00001f9e        0xc D:\Align Racing\GitHub\AR20-21\AR20_PDM\PDM_code\Atmel_studio\PDM_wCANFD\PDM_wCANFD\ArduinoCore\Debug\libArduinoCore.a(twi.o)
                0x00001f9e                twi_releaseBus
 .text.twi_handleTimeout
                0x00001faa       0x2c D:\Align Racing\GitHub\AR20-21\AR20_PDM\PDM_code\Atmel_studio\PDM_wCANFD\PDM_wCANFD\ArduinoCore\Debug\libArduinoCore.a(twi.o)
                0x00001faa                twi_handleTimeout
 .text.twi_readFrom
                0x00001fd6      0x1d2 D:\Align Racing\GitHub\AR20-21\AR20_PDM\PDM_code\Atmel_studio\PDM_wCANFD\PDM_wCANFD\ArduinoCore\Debug\libArduinoCore.a(twi.o)
                0x00001fd6                twi_readFrom
 .text.twi_writeTo
                0x000021a8      0x1e0 D:\Align Racing\GitHub\AR20-21\AR20_PDM\PDM_code\Atmel_studio\PDM_wCANFD\PDM_wCANFD\ArduinoCore\Debug\libArduinoCore.a(twi.o)
                0x000021a8                twi_writeTo
 .text.twi_stop
                0x00002388       0x70 D:\Align Racing\GitHub\AR20-21\AR20_PDM\PDM_code\Atmel_studio\PDM_wCANFD\PDM_wCANFD\ArduinoCore\Debug\libArduinoCore.a(twi.o)
                0x00002388                twi_stop
 .text.__vector_24
                0x000023f8      0x25a D:\Align Racing\GitHub\AR20-21\AR20_PDM\PDM_code\Atmel_studio\PDM_wCANFD\PDM_wCANFD\ArduinoCore\Debug\libArduinoCore.a(twi.o)
                0x000023f8                __vector_24
 .text.avr-libc.fplib
                0x00002652        0xa d:/programmer/atmel studio/7.0/toolchain/avr8/avr8-gnu-toolchain/bin/../lib/gcc/avr/5.4.0/../../../../avr/lib/avr5\libm.a(cmpsf2.o)
                0x00002652                __nesf2
                0x00002652                __eqsf2
                0x00002652                __cmpsf2
                0x00002652                __ltsf2
                0x00002652                __lesf2
 .text.avr-libc.fplib
                0x0000265c        0xa d:/programmer/atmel studio/7.0/toolchain/avr8/avr8-gnu-toolchain/bin/../lib/gcc/avr/5.4.0/../../../../avr/lib/avr5\libm.a(unordsf2.o)
                0x0000265c                __unordsf2
 .text.libgcc.div
                0x00002666       0x44 d:/programmer/atmel studio/7.0/toolchain/avr8/avr8-gnu-toolchain/bin/../lib/gcc/avr/5.4.0/avr5\libgcc.a(_udivmodsi4.o)
                0x00002666                __udivmodsi4
 .text.libgcc   0x000026aa        0xc d:/programmer/atmel studio/7.0/toolchain/avr8/avr8-gnu-toolchain/bin/../lib/gcc/avr/5.4.0/avr5\libgcc.a(_tablejump2.o)
                0x000026aa                __tablejump2__
                0x000026b6                . = ALIGN (0x2)
 *(.fini9)
 .fini9         0x000026b6        0x0 d:/programmer/atmel studio/7.0/toolchain/avr8/avr8-gnu-toolchain/bin/../lib/gcc/avr/5.4.0/avr5\libgcc.a(_exit.o)
                0x000026b6                _exit
                0x000026b6                exit
 *(.fini9)
 *(.fini8)
 *(.fini8)
 *(.fini7)
 *(.fini7)
 *(.fini6)
 *(.fini6)
 *(.fini5)
 *(.fini5)
 *(.fini4)
 *(.fini4)
 *(.fini3)
 *(.fini3)
 *(.fini2)
 *(.fini2)
 *(.fini1)
 *(.fini1)
 *(.fini0)
 .fini0         0x000026b6        0x4 d:/programmer/atmel studio/7.0/toolchain/avr8/avr8-gnu-toolchain/bin/../lib/gcc/avr/5.4.0/avr5\libgcc.a(_exit.o)
 *(.fini0)
                0x000026ba                _etext = .

.data           0x00800100      0x14a load address 0x000026ba
                0x00800100                PROVIDE (__data_start, .)
 *(.data)
 *(.data*)
 .data.blink_interval
                0x00800100        0x4 Sketch.o
                0x00800100                blink_interval
 .data.STATE    0x00800104        0x1 Sketch.o
                0x00800104                STATE
 .data.MosfetList
                0x00800105        0x2 Sketch.o
                0x00800105                MosfetList
 .data.SensorList
                0x00800107        0xe Sketch.o
                0x00800107                SensorList
 .data.default_address
                0x00800115        0x2 Sketch.o
                0x00800115                default_address
 *(.gnu.linkonce.d*)
 *(.rodata)
 .rodata        0x00800117        0x7 INA233.o
 *(.rodata*)
 .rodata.str1.1
                0x0080011e       0xf8 INA233.o
 .rodata.str1.1
                0x00800216        0xf D:\Align Racing\GitHub\AR20-21\AR20_PDM\PDM_code\Atmel_studio\PDM_wCANFD\PDM_wCANFD\ArduinoCore\Debug\libArduinoCore.a(Print.o)
 .rodata._ZTV7TwoWire
                0x00800225       0x12 D:\Align Racing\GitHub\AR20-21\AR20_PDM\PDM_code\Atmel_studio\PDM_wCANFD\PDM_wCANFD\ArduinoCore\Debug\libArduinoCore.a(Wire.o)
                0x00800225                _ZTV7TwoWire
 .rodata._ZTV14HardwareSerial
                0x00800237       0x12 D:\Align Racing\GitHub\AR20-21\AR20_PDM\PDM_code\Atmel_studio\PDM_wCANFD\PDM_wCANFD\ArduinoCore\Debug\libArduinoCore.a(HardwareSerial.o)
                0x00800237                _ZTV14HardwareSerial
 *(.gnu.linkonce.r*)
                0x0080024a                . = ALIGN (0x2)
 *fill*         0x00800249        0x1 
                0x0080024a                _edata = .
                0x0080024a                PROVIDE (__data_end, .)

.bss            0x0080024a      0x29b
                0x0080024a                PROVIDE (__bss_start, .)
 *(.bss)
 *(.bss*)
 .bss.blink_time
                0x0080024a        0x4 Sketch.o
                0x0080024a                blink_time
 .bss.p7        0x0080024e        0x1 Sketch.o
                0x0080024e                p7
 .bss.p6        0x0080024f        0x1 Sketch.o
                0x0080024f                p6
 .bss.p5        0x00800250        0x1 Sketch.o
                0x00800250                p5
 .bss.p4        0x00800251        0x1 Sketch.o
                0x00800251                p4
 .bss.p3        0x00800252        0x1 Sketch.o
                0x00800252                p3
 .bss.p2        0x00800253        0x1 Sketch.o
                0x00800253                p2
 .bss.p1        0x00800254        0x1 Sketch.o
                0x00800254                p1
 .bss.Sensor_7  0x00800255       0x20 Sketch.o
                0x00800255                Sensor_7
 .bss.Sensor_6  0x00800275       0x20 Sketch.o
                0x00800275                Sensor_6
 .bss.Sensor_5  0x00800295       0x20 Sketch.o
                0x00800295                Sensor_5
 .bss.Sensor_4  0x008002b5       0x20 Sketch.o
                0x008002b5                Sensor_4
 .bss.Sensor_3  0x008002d5       0x20 Sketch.o
                0x008002d5                Sensor_3
 .bss.Sensor_2  0x008002f5       0x20 Sketch.o
                0x008002f5                Sensor_2
 .bss.Sensor_1  0x00800315       0x20 Sketch.o
                0x00800315                Sensor_1
 .bss.timeStamps
                0x00800335       0x28 Sketch.o
                0x00800335                timeStamps
 .bss._ZL18alarmConfigSensor2
                0x0080035d        0xc Sketch.o
 .bss._ZL18alarmConfigSensor1
                0x00800369        0xc Sketch.o
 .bss.Serial    0x00800375       0x9d D:\Align Racing\GitHub\AR20-21\AR20_PDM\PDM_code\Atmel_studio\PDM_wCANFD\PDM_wCANFD\ArduinoCore\Debug\libArduinoCore.a(HardwareSerial0.o)
                0x00800375                Serial
 .bss.timer0_fract
                0x00800412        0x1 D:\Align Racing\GitHub\AR20-21\AR20_PDM\PDM_code\Atmel_studio\PDM_wCANFD\PDM_wCANFD\ArduinoCore\Debug\libArduinoCore.a(wiring.o)
 .bss.timer0_millis
                0x00800413        0x4 D:\Align Racing\GitHub\AR20-21\AR20_PDM\PDM_code\Atmel_studio\PDM_wCANFD\PDM_wCANFD\ArduinoCore\Debug\libArduinoCore.a(wiring.o)
                0x00800413                timer0_millis
 .bss.timer0_overflow_count
                0x00800417        0x4 D:\Align Racing\GitHub\AR20-21\AR20_PDM\PDM_code\Atmel_studio\PDM_wCANFD\PDM_wCANFD\ArduinoCore\Debug\libArduinoCore.a(wiring.o)
                0x00800417                timer0_overflow_count
 .bss.Wire      0x0080041b        0xc D:\Align Racing\GitHub\AR20-21\AR20_PDM\PDM_code\Atmel_studio\PDM_wCANFD\PDM_wCANFD\ArduinoCore\Debug\libArduinoCore.a(Wire.o)
                0x0080041b                Wire
 .bss._ZN7TwoWire14user_onReceiveE
                0x00800427        0x2 D:\Align Racing\GitHub\AR20-21\AR20_PDM\PDM_code\Atmel_studio\PDM_wCANFD\PDM_wCANFD\ArduinoCore\Debug\libArduinoCore.a(Wire.o)
                0x00800427                _ZN7TwoWire14user_onReceiveE
 .bss._ZN7TwoWire14user_onRequestE
                0x00800429        0x2 D:\Align Racing\GitHub\AR20-21\AR20_PDM\PDM_code\Atmel_studio\PDM_wCANFD\PDM_wCANFD\ArduinoCore\Debug\libArduinoCore.a(Wire.o)
                0x00800429                _ZN7TwoWire14user_onRequestE
 .bss._ZN7TwoWire12transmittingE
                0x0080042b        0x1 D:\Align Racing\GitHub\AR20-21\AR20_PDM\PDM_code\Atmel_studio\PDM_wCANFD\PDM_wCANFD\ArduinoCore\Debug\libArduinoCore.a(Wire.o)
                0x0080042b                _ZN7TwoWire12transmittingE
 .bss._ZN7TwoWire14txBufferLengthE
                0x0080042c        0x1 D:\Align Racing\GitHub\AR20-21\AR20_PDM\PDM_code\Atmel_studio\PDM_wCANFD\PDM_wCANFD\ArduinoCore\Debug\libArduinoCore.a(Wire.o)
                0x0080042c                _ZN7TwoWire14txBufferLengthE
 .bss._ZN7TwoWire13txBufferIndexE
                0x0080042d        0x1 D:\Align Racing\GitHub\AR20-21\AR20_PDM\PDM_code\Atmel_studio\PDM_wCANFD\PDM_wCANFD\ArduinoCore\Debug\libArduinoCore.a(Wire.o)
                0x0080042d                _ZN7TwoWire13txBufferIndexE
 .bss._ZN7TwoWire8txBufferE
                0x0080042e       0x20 D:\Align Racing\GitHub\AR20-21\AR20_PDM\PDM_code\Atmel_studio\PDM_wCANFD\PDM_wCANFD\ArduinoCore\Debug\libArduinoCore.a(Wire.o)
                0x0080042e                _ZN7TwoWire8txBufferE
 .bss._ZN7TwoWire9txAddressE
                0x0080044e        0x1 D:\Align Racing\GitHub\AR20-21\AR20_PDM\PDM_code\Atmel_studio\PDM_wCANFD\PDM_wCANFD\ArduinoCore\Debug\libArduinoCore.a(Wire.o)
                0x0080044e                _ZN7TwoWire9txAddressE
 .bss._ZN7TwoWire14rxBufferLengthE
                0x0080044f        0x1 D:\Align Racing\GitHub\AR20-21\AR20_PDM\PDM_code\Atmel_studio\PDM_wCANFD\PDM_wCANFD\ArduinoCore\Debug\libArduinoCore.a(Wire.o)
                0x0080044f                _ZN7TwoWire14rxBufferLengthE
 .bss._ZN7TwoWire13rxBufferIndexE
                0x00800450        0x1 D:\Align Racing\GitHub\AR20-21\AR20_PDM\PDM_code\Atmel_studio\PDM_wCANFD\PDM_wCANFD\ArduinoCore\Debug\libArduinoCore.a(Wire.o)
                0x00800450                _ZN7TwoWire13rxBufferIndexE
 .bss._ZN7TwoWire8rxBufferE
                0x00800451       0x20 D:\Align Racing\GitHub\AR20-21\AR20_PDM\PDM_code\Atmel_studio\PDM_wCANFD\PDM_wCANFD\ArduinoCore\Debug\libArduinoCore.a(Wire.o)
                0x00800451                _ZN7TwoWire8rxBufferE
 .bss.twi_error
                0x00800471        0x1 D:\Align Racing\GitHub\AR20-21\AR20_PDM\PDM_code\Atmel_studio\PDM_wCANFD\PDM_wCANFD\ArduinoCore\Debug\libArduinoCore.a(twi.o)
 .bss.twi_rxBufferIndex
                0x00800472        0x1 D:\Align Racing\GitHub\AR20-21\AR20_PDM\PDM_code\Atmel_studio\PDM_wCANFD\PDM_wCANFD\ArduinoCore\Debug\libArduinoCore.a(twi.o)
 .bss.twi_rxBuffer
                0x00800473       0x20 D:\Align Racing\GitHub\AR20-21\AR20_PDM\PDM_code\Atmel_studio\PDM_wCANFD\PDM_wCANFD\ArduinoCore\Debug\libArduinoCore.a(twi.o)
 .bss.twi_txBufferLength
                0x00800493        0x1 D:\Align Racing\GitHub\AR20-21\AR20_PDM\PDM_code\Atmel_studio\PDM_wCANFD\PDM_wCANFD\ArduinoCore\Debug\libArduinoCore.a(twi.o)
 .bss.twi_txBufferIndex
                0x00800494        0x1 D:\Align Racing\GitHub\AR20-21\AR20_PDM\PDM_code\Atmel_studio\PDM_wCANFD\PDM_wCANFD\ArduinoCore\Debug\libArduinoCore.a(twi.o)
 .bss.twi_txBuffer
                0x00800495       0x20 D:\Align Racing\GitHub\AR20-21\AR20_PDM\PDM_code\Atmel_studio\PDM_wCANFD\PDM_wCANFD\ArduinoCore\Debug\libArduinoCore.a(twi.o)
 .bss.twi_masterBufferLength
                0x008004b5        0x1 D:\Align Racing\GitHub\AR20-21\AR20_PDM\PDM_code\Atmel_studio\PDM_wCANFD\PDM_wCANFD\ArduinoCore\Debug\libArduinoCore.a(twi.o)
 .bss.twi_masterBufferIndex
                0x008004b6        0x1 D:\Align Racing\GitHub\AR20-21\AR20_PDM\PDM_code\Atmel_studio\PDM_wCANFD\PDM_wCANFD\ArduinoCore\Debug\libArduinoCore.a(twi.o)
 .bss.twi_masterBuffer
                0x008004b7       0x20 D:\Align Racing\GitHub\AR20-21\AR20_PDM\PDM_code\Atmel_studio\PDM_wCANFD\PDM_wCANFD\ArduinoCore\Debug\libArduinoCore.a(twi.o)
 .bss.twi_onSlaveReceive
                0x008004d7        0x2 D:\Align Racing\GitHub\AR20-21\AR20_PDM\PDM_code\Atmel_studio\PDM_wCANFD\PDM_wCANFD\ArduinoCore\Debug\libArduinoCore.a(twi.o)
 .bss.twi_onSlaveTransmit
                0x008004d9        0x2 D:\Align Racing\GitHub\AR20-21\AR20_PDM\PDM_code\Atmel_studio\PDM_wCANFD\PDM_wCANFD\ArduinoCore\Debug\libArduinoCore.a(twi.o)
 .bss.twi_do_reset_on_timeout
                0x008004db        0x1 D:\Align Racing\GitHub\AR20-21\AR20_PDM\PDM_code\Atmel_studio\PDM_wCANFD\PDM_wCANFD\ArduinoCore\Debug\libArduinoCore.a(twi.o)
 .bss.twi_timed_out_flag
                0x008004dc        0x1 D:\Align Racing\GitHub\AR20-21\AR20_PDM\PDM_code\Atmel_studio\PDM_wCANFD\PDM_wCANFD\ArduinoCore\Debug\libArduinoCore.a(twi.o)
 .bss.twi_timeout_us
                0x008004dd        0x4 D:\Align Racing\GitHub\AR20-21\AR20_PDM\PDM_code\Atmel_studio\PDM_wCANFD\PDM_wCANFD\ArduinoCore\Debug\libArduinoCore.a(twi.o)
 .bss.twi_inRepStart
                0x008004e1        0x1 D:\Align Racing\GitHub\AR20-21\AR20_PDM\PDM_code\Atmel_studio\PDM_wCANFD\PDM_wCANFD\ArduinoCore\Debug\libArduinoCore.a(twi.o)
 .bss.twi_sendStop
                0x008004e2        0x1 D:\Align Racing\GitHub\AR20-21\AR20_PDM\PDM_code\Atmel_studio\PDM_wCANFD\PDM_wCANFD\ArduinoCore\Debug\libArduinoCore.a(twi.o)
 .bss.twi_slarw
                0x008004e3        0x1 D:\Align Racing\GitHub\AR20-21\AR20_PDM\PDM_code\Atmel_studio\PDM_wCANFD\PDM_wCANFD\ArduinoCore\Debug\libArduinoCore.a(twi.o)
 .bss.twi_state
                0x008004e4        0x1 D:\Align Racing\GitHub\AR20-21\AR20_PDM\PDM_code\Atmel_studio\PDM_wCANFD\PDM_wCANFD\ArduinoCore\Debug\libArduinoCore.a(twi.o)
 *(COMMON)
                0x008004e5                PROVIDE (__bss_end, .)
                0x000026ba                __data_load_start = LOADADDR (.data)
                0x00002804                __data_load_end = (__data_load_start + SIZEOF (.data))

.noinit         0x008004e5        0x0
                [!provide]                PROVIDE (__noinit_start, .)
 *(.noinit*)
                [!provide]                PROVIDE (__noinit_end, .)
                0x008004e5                _end = .
                [!provide]                PROVIDE (__heap_start, .)

.eeprom         0x00810000        0x0
 *(.eeprom*)
                0x00810000                __eeprom_end = .

.fuse
 *(.fuse)
 *(.lfuse)
 *(.hfuse)
 *(.efuse)

.lock
 *(.lock*)

.signature
 *(.signature*)

.user_signatures
 *(.user_signatures*)

.stab
 *(.stab)

.stabstr
 *(.stabstr)

.stab.excl
 *(.stab.excl)

.stab.exclstr
 *(.stab.exclstr)

.stab.index
 *(.stab.index)

.stab.indexstr
 *(.stab.indexstr)

.comment        0x00000000       0x30
 *(.comment)
 .comment       0x00000000       0x30 INA233.o
                                 0x31 (size before relaxing)
 .comment       0x00000030       0x31 Sketch.o
 .comment       0x00000030       0x31 D:\Align Racing\GitHub\AR20-21\AR20_PDM\PDM_code\Atmel_studio\PDM_wCANFD\PDM_wCANFD\ArduinoCore\Debug\libArduinoCore.a(HardwareSerial0.o)
 .comment       0x00000030       0x31 D:\Align Racing\GitHub\AR20-21\AR20_PDM\PDM_code\Atmel_studio\PDM_wCANFD\PDM_wCANFD\ArduinoCore\Debug\libArduinoCore.a(main.o)
 .comment       0x00000030       0x31 D:\Align Racing\GitHub\AR20-21\AR20_PDM\PDM_code\Atmel_studio\PDM_wCANFD\PDM_wCANFD\ArduinoCore\Debug\libArduinoCore.a(Print.o)
 .comment       0x00000030       0x31 D:\Align Racing\GitHub\AR20-21\AR20_PDM\PDM_code\Atmel_studio\PDM_wCANFD\PDM_wCANFD\ArduinoCore\Debug\libArduinoCore.a(wiring.o)
 .comment       0x00000030       0x31 D:\Align Racing\GitHub\AR20-21\AR20_PDM\PDM_code\Atmel_studio\PDM_wCANFD\PDM_wCANFD\ArduinoCore\Debug\libArduinoCore.a(wiring_digital.o)
 .comment       0x00000030       0x31 D:\Align Racing\GitHub\AR20-21\AR20_PDM\PDM_code\Atmel_studio\PDM_wCANFD\PDM_wCANFD\ArduinoCore\Debug\libArduinoCore.a(Wire.o)
 .comment       0x00000030       0x31 D:\Align Racing\GitHub\AR20-21\AR20_PDM\PDM_code\Atmel_studio\PDM_wCANFD\PDM_wCANFD\ArduinoCore\Debug\libArduinoCore.a(HardwareSerial.o)
 .comment       0x00000030       0x31 D:\Align Racing\GitHub\AR20-21\AR20_PDM\PDM_code\Atmel_studio\PDM_wCANFD\PDM_wCANFD\ArduinoCore\Debug\libArduinoCore.a(twi.o)

.note.gnu.avr.deviceinfo
                0x00000000       0x40
 .note.gnu.avr.deviceinfo
                0x00000000       0x40 D:/Programmer/Atmel Studio/7.0/Packs/atmel/ATmega_DFP/1.3.300/gcc/dev/atmega328p/avr5/crtatmega328p.o

.note.gnu.build-id
 *(.note.gnu.build-id)

.debug
 *(.debug)

.line
 *(.line)

.debug_srcinfo
 *(.debug_srcinfo)

.debug_sfnames
 *(.debug_sfnames)

.debug_aranges  0x00000000      0x500
 *(.debug_aranges)
 .debug_aranges
                0x00000000       0xb8 INA233.o
 .debug_aranges
                0x000000b8       0x40 Sketch.o
 .debug_aranges
                0x000000f8       0x48 D:\Align Racing\GitHub\AR20-21\AR20_PDM\PDM_code\Atmel_studio\PDM_wCANFD\PDM_wCANFD\ArduinoCore\Debug\libArduinoCore.a(HardwareSerial0.o)
 .debug_aranges
                0x00000140       0x30 D:\Align Racing\GitHub\AR20-21\AR20_PDM\PDM_code\Atmel_studio\PDM_wCANFD\PDM_wCANFD\ArduinoCore\Debug\libArduinoCore.a(main.o)
 .debug_aranges
                0x00000170      0x100 D:\Align Racing\GitHub\AR20-21\AR20_PDM\PDM_code\Atmel_studio\PDM_wCANFD\PDM_wCANFD\ArduinoCore\Debug\libArduinoCore.a(Print.o)
 .debug_aranges
                0x00000270       0x48 D:\Align Racing\GitHub\AR20-21\AR20_PDM\PDM_code\Atmel_studio\PDM_wCANFD\PDM_wCANFD\ArduinoCore\Debug\libArduinoCore.a(wiring.o)
 .debug_aranges
                0x000002b8       0x38 D:\Align Racing\GitHub\AR20-21\AR20_PDM\PDM_code\Atmel_studio\PDM_wCANFD\PDM_wCANFD\ArduinoCore\Debug\libArduinoCore.a(wiring_digital.o)
 .debug_aranges
                0x000002f0      0x110 D:\Align Racing\GitHub\AR20-21\AR20_PDM\PDM_code\Atmel_studio\PDM_wCANFD\PDM_wCANFD\ArduinoCore\Debug\libArduinoCore.a(Wire.o)
 .debug_aranges
                0x00000400       0x68 D:\Align Racing\GitHub\AR20-21\AR20_PDM\PDM_code\Atmel_studio\PDM_wCANFD\PDM_wCANFD\ArduinoCore\Debug\libArduinoCore.a(HardwareSerial.o)
 .debug_aranges
                0x00000468       0x98 D:\Align Racing\GitHub\AR20-21\AR20_PDM\PDM_code\Atmel_studio\PDM_wCANFD\PDM_wCANFD\ArduinoCore\Debug\libArduinoCore.a(twi.o)

.debug_pubnames
 *(.debug_pubnames)

.debug_info     0x00000000     0xd04e
 *(.debug_info .gnu.linkonce.wi.*)
 .debug_info    0x00000000      0x5f4 D:/Programmer/Atmel Studio/7.0/Packs/atmel/ATmega_DFP/1.3.300/gcc/dev/atmega328p/avr5/crtatmega328p.o
 .debug_info    0x000005f4     0x1767 INA233.o
 .debug_info    0x00001d5b     0x128e Sketch.o
 .debug_info    0x00002fe9     0x1b16 D:\Align Racing\GitHub\AR20-21\AR20_PDM\PDM_code\Atmel_studio\PDM_wCANFD\PDM_wCANFD\ArduinoCore\Debug\libArduinoCore.a(HardwareSerial0.o)
 .debug_info    0x00004aff      0x237 D:\Align Racing\GitHub\AR20-21\AR20_PDM\PDM_code\Atmel_studio\PDM_wCANFD\PDM_wCANFD\ArduinoCore\Debug\libArduinoCore.a(main.o)
 .debug_info    0x00004d36     0x28ff D:\Align Racing\GitHub\AR20-21\AR20_PDM\PDM_code\Atmel_studio\PDM_wCANFD\PDM_wCANFD\ArduinoCore\Debug\libArduinoCore.a(Print.o)
 .debug_info    0x00007635      0x2cb D:\Align Racing\GitHub\AR20-21\AR20_PDM\PDM_code\Atmel_studio\PDM_wCANFD\PDM_wCANFD\ArduinoCore\Debug\libArduinoCore.a(wiring.o)
 .debug_info    0x00007900      0x5fe D:\Align Racing\GitHub\AR20-21\AR20_PDM\PDM_code\Atmel_studio\PDM_wCANFD\PDM_wCANFD\ArduinoCore\Debug\libArduinoCore.a(wiring_digital.o)
 .debug_info    0x00007efe     0x2910 D:\Align Racing\GitHub\AR20-21\AR20_PDM\PDM_code\Atmel_studio\PDM_wCANFD\PDM_wCANFD\ArduinoCore\Debug\libArduinoCore.a(Wire.o)
 .debug_info    0x0000a80e     0x1f64 D:\Align Racing\GitHub\AR20-21\AR20_PDM\PDM_code\Atmel_studio\PDM_wCANFD\PDM_wCANFD\ArduinoCore\Debug\libArduinoCore.a(HardwareSerial.o)
 .debug_info    0x0000c772      0x8dc D:\Align Racing\GitHub\AR20-21\AR20_PDM\PDM_code\Atmel_studio\PDM_wCANFD\PDM_wCANFD\ArduinoCore\Debug\libArduinoCore.a(twi.o)

.debug_abbrev   0x00000000     0x2665
 *(.debug_abbrev)
 .debug_abbrev  0x00000000      0x5a2 D:/Programmer/Atmel Studio/7.0/Packs/atmel/ATmega_DFP/1.3.300/gcc/dev/atmega328p/avr5/crtatmega328p.o
 .debug_abbrev  0x000005a2      0x3c2 INA233.o
 .debug_abbrev  0x00000964      0x3df Sketch.o
 .debug_abbrev  0x00000d43      0x3ce D:\Align Racing\GitHub\AR20-21\AR20_PDM\PDM_code\Atmel_studio\PDM_wCANFD\PDM_wCANFD\ArduinoCore\Debug\libArduinoCore.a(HardwareSerial0.o)
 .debug_abbrev  0x00001111      0x12d D:\Align Racing\GitHub\AR20-21\AR20_PDM\PDM_code\Atmel_studio\PDM_wCANFD\PDM_wCANFD\ArduinoCore\Debug\libArduinoCore.a(main.o)
 .debug_abbrev  0x0000123e      0x47a D:\Align Racing\GitHub\AR20-21\AR20_PDM\PDM_code\Atmel_studio\PDM_wCANFD\PDM_wCANFD\ArduinoCore\Debug\libArduinoCore.a(Print.o)
 .debug_abbrev  0x000016b8      0x146 D:\Align Racing\GitHub\AR20-21\AR20_PDM\PDM_code\Atmel_studio\PDM_wCANFD\PDM_wCANFD\ArduinoCore\Debug\libArduinoCore.a(wiring.o)
 .debug_abbrev  0x000017fe      0x15b D:\Align Racing\GitHub\AR20-21\AR20_PDM\PDM_code\Atmel_studio\PDM_wCANFD\PDM_wCANFD\ArduinoCore\Debug\libArduinoCore.a(wiring_digital.o)
 .debug_abbrev  0x00001959      0x563 D:\Align Racing\GitHub\AR20-21\AR20_PDM\PDM_code\Atmel_studio\PDM_wCANFD\PDM_wCANFD\ArduinoCore\Debug\libArduinoCore.a(Wire.o)
 .debug_abbrev  0x00001ebc      0x4b7 D:\Align Racing\GitHub\AR20-21\AR20_PDM\PDM_code\Atmel_studio\PDM_wCANFD\PDM_wCANFD\ArduinoCore\Debug\libArduinoCore.a(HardwareSerial.o)
 .debug_abbrev  0x00002373      0x2f2 D:\Align Racing\GitHub\AR20-21\AR20_PDM\PDM_code\Atmel_studio\PDM_wCANFD\PDM_wCANFD\ArduinoCore\Debug\libArduinoCore.a(twi.o)

.debug_line     0x00000000     0x2d0d
 *(.debug_line .debug_line.* .debug_line_end)
 .debug_line    0x00000000      0x133 D:/Programmer/Atmel Studio/7.0/Packs/atmel/ATmega_DFP/1.3.300/gcc/dev/atmega328p/avr5/crtatmega328p.o
 .debug_line    0x00000133      0x7ac INA233.o
 .debug_line    0x000008df      0x395 Sketch.o
 .debug_line    0x00000c74      0x27a D:\Align Racing\GitHub\AR20-21\AR20_PDM\PDM_code\Atmel_studio\PDM_wCANFD\PDM_wCANFD\ArduinoCore\Debug\libArduinoCore.a(HardwareSerial0.o)
 .debug_line    0x00000eee      0x15c D:\Align Racing\GitHub\AR20-21\AR20_PDM\PDM_code\Atmel_studio\PDM_wCANFD\PDM_wCANFD\ArduinoCore\Debug\libArduinoCore.a(main.o)
 .debug_line    0x0000104a      0x673 D:\Align Racing\GitHub\AR20-21\AR20_PDM\PDM_code\Atmel_studio\PDM_wCANFD\PDM_wCANFD\ArduinoCore\Debug\libArduinoCore.a(Print.o)
 .debug_line    0x000016bd      0x290 D:\Align Racing\GitHub\AR20-21\AR20_PDM\PDM_code\Atmel_studio\PDM_wCANFD\PDM_wCANFD\ArduinoCore\Debug\libArduinoCore.a(wiring.o)
 .debug_line    0x0000194d      0x249 D:\Align Racing\GitHub\AR20-21\AR20_PDM\PDM_code\Atmel_studio\PDM_wCANFD\PDM_wCANFD\ArduinoCore\Debug\libArduinoCore.a(wiring_digital.o)
 .debug_line    0x00001b96      0x625 D:\Align Racing\GitHub\AR20-21\AR20_PDM\PDM_code\Atmel_studio\PDM_wCANFD\PDM_wCANFD\ArduinoCore\Debug\libArduinoCore.a(Wire.o)
 .debug_line    0x000021bb      0x4a9 D:\Align Racing\GitHub\AR20-21\AR20_PDM\PDM_code\Atmel_studio\PDM_wCANFD\PDM_wCANFD\ArduinoCore\Debug\libArduinoCore.a(HardwareSerial.o)
 .debug_line    0x00002664      0x6a9 D:\Align Racing\GitHub\AR20-21\AR20_PDM\PDM_code\Atmel_studio\PDM_wCANFD\PDM_wCANFD\ArduinoCore\Debug\libArduinoCore.a(twi.o)

.debug_frame    0x00000000     0x1018
 *(.debug_frame)
 .debug_frame   0x00000000      0x36c INA233.o
 .debug_frame   0x0000036c       0xc4 Sketch.o
 .debug_frame   0x00000430       0xe0 D:\Align Racing\GitHub\AR20-21\AR20_PDM\PDM_code\Atmel_studio\PDM_wCANFD\PDM_wCANFD\ArduinoCore\Debug\libArduinoCore.a(HardwareSerial0.o)
 .debug_frame   0x00000510       0x54 D:\Align Racing\GitHub\AR20-21\AR20_PDM\PDM_code\Atmel_studio\PDM_wCANFD\PDM_wCANFD\ArduinoCore\Debug\libArduinoCore.a(main.o)
 .debug_frame   0x00000564      0x3ac D:\Align Racing\GitHub\AR20-21\AR20_PDM\PDM_code\Atmel_studio\PDM_wCANFD\PDM_wCANFD\ArduinoCore\Debug\libArduinoCore.a(Print.o)
 .debug_frame   0x00000910       0xc4 D:\Align Racing\GitHub\AR20-21\AR20_PDM\PDM_code\Atmel_studio\PDM_wCANFD\PDM_wCANFD\ArduinoCore\Debug\libArduinoCore.a(wiring.o)
 .debug_frame   0x000009d4       0x7c D:\Align Racing\GitHub\AR20-21\AR20_PDM\PDM_code\Atmel_studio\PDM_wCANFD\PDM_wCANFD\ArduinoCore\Debug\libArduinoCore.a(wiring_digital.o)
 .debug_frame   0x00000a50      0x2b0 D:\Align Racing\GitHub\AR20-21\AR20_PDM\PDM_code\Atmel_studio\PDM_wCANFD\PDM_wCANFD\ArduinoCore\Debug\libArduinoCore.a(Wire.o)
 .debug_frame   0x00000d00      0x110 D:\Align Racing\GitHub\AR20-21\AR20_PDM\PDM_code\Atmel_studio\PDM_wCANFD\PDM_wCANFD\ArduinoCore\Debug\libArduinoCore.a(HardwareSerial.o)
 .debug_frame   0x00000e10      0x208 D:\Align Racing\GitHub\AR20-21\AR20_PDM\PDM_code\Atmel_studio\PDM_wCANFD\PDM_wCANFD\ArduinoCore\Debug\libArduinoCore.a(twi.o)

.debug_str      0x00000000     0x3257
 *(.debug_str)
 .debug_str     0x00000000      0x208 D:/Programmer/Atmel Studio/7.0/Packs/atmel/ATmega_DFP/1.3.300/gcc/dev/atmega328p/avr5/crtatmega328p.o
 .debug_str     0x00000208      0x970 INA233.o
                                0xa32 (size before relaxing)
 .debug_str     0x00000b78      0x5eb Sketch.o
                                0xd82 (size before relaxing)
 .debug_str     0x00001163     0x10ef D:\Align Racing\GitHub\AR20-21\AR20_PDM\PDM_code\Atmel_studio\PDM_wCANFD\PDM_wCANFD\ArduinoCore\Debug\libArduinoCore.a(HardwareSerial0.o)
                               0x1419 (size before relaxing)
 .debug_str     0x00002252       0x5a D:\Align Racing\GitHub\AR20-21\AR20_PDM\PDM_code\Atmel_studio\PDM_wCANFD\PDM_wCANFD\ArduinoCore\Debug\libArduinoCore.a(main.o)
                                0x2c5 (size before relaxing)
 .debug_str     0x000022ac      0x2fb D:\Align Racing\GitHub\AR20-21\AR20_PDM\PDM_code\Atmel_studio\PDM_wCANFD\PDM_wCANFD\ArduinoCore\Debug\libArduinoCore.a(Print.o)
                               0x1253 (size before relaxing)
 .debug_str     0x000025a7      0x162 D:\Align Racing\GitHub\AR20-21\AR20_PDM\PDM_code\Atmel_studio\PDM_wCANFD\PDM_wCANFD\ArduinoCore\Debug\libArduinoCore.a(wiring.o)
                                0x25b (size before relaxing)
 .debug_str     0x00002709       0xc7 D:\Align Racing\GitHub\AR20-21\AR20_PDM\PDM_code\Atmel_studio\PDM_wCANFD\PDM_wCANFD\ArduinoCore\Debug\libArduinoCore.a(wiring_digital.o)
                                0x2c0 (size before relaxing)
 .debug_str     0x000027d0      0x590 D:\Align Racing\GitHub\AR20-21\AR20_PDM\PDM_code\Atmel_studio\PDM_wCANFD\PDM_wCANFD\ArduinoCore\Debug\libArduinoCore.a(Wire.o)
                               0x19b6 (size before relaxing)
 .debug_str     0x00002d60      0x2d2 D:\Align Racing\GitHub\AR20-21\AR20_PDM\PDM_code\Atmel_studio\PDM_wCANFD\PDM_wCANFD\ArduinoCore\Debug\libArduinoCore.a(HardwareSerial.o)
                               0x1626 (size before relaxing)
 .debug_str     0x00003032      0x225 D:\Align Racing\GitHub\AR20-21\AR20_PDM\PDM_code\Atmel_studio\PDM_wCANFD\PDM_wCANFD\ArduinoCore\Debug\libArduinoCore.a(twi.o)
                                0x50a (size before relaxing)

.debug_loc      0x00000000     0x55b5
 *(.debug_loc)
 .debug_loc     0x00000000     0x11a1 INA233.o
 .debug_loc     0x000011a1      0x33e Sketch.o
 .debug_loc     0x000014df      0x1b0 D:\Align Racing\GitHub\AR20-21\AR20_PDM\PDM_code\Atmel_studio\PDM_wCANFD\PDM_wCANFD\ArduinoCore\Debug\libArduinoCore.a(HardwareSerial0.o)
 .debug_loc     0x0000168f     0x1c87 D:\Align Racing\GitHub\AR20-21\AR20_PDM\PDM_code\Atmel_studio\PDM_wCANFD\PDM_wCANFD\ArduinoCore\Debug\libArduinoCore.a(Print.o)
 .debug_loc     0x00003316      0x28d D:\Align Racing\GitHub\AR20-21\AR20_PDM\PDM_code\Atmel_studio\PDM_wCANFD\PDM_wCANFD\ArduinoCore\Debug\libArduinoCore.a(wiring.o)
 .debug_loc     0x000035a3      0x5fc D:\Align Racing\GitHub\AR20-21\AR20_PDM\PDM_code\Atmel_studio\PDM_wCANFD\PDM_wCANFD\ArduinoCore\Debug\libArduinoCore.a(wiring_digital.o)
 .debug_loc     0x00003b9f      0xcbb D:\Align Racing\GitHub\AR20-21\AR20_PDM\PDM_code\Atmel_studio\PDM_wCANFD\PDM_wCANFD\ArduinoCore\Debug\libArduinoCore.a(Wire.o)
 .debug_loc     0x0000485a      0x4dc D:\Align Racing\GitHub\AR20-21\AR20_PDM\PDM_code\Atmel_studio\PDM_wCANFD\PDM_wCANFD\ArduinoCore\Debug\libArduinoCore.a(HardwareSerial.o)
 .debug_loc     0x00004d36      0x87f D:\Align Racing\GitHub\AR20-21\AR20_PDM\PDM_code\Atmel_studio\PDM_wCANFD\PDM_wCANFD\ArduinoCore\Debug\libArduinoCore.a(twi.o)

.debug_macinfo
 *(.debug_macinfo)

.debug_weaknames
 *(.debug_weaknames)

.debug_funcnames
 *(.debug_funcnames)

.debug_typenames
 *(.debug_typenames)

.debug_varnames
 *(.debug_varnames)

.debug_pubtypes
 *(.debug_pubtypes)

.debug_ranges   0x00000000      0x490
 *(.debug_ranges)
 .debug_ranges  0x00000000       0xa8 INA233.o
 .debug_ranges  0x000000a8       0x30 Sketch.o
 .debug_ranges  0x000000d8       0x38 D:\Align Racing\GitHub\AR20-21\AR20_PDM\PDM_code\Atmel_studio\PDM_wCANFD\PDM_wCANFD\ArduinoCore\Debug\libArduinoCore.a(HardwareSerial0.o)
 .debug_ranges  0x00000110       0x20 D:\Align Racing\GitHub\AR20-21\AR20_PDM\PDM_code\Atmel_studio\PDM_wCANFD\PDM_wCANFD\ArduinoCore\Debug\libArduinoCore.a(main.o)
 .debug_ranges  0x00000130      0x120 D:\Align Racing\GitHub\AR20-21\AR20_PDM\PDM_code\Atmel_studio\PDM_wCANFD\PDM_wCANFD\ArduinoCore\Debug\libArduinoCore.a(Print.o)
 .debug_ranges  0x00000250       0x38 D:\Align Racing\GitHub\AR20-21\AR20_PDM\PDM_code\Atmel_studio\PDM_wCANFD\PDM_wCANFD\ArduinoCore\Debug\libArduinoCore.a(wiring.o)
 .debug_ranges  0x00000288       0x28 D:\Align Racing\GitHub\AR20-21\AR20_PDM\PDM_code\Atmel_studio\PDM_wCANFD\PDM_wCANFD\ArduinoCore\Debug\libArduinoCore.a(wiring_digital.o)
 .debug_ranges  0x000002b0      0x100 D:\Align Racing\GitHub\AR20-21\AR20_PDM\PDM_code\Atmel_studio\PDM_wCANFD\PDM_wCANFD\ArduinoCore\Debug\libArduinoCore.a(Wire.o)
 .debug_ranges  0x000003b0       0x58 D:\Align Racing\GitHub\AR20-21\AR20_PDM\PDM_code\Atmel_studio\PDM_wCANFD\PDM_wCANFD\ArduinoCore\Debug\libArduinoCore.a(HardwareSerial.o)
 .debug_ranges  0x00000408       0x88 D:\Align Racing\GitHub\AR20-21\AR20_PDM\PDM_code\Atmel_studio\PDM_wCANFD\PDM_wCANFD\ArduinoCore\Debug\libArduinoCore.a(twi.o)

.debug_macro
 *(.debug_macro)
OUTPUT(pdm_sketch.elf elf32-avr)
LOAD linker stubs
